Archive member included to satisfy reference by file (symbol)

app/libapp.a(main.c.obj)      (--whole-archive)
zephyr/libzephyr.a(validate_libc.c.obj)
                              (--whole-archive)
zephyr/libzephyr.a(heap.c.obj)
                              (--whole-archive)
zephyr/libzephyr.a(cbprintf_packaged.c.obj)
                              (--whole-archive)
zephyr/libzephyr.a(clock.c.obj)
                              (--whole-archive)
zephyr/libzephyr.a(printk.c.obj)
                              (--whole-archive)
zephyr/libzephyr.a(sem.c.obj)
                              (--whole-archive)
zephyr/libzephyr.a(thread_entry.c.obj)
                              (--whole-archive)
zephyr/libzephyr.a(cbprintf_complete.c.obj)
                              (--whole-archive)
zephyr/libzephyr.a(assert.c.obj)
                              (--whole-archive)
zephyr/libzephyr.a(dec.c.obj)
                              (--whole-archive)
zephyr/libzephyr.a(hex.c.obj)
                              (--whole-archive)
zephyr/libzephyr.a(rb.c.obj)  (--whole-archive)
zephyr/libzephyr.a(timeutil.c.obj)
                              (--whole-archive)
zephyr/libzephyr.a(bitarray.c.obj)
                              (--whole-archive)
zephyr/libzephyr.a(bitmask.c.obj)
                              (--whole-archive)
zephyr/libzephyr.a(getopt.c.obj)
                              (--whole-archive)
zephyr/libzephyr.a(getopt_common.c.obj)
                              (--whole-archive)
zephyr/libzephyr.a(ring_buffer.c.obj)
                              (--whole-archive)
zephyr/libzephyr.a(last_section_id.c.obj)
                              (--whole-archive)
zephyr/libzephyr.a(configs.c.obj)
                              (--whole-archive)
zephyr/libzephyr.a(soc.c.obj)
                              (--whole-archive)
zephyr/libzephyr.a(tracing_none.c.obj)
                              (--whole-archive)
zephyr/arch/common/libarch__common.a(sw_isr_common.c.obj)
                              (--whole-archive)
zephyr/arch/common/libarch__common.a(init.c.obj)
                              (--whole-archive)
zephyr/arch/common/libarch__common.a(xip.c.obj)
                              (--whole-archive)
zephyr/arch/arch/arm/core/libarch__arm__core.a(fatal.c.obj)
                              (--whole-archive)
zephyr/arch/arch/arm/core/libarch__arm__core.a(nmi.c.obj)
                              (--whole-archive)
zephyr/arch/arch/arm/core/libarch__arm__core.a(nmi_on_reset.S.obj)
                              (--whole-archive)
zephyr/arch/arch/arm/core/libarch__arm__core.a(tls.c.obj)
                              (--whole-archive)
zephyr/arch/arch/arm/core/cortex_m/libarch__arm__core__cortex_m.a(exc_exit.c.obj)
                              (--whole-archive)
zephyr/arch/arch/arm/core/cortex_m/libarch__arm__core__cortex_m.a(fault.c.obj)
                              (--whole-archive)
zephyr/arch/arch/arm/core/cortex_m/libarch__arm__core__cortex_m.a(fault_s.S.obj)
                              (--whole-archive)
zephyr/arch/arch/arm/core/cortex_m/libarch__arm__core__cortex_m.a(fpu.c.obj)
                              (--whole-archive)
zephyr/arch/arch/arm/core/cortex_m/libarch__arm__core__cortex_m.a(reset.S.obj)
                              (--whole-archive)
zephyr/arch/arch/arm/core/cortex_m/libarch__arm__core__cortex_m.a(scb.c.obj)
                              (--whole-archive)
zephyr/arch/arch/arm/core/cortex_m/libarch__arm__core__cortex_m.a(thread_abort.c.obj)
                              (--whole-archive)
zephyr/arch/arch/arm/core/cortex_m/libarch__arm__core__cortex_m.a(vector_table.S.obj)
                              (--whole-archive)
zephyr/arch/arch/arm/core/cortex_m/libarch__arm__core__cortex_m.a(swap_helper.S.obj)
                              (--whole-archive)
zephyr/arch/arch/arm/core/cortex_m/libarch__arm__core__cortex_m.a(irq_manage.c.obj)
                              (--whole-archive)
zephyr/arch/arch/arm/core/cortex_m/libarch__arm__core__cortex_m.a(prep_c.c.obj)
                              (--whole-archive)
zephyr/arch/arch/arm/core/cortex_m/libarch__arm__core__cortex_m.a(thread.c.obj)
                              (--whole-archive)
zephyr/arch/arch/arm/core/cortex_m/libarch__arm__core__cortex_m.a(cpu_idle.c.obj)
                              (--whole-archive)
zephyr/arch/arch/arm/core/cortex_m/libarch__arm__core__cortex_m.a(irq_init.c.obj)
                              (--whole-archive)
zephyr/arch/arch/arm/core/cortex_m/libarch__arm__core__cortex_m.a(isr_wrapper.c.obj)
                              (--whole-archive)
zephyr/arch/arch/arm/core/cortex_m/libarch__arm__core__cortex_m.a(__aeabi_read_tp.S.obj)
                              (--whole-archive)
zephyr/lib/libc/picolibc/liblib__libc__picolibc.a(assert.c.obj)
                              (--whole-archive)
zephyr/lib/libc/picolibc/liblib__libc__picolibc.a(cbprintf.c.obj)
                              (--whole-archive)
[...]
Memory Configuration

Name             Origin             Length             Attributes
BOOT_FLASH       0x0000000010000000 0x0000000000000100 r
FLASH            0x0000000010000100 0x00000000001fff00 xr
RAM              0x0000000020000000 0x0000000000042000 xw
IDT_LIST         0x00000000ffff7fff 0x0000000000008000 xw
*default*        0x0000000000000000 0xffffffffffffffff

Linker script and memory map

                0x0000000010002948                vfprintf = __l_vfprintf
                0x0000000000000000                vfscanf = __l_vfscanf
LOAD zephyr/CMakeFiles/zephyr_final.dir/misc/empty_file.c.obj
LOAD zephyr/CMakeFiles/zephyr_final.dir/isr_tables.c.obj
LOAD zephyr/CMakeFiles/offsets.dir/./arch/arm/core/offsets/offsets.c.obj
LOAD app/libapp.a
LOAD zephyr/libzephyr.a
LOAD zephyr/arch/common/libarch__common.a
LOAD zephyr/arch/arch/arm/core/libarch__arm__core.a
LOAD zephyr/arch/arch/arm/core/cortex_m/libarch__arm__core__cortex_m.a
LOAD zephyr/lib/libc/picolibc/liblib__libc__picolibc.a
LOAD zephyr/lib/libc/common/liblib__libc__common.a
LOAD zephyr/lib/posix/c_lib_ext/liblib__posix__c_lib_ext.a
LOAD zephyr/drivers/clock_control/libdrivers__clock_control.a
LOAD zephyr/drivers/console/libdrivers__console.a
LOAD zephyr/drivers/gpio/libdrivers__gpio.a
LOAD zephyr/drivers/pinctrl/libdrivers__pinctrl.a
LOAD zephyr/drivers/reset/libdrivers__reset.a
LOAD zephyr/drivers/serial/libdrivers__serial.a
LOAD zephyr/drivers/timer/libdrivers__timer.a
LOAD modules/hal_rpi_pico/libmodules__hal_rpi_pico.a
LOAD zephyr/kernel/libkernel.a
LOAD zephyr/arch/common/libisr_tables.a
LOAD /home/ezhil/zephyr-sdk-0.17.4/arm-zephyr-eabi/bin/../lib/gcc/../../picolibc/arm-zephyr-eabi/lib/thumb/v6-m/nofp/libc.a
LOAD /home/ezhil/zephyr-sdk-0.17.4/arm-zephyr-eabi/bin/../lib/gcc/arm-zephyr-eabi/12.2.0/thumb/v6-m/nofp/libgcc.a

.boot2          0x0000000010000000      0x100
 *(SORT_BY_ALIGNMENT(.boot2))
 .boot2         0x0000000010000000      0x100 modules/hal_rpi_pico/libmodules__hal_rpi_pico.a(boot_stage2.S.obj)
                0x0000000000000004                _region_min_align = 0x4

.rel.plt        0x0000000010000100        0x0
 *(SORT_BY_ALIGNMENT(.rel.plt))
                [!provide]                        PROVIDE (__rel_iplt_start = .)
 *(SORT_BY_ALIGNMENT(.rel.iplt))
 .rel.iplt      0x0000000010000100        0x0 zephyr/CMakeFiles/zephyr_final.dir/isr_tables.c.obj
                [!provide]                        PROVIDE (__rel_iplt_end = .)

.rela.plt       0x0000000010000100        0x0
 *(SORT_BY_ALIGNMENT(.rela.plt))
                [!provide]                        PROVIDE (__rela_iplt_start = .)
 *(SORT_BY_ALIGNMENT(.rela.iplt))
                [!provide]                        PROVIDE (__rela_iplt_end = .)

.rel.dyn
 *(SORT_BY_ALIGNMENT(.rel.*))

.rela.dyn
 *(SORT_BY_ALIGNMENT(.rela.*))

/DISCARD/
 *(SORT_BY_ALIGNMENT(.plt))

/DISCARD/
 *(SORT_BY_ALIGNMENT(.iplt))
                0x0000000010000100                __rom_region_start = 0x10000100

rom_start       0x0000000010000100       0xa8
                0x0000000010000100                __rom_start_address = .
 FILL mask 0x00
                0x0000000010000100                . = (. + (0x0 - (. - __rom_start_address)))
                0x0000000010000100                . = ALIGN (0x4)
                0x0000000010000100                . = ALIGN (0x100)
                0x0000000010000100                . = ALIGN (0x100)
                0x0000000010000100                _vector_start = .
 *(SORT_BY_ALIGNMENT(.exc_vector_table))
 *(SORT_BY_ALIGNMENT(.exc_vector_table.*))
 .exc_vector_table._vector_table_section
                0x0000000010000100       0x40 zephyr/arch/arch/arm/core/cortex_m/libarch__arm__core__cortex_m.a(vector_table.S.obj)
                0x0000000010000100                _vector_table
 *(SORT_BY_ALIGNMENT(.vectors))
                0x00000000100001a8                _vector_end = .
                0x0000000010000140                . = ALIGN (0x4)
 *(SORT_BY_ALIGNMENT(.gnu.linkonce.irq_vector_table*))
 .gnu.linkonce.irq_vector_table
                0x0000000010000140       0x68 zephyr/CMakeFiles/zephyr_final.dir/isr_tables.c.obj
                0x0000000010000140                _irq_vector_table
                0x00000000100001a8                _vector_end = .

text            0x00000000100001a8     0x373c
                0x00000000100001a8                __text_region_start = .
 *(SORT_BY_ALIGNMENT(.text))
 .text          0x00000000100001a8       0x14 /home/ezhil/zephyr-sdk-0.17.4/arm-zephyr-eabi/bin/../lib/gcc/arm-zephyr-eabi/12.2.0/thumb/v6-m/nofp/libgcc.a(_thumb1_case_uqi.o)
                0x00000000100001a8                __gnu_thumb1_case_uqi
 .text          0x00000000100001bc       0x8c /home/ezhil/zephyr-sdk-0.17.4/arm-zephyr-eabi/bin/../lib/gcc/arm-zephyr-eabi/12.2.0/thumb/v6-m/nofp/libgcc.a(_udivsi3.o)
                0x00000000100001bc                __udivsi3
                0x00000000100001bc                __aeabi_uidiv
                0x0000000010000234                __aeabi_uidivmod
 .text          0x0000000010000248        0x4 /home/ezhil/zephyr-sdk-0.17.4/arm-zephyr-eabi/bin/../lib/gcc/arm-zephyr-eabi/12.2.0/thumb/v6-m/nofp/libgcc.a(_dvmd_tls.o)
                0x0000000010000248                __aeabi_ldiv0
                0x0000000010000248                __aeabi_idiv0
 .text          0x000000001000024c       0x18 /home/ezhil/zephyr-sdk-0.17.4/arm-zephyr-eabi/bin/../lib/gcc/arm-zephyr-eabi/12.2.0/thumb/v6-m/nofp/libgcc.a(_lshrdi3.o)
                0x000000001000024c                __aeabi_llsr
                0x000000001000024c                __lshrdi3
 .text          0x0000000010000264       0x3c /home/ezhil/zephyr-sdk-0.17.4/arm-zephyr-eabi/bin/../lib/gcc/arm-zephyr-eabi/12.2.0/thumb/v6-m/nofp/libgcc.a(_clzsi2.o)
                0x0000000010000264                __clzsi2
 .text          0x00000000100002a0       0x40 /home/ezhil/zephyr-sdk-0.17.4/arm-zephyr-eabi/bin/../lib/gcc/arm-zephyr-eabi/12.2.0/thumb/v6-m/nofp/libgcc.a(_aeabi_uldivmod.o)
                0x00000000100002a0                __aeabi_uldivmod
 .text          0x00000000100002e0      0x2e8 /home/ezhil/zephyr-sdk-0.17.4/arm-zephyr-eabi/bin/../lib/gcc/arm-zephyr-eabi/12.2.0/thumb/v6-m/nofp/libgcc.a(addsf3.o)
                0x00000000100002e0                __aeabi_fadd
 .text          0x00000000100005c8      0x1c4 /home/ezhil/zephyr-sdk-0.17.4/arm-zephyr-eabi/bin/../lib/gcc/arm-zephyr-eabi/12.2.0/thumb/v6-m/nofp/libgcc.a(divsf3.o)
                0x00000000100005c8                __aeabi_fdiv
 .text          0x000000001000078c      0x1ec /home/ezhil/zephyr-sdk-0.17.4/arm-zephyr-eabi/bin/../lib/gcc/arm-zephyr-eabi/12.2.0/thumb/v6-m/nofp/libgcc.a(mulsf3.o)
                0x000000001000078c                __aeabi_fmul
 .text          0x0000000010000978       0x3c /home/ezhil/zephyr-sdk-0.17.4/arm-zephyr-eabi/bin/../lib/gcc/arm-zephyr-eabi/12.2.0/thumb/v6-m/nofp/libgcc.a(fixsfsi.o)
                0x0000000010000978                __aeabi_f2iz
 .text          0x00000000100009b4       0x78 /home/ezhil/zephyr-sdk-0.17.4/arm-zephyr-eabi/bin/../lib/gcc/arm-zephyr-eabi/12.2.0/thumb/v6-m/nofp/libgcc.a(floatunsisf.o)
                0x00000000100009b4                __aeabi_ui2f
 .text          0x0000000010000a2c       0x18 /home/ezhil/zephyr-sdk-0.17.4/arm-zephyr-eabi/bin/../lib/gcc/arm-zephyr-eabi/12.2.0/thumb/v6-m/nofp/libgcc.a(_ashldi3.o)
                0x0000000010000a2c                __ashldi3
                0x0000000010000a2c                __aeabi_llsl
 .text          0x0000000010000a44       0x18 /home/ezhil/zephyr-sdk-0.17.4/arm-zephyr-eabi/bin/../lib/gcc/arm-zephyr-eabi/12.2.0/thumb/v6-m/nofp/libgcc.a(_clzdi2.o)
                0x0000000010000a44                __clzdi2
 .text          0x0000000010000a5c       0xde /home/ezhil/zephyr-sdk-0.17.4/arm-zephyr-eabi/bin/../lib/gcc/arm-zephyr-eabi/12.2.0/thumb/v6-m/nofp/libgcc.a(_udivmoddi4.o)
                0x0000000010000a5c                __udivmoddi4
 *(SORT_BY_ALIGNMENT(.text.*))
 *fill*         0x0000000010000b3a        0x2 
 .text.thread0  0x0000000010000b3c       0x18 app/libapp.a(main.c.obj)
                0x0000000010000b3c                thread0
 .text.thread1  0x0000000010000b54       0x18 app/libapp.a(main.c.obj)
                0x0000000010000b54                thread1
 .text.char_out
                0x0000000010000b6c       0x10 zephyr/libzephyr.a(printk.c.obj)
 .text.__printk_hook_install
                0x0000000010000b7c        0xc zephyr/libzephyr.a(printk.c.obj)
                0x0000000010000b7c                __printk_hook_install
 .text.vprintk  0x0000000010000b88       0x30 zephyr/libzephyr.a(printk.c.obj)
                0x0000000010000b88                vprintk
 .text.z_thread_entry
                0x0000000010000bb8       0x30 zephyr/libzephyr.a(thread_entry.c.obj)
                0x0000000010000bb8                z_thread_entry
 .text.arch_bss_zero
                0x0000000010000be8       0x18 zephyr/arch/common/libarch__common.a(init.c.obj)
                0x0000000010000be8                arch_bss_zero
 .text.arch_data_copy
                0x0000000010000c00       0x34 zephyr/arch/common/libarch__common.a(xip.c.obj)
                0x0000000010000c00                arch_data_copy
 .text.z_arm_fatal_error
                0x0000000010000c34       0x60 zephyr/arch/arch/arm/core/libarch__arm__core.a(fatal.c.obj)
                0x0000000010000c34                z_arm_fatal_error
 .text.z_SysNmiOnReset
                0x0000000010000c94        0x4 zephyr/arch/arch/arm/core/libarch__arm__core.a(nmi_on_reset.S.obj)
                0x0000000010000c94                z_SysNmiOnReset
 .text.arch_tls_stack_setup
                0x0000000010000c98       0x38 zephyr/arch/arch/arm/core/libarch__arm__core.a(tls.c.obj)
                0x0000000010000c98                arch_tls_stack_setup
 .text._HandlerModeExit
                0x0000000010000cd0       0x20 zephyr/arch/arch/arm/core/cortex_m/libarch__arm__core__cortex_m.a(exc_exit.c.obj)
                0x0000000010000cd0                z_arm_exc_exit
                0x0000000010000cd0                z_arm_int_exit
 .text.z_arm_fault
                0x0000000010000cf0       0xec zephyr/arch/arch/arm/core/cortex_m/libarch__arm__core__cortex_m.a(fault.c.obj)
                0x0000000010000cf0                z_arm_fault
 .text.z_arm_fault_init
                0x0000000010000ddc       0x10 zephyr/arch/arch/arm/core/cortex_m/libarch__arm__core__cortex_m.a(fault.c.obj)
                0x0000000010000ddc                z_arm_fault_init
 .text.__fault  0x0000000010000dec       0x14 zephyr/arch/arch/arm/core/cortex_m/libarch__arm__core__cortex_m.a(fault_s.S.obj)
                0x0000000010000dec                z_arm_exc_spurious
                0x0000000010000dec                z_arm_hard_fault
 .text._reset_section
                0x0000000010000e00       0x34 zephyr/arch/arch/arm/core/cortex_m/libarch__arm__core__cortex_m.a(reset.S.obj)
                0x0000000010000e00                z_arm_reset
                0x0000000010000e00                __start
 .text.z_impl_k_thread_abort
                0x0000000010000e34       0x38 zephyr/arch/arch/arm/core/cortex_m/libarch__arm__core__cortex_m.a(thread_abort.c.obj)
                0x0000000010000e34                z_impl_k_thread_abort
 .text.z_arm_pendsv
                0x0000000010000e6c       0x70 zephyr/arch/arch/arm/core/cortex_m/libarch__arm__core__cortex_m.a(swap_helper.S.obj)
                0x0000000010000e6c                z_arm_pendsv
 .text.z_arm_svc
                0x0000000010000edc       0x28 zephyr/arch/arch/arm/core/cortex_m/libarch__arm__core__cortex_m.a(swap_helper.S.obj)
                0x0000000010000edc                z_arm_svc
 .text.arm_irq_enable
                0x0000000010000f04       0x18 zephyr/arch/arch/arm/core/cortex_m/libarch__arm__core__cortex_m.a(irq_manage.c.obj)
                0x0000000010000f04                arm_irq_enable
 .text.arm_irq_priority_set
                0x0000000010000f1c       0x54 zephyr/arch/arch/arm/core/cortex_m/libarch__arm__core__cortex_m.a(irq_manage.c.obj)
                0x0000000010000f1c                arm_irq_priority_set
 .text.relocate_vector_table
                0x0000000010000f70       0x1c zephyr/arch/arch/arm/core/cortex_m/libarch__arm__core__cortex_m.a(prep_c.c.obj)
                0x0000000010000f70                relocate_vector_table
 .text.arch_new_thread
                0x0000000010000f8c       0x2c zephyr/arch/arch/arm/core/cortex_m/libarch__arm__core__cortex_m.a(thread.c.obj)
                0x0000000010000f8c                arch_new_thread
 .text.arch_switch_to_main_thread
                0x0000000010000fb8       0x38 zephyr/arch/arch/arm/core/cortex_m/libarch__arm__core__cortex_m.a(thread.c.obj)
                0x0000000010000fb8                arch_switch_to_main_thread
 .text.z_arm_cpu_idle_init
                0x0000000010000ff0        0xc zephyr/arch/arch/arm/core/cortex_m/libarch__arm__core__cortex_m.a(cpu_idle.c.obj)
                0x0000000010000ff0                z_arm_cpu_idle_init
 .text.z_arm_interrupt_init
                0x0000000010000ffc       0x30 zephyr/arch/arch/arm/core/cortex_m/libarch__arm__core__cortex_m.a(irq_init.c.obj)
                0x0000000010000ffc                z_arm_interrupt_init
 .text._isr_wrapper
                0x000000001000102c       0x20 zephyr/arch/arch/arm/core/cortex_m/libarch__arm__core__cortex_m.a(isr_wrapper.c.obj)
                0x000000001000102c                _isr_wrapper
 .text.z_impl_zephyr_fputc
                0x000000001000104c       0x10 zephyr/lib/libc/picolibc/liblib__libc__picolibc.a(stdio.c.obj)
                0x000000001000104c                z_impl_zephyr_fputc
 .text.__stdout_hook_install
                0x000000001000105c       0x18 zephyr/lib/libc/picolibc/liblib__libc__picolibc.a(stdio.c.obj)
                0x000000001000105c                __stdout_hook_install
 .text.abort    0x0000000010001074       0x18 zephyr/lib/libc/common/liblib__libc__common.a(abort.c.obj)
                0x0000000010001074                abort
 .text.malloc_prepare
                0x000000001000108c       0x24 zephyr/lib/libc/common/liblib__libc__common.a(malloc.c.obj)
 .text.clock_control_rpi_pico_on
                0x00000000100010b0       0x40 zephyr/drivers/clock_control/libdrivers__clock_control.a(clock_control_rpi_pico.c.obj)
 .text.clock_control_rpi_pico_off
                0x00000000100010f0       0x40 zephyr/drivers/clock_control/libdrivers__clock_control.a(clock_control_rpi_pico.c.obj)
 .text.rpi_pico_rosc_write.constprop.0
                0x0000000010001130       0x30 zephyr/drivers/clock_control/libdrivers__clock_control.a(clock_control_rpi_pico.c.obj)
 .text.rpi_pico_get_clock_src.isra.0
                0x0000000010001160       0x9c zephyr/drivers/clock_control/libdrivers__clock_control.a(clock_control_rpi_pico.c.obj)
 .text.rpi_pico_calc_clock_freq
                0x00000000100011fc      0x104 zephyr/drivers/clock_control/libdrivers__clock_control.a(clock_control_rpi_pico.c.obj)
 .text.clock_control_rpi_pico_init
                0x0000000010001300      0x1c8 zephyr/drivers/clock_control/libdrivers__clock_control.a(clock_control_rpi_pico.c.obj)
 .text.uart_console_init
                0x00000000100014c8       0x2c zephyr/drivers/console/libdrivers__console.a(uart_console.c.obj)
 .text.console_out
                0x00000000100014f4       0x28 zephyr/drivers/console/libdrivers__console.a(uart_console.c.obj)
 .text.gpio_rpi_get_pending_int
                0x000000001000151c       0x30 zephyr/drivers/gpio/libdrivers__gpio.a(gpio_rpi_pico.c.obj)
 .text.gpio_rpi_isr
                0x000000001000154c       0x84 zephyr/drivers/gpio/libdrivers__gpio.a(gpio_rpi_pico.c.obj)
 .text.gpio_rpi_configure
                0x00000000100015d0       0xbc zephyr/drivers/gpio/libdrivers__gpio.a(gpio_rpi_pico.c.obj)
 .text.reset_rpi_status
                0x000000001000168c       0x18 zephyr/drivers/reset/libdrivers__reset.a(reset_rpi_pico.c.obj)
 .text.reset_rpi_line_assert
                0x00000000100016a4       0x10 zephyr/drivers/reset/libdrivers__reset.a(reset_rpi_pico.c.obj)
 .text.reset_rpi_line_deassert
                0x00000000100016b4       0x1c zephyr/drivers/reset/libdrivers__reset.a(reset_rpi_pico.c.obj)
 .text.reset_rpi_line_toggle
                0x00000000100016d0       0x24 zephyr/drivers/reset/libdrivers__reset.a(reset_rpi_pico.c.obj)
 .text.pl011_poll_in
                0x00000000100016f4       0x34 zephyr/drivers/serial/libdrivers__serial.a(uart_pl011.c.obj)
 .text.pl011_irq_err_disable
                0x0000000010001728       0x14 zephyr/drivers/serial/libdrivers__serial.a(uart_pl011.c.obj)
 .text.pl011_runtime_configure_internal
                0x000000001000173c      0x154 zephyr/drivers/serial/libdrivers__serial.a(uart_pl011.c.obj)
 .text.pl011_init
                0x0000000010001890      0x11c zephyr/drivers/serial/libdrivers__serial.a(uart_pl011.c.obj)
 .text.elapsed  0x00000000100019ac       0x54 zephyr/drivers/timer/libdrivers__timer.a(cortex_m_systick.c.obj)
 .text.sys_clock_driver_init
                0x0000000010001a00       0x3c zephyr/drivers/timer/libdrivers__timer.a(cortex_m_systick.c.obj)
 .text.sys_clock_isr
                0x0000000010001a3c       0x58 zephyr/drivers/timer/libdrivers__timer.a(cortex_m_systick.c.obj)
                0x0000000010001a3c                sys_clock_isr
 .text.sys_clock_set_timeout
                0x0000000010001a94      0x118 zephyr/drivers/timer/libdrivers__timer.a(cortex_m_systick.c.obj)
                0x0000000010001a94                sys_clock_set_timeout
 .text.sys_clock_elapsed
                0x0000000010001bac       0x38 zephyr/drivers/timer/libdrivers__timer.a(cortex_m_systick.c.obj)
                0x0000000010001bac                sys_clock_elapsed
 .text.sys_clock_cycle_get_32
                0x0000000010001be4       0x24 zephyr/drivers/timer/libdrivers__timer.a(cortex_m_systick.c.obj)
                0x0000000010001be4                sys_clock_cycle_get_32
 .text.clock_configure_internal
                0x0000000010001c08       0xbc modules/hal_rpi_pico/libmodules__hal_rpi_pico.a(clocks.c.obj)
 .text.pll_init
                0x0000000010001cc4       0xcc modules/hal_rpi_pico/libmodules__hal_rpi_pico.a(pll.c.obj)
                0x0000000010001cc4                pll_init
 .text.xosc_init
                0x0000000010001d90       0x28 modules/hal_rpi_pico/libmodules__hal_rpi_pico.a(xosc.c.obj)
                0x0000000010001d90                xosc_init
 .text.tick_start
                0x0000000010001db8       0x10 modules/hal_rpi_pico/libmodules__hal_rpi_pico.a(ticks.c.obj)
                0x0000000010001db8                tick_start
 .text._gpio_set_irq_enabled
                0x0000000010001dc8       0x30 modules/hal_rpi_pico/libmodules__hal_rpi_pico.a(gpio.c.obj)
 .text.gpio_set_function
                0x0000000010001df8       0x30 modules/hal_rpi_pico/libmodules__hal_rpi_pico.a(gpio.c.obj)
                0x0000000010001df8                gpio_set_function
 .text.gpio_set_pulls
                0x0000000010001e28       0x24 modules/hal_rpi_pico/libmodules__hal_rpi_pico.a(gpio.c.obj)
                0x0000000010001e28                gpio_set_pulls
 .text.gpio_set_irqover
                0x0000000010001e4c       0x24 modules/hal_rpi_pico/libmodules__hal_rpi_pico.a(gpio.c.obj)
                0x0000000010001e4c                gpio_set_irqover
 .text.gpio_set_inover
                0x0000000010001e70       0x24 modules/hal_rpi_pico/libmodules__hal_rpi_pico.a(gpio.c.obj)
                0x0000000010001e70                gpio_set_inover
 .text.gpio_set_outover
                0x0000000010001e94       0x24 modules/hal_rpi_pico/libmodules__hal_rpi_pico.a(gpio.c.obj)
                0x0000000010001e94                gpio_set_outover
 .text.gpio_set_oeover
                0x0000000010001eb8       0x24 modules/hal_rpi_pico/libmodules__hal_rpi_pico.a(gpio.c.obj)
                0x0000000010001eb8                gpio_set_oeover
 .text.gpio_set_input_hysteresis_enabled
                0x0000000010001edc       0x1c modules/hal_rpi_pico/libmodules__hal_rpi_pico.a(gpio.c.obj)
                0x0000000010001edc                gpio_set_input_hysteresis_enabled
 .text.gpio_set_slew_rate
                0x0000000010001ef8       0x20 modules/hal_rpi_pico/libmodules__hal_rpi_pico.a(gpio.c.obj)
                0x0000000010001ef8                gpio_set_slew_rate
 .text.gpio_set_drive_strength
                0x0000000010001f18       0x20 modules/hal_rpi_pico/libmodules__hal_rpi_pico.a(gpio.c.obj)
                0x0000000010001f18                gpio_set_drive_strength
 .text.gpio_set_irq_enabled
                0x0000000010001f38       0x20 modules/hal_rpi_pico/libmodules__hal_rpi_pico.a(gpio.c.obj)
                0x0000000010001f38                gpio_set_irq_enabled
 .text.gpio_set_input_enabled
                0x0000000010001f58       0x1c modules/hal_rpi_pico/libmodules__hal_rpi_pico.a(gpio.c.obj)
                0x0000000010001f58                gpio_set_input_enabled
 .text.z_fatal_error
                0x0000000010001f74       0x28 zephyr/kernel/libkernel.a(fatal.c.obj)
                0x0000000010001f74                z_fatal_error
 .text.z_sys_init_run_level
                0x0000000010001f9c       0x34 zephyr/kernel/libkernel.a(init.c.obj)
 .text.bg_thread_main
                0x0000000010001fd0       0xa8 zephyr/kernel/libkernel.a(init.c.obj)
 .text.z_init_cpu
                0x0000000010002078       0x68 zephyr/kernel/libkernel.a(init.c.obj)
                0x0000000010002078                z_init_cpu
 .text.z_cstart
                0x00000000100020e0       0xac zephyr/kernel/libkernel.a(init.c.obj)
                0x00000000100020e0                z_cstart
 .text.z_setup_new_thread
                0x000000001000218c       0x74 zephyr/kernel/libkernel.a(thread.c.obj)
                0x000000001000218c                z_setup_new_thread
 .text.z_dummy_thread_init
                0x0000000010002200       0x14 zephyr/kernel/libkernel.a(thread.c.obj)
                0x0000000010002200                z_dummy_thread_init
 .text.z_swap_irqlock
                0x0000000010002214       0x2c zephyr/kernel/libkernel.a(sched.c.obj)
 .text.ready_thread
                0x0000000010002240       0x8c zephyr/kernel/libkernel.a(sched.c.obj)
 .text.move_current_to_end_of_prio_q
                0x00000000100022cc       0x78 zephyr/kernel/libkernel.a(sched.c.obj)
                0x00000000100022cc                move_current_to_end_of_prio_q
 .text.z_reschedule
                0x0000000010002344       0x2c zephyr/kernel/libkernel.a(sched.c.obj)
                0x0000000010002344                z_reschedule
 .text.z_reschedule_irqlock
                0x0000000010002370       0x2c zephyr/kernel/libkernel.a(sched.c.obj)
                0x0000000010002370                z_reschedule_irqlock
 .text.k_sched_lock
                0x000000001000239c       0x20 zephyr/kernel/libkernel.a(sched.c.obj)
                0x000000001000239c                k_sched_lock
 .text.k_sched_unlock
                0x00000000100023bc       0x60 zephyr/kernel/libkernel.a(sched.c.obj)
                0x00000000100023bc                k_sched_unlock
 .text.z_sched_init
                0x000000001000241c       0x14 zephyr/kernel/libkernel.a(sched.c.obj)
                0x000000001000241c                z_sched_init
 .text.z_impl_k_wakeup
                0x0000000010002430       0x40 zephyr/kernel/libkernel.a(sched.c.obj)
                0x0000000010002430                z_impl_k_wakeup
 .text.z_impl_k_sched_current_thread_query
                0x0000000010002470        0xc zephyr/kernel/libkernel.a(sched.c.obj)
                0x0000000010002470                z_impl_k_sched_current_thread_query
 .text.z_thread_abort
                0x000000001000247c      0x12c zephyr/kernel/libkernel.a(sched.c.obj)
                0x000000001000247c                z_thread_abort
 .text.z_time_slice_size
                0x00000000100025a8       0x48 zephyr/kernel/libkernel.a(timeslicing.c.obj)
 .text.slice_timeout
                0x00000000100025f0       0x20 zephyr/kernel/libkernel.a(timeslicing.c.obj)
 .text.z_reset_time_slice
                0x0000000010002610       0x44 zephyr/kernel/libkernel.a(timeslicing.c.obj)
                0x0000000010002610                z_reset_time_slice
 .text.z_time_slice
                0x0000000010002654       0x58 zephyr/kernel/libkernel.a(timeslicing.c.obj)
                0x0000000010002654                z_time_slice
 .text.first    0x00000000100026ac       0x10 zephyr/kernel/libkernel.a(timeout.c.obj)
 .text.next_timeout
                0x00000000100026bc       0x38 zephyr/kernel/libkernel.a(timeout.c.obj)
 .text.elapsed  0x00000000100026f4       0x18 zephyr/kernel/libkernel.a(timeout.c.obj)
 .text.remove_timeout
                0x000000001000270c       0x38 zephyr/kernel/libkernel.a(timeout.c.obj)
 .text.z_add_timeout
                0x0000000010002744      0x120 zephyr/kernel/libkernel.a(timeout.c.obj)
                0x0000000010002744                z_add_timeout
 .text.sys_clock_announce
                0x0000000010002864       0xd4 zephyr/kernel/libkernel.a(timeout.c.obj)
                0x0000000010002864                sys_clock_announce
 .text.boot_banner
                0x0000000010002938       0x10 zephyr/kernel/libkernel.a(banner.c.obj)
                0x0000000010002938                boot_banner
 .text.__l_vfprintf
                0x0000000010002948      0x4d0 /home/ezhil/zephyr-sdk-0.17.4/arm-zephyr-eabi/bin/../lib/gcc/../../picolibc/arm-zephyr-eabi/lib/thumb/v6-m/nofp/libc.a(libc_tinystdio_vflprintf.c.o)
                0x0000000010002948                __l_vfprintf
 .text._OffsetAbsSyms
                0x0000000010002e18        0x2 zephyr/CMakeFiles/offsets.dir/./arch/arm/core/offsets/offsets.c.obj
                0x0000000010002e18                _OffsetAbsSyms
 .text.chunk_field
                0x0000000010002e1a       0x1a zephyr/libzephyr.a(heap.c.obj)
 .text.chunk_set
                0x0000000010002e34       0x1c zephyr/libzephyr.a(heap.c.obj)
 .text.chunk_size
                0x0000000010002e50        0xc zephyr/libzephyr.a(heap.c.obj)
 .text.set_chunk_used
                0x0000000010002e5c       0x36 zephyr/libzephyr.a(heap.c.obj)
 .text.set_chunk_size
                0x0000000010002e92        0xc zephyr/libzephyr.a(heap.c.obj)
 .text.bucket_idx
                0x0000000010002e9e       0x22 zephyr/libzephyr.a(heap.c.obj)
 .text.free_list_add
                0x0000000010002ec0       0x88 zephyr/libzephyr.a(heap.c.obj)
 .text.sys_heap_init
                0x0000000010002f48       0xac zephyr/libzephyr.a(heap.c.obj)
                0x0000000010002f48                sys_heap_init
 .text.arch_printk_char_out
                0x0000000010002ff4        0x4 zephyr/libzephyr.a(printk.c.obj)
                0x0000000010002ff4                arch_printk_char_out
 .text.printk   0x0000000010002ff8       0x16 zephyr/libzephyr.a(printk.c.obj)
                0x0000000010002ff8                printk
 .text._ConfigAbsSyms
                0x000000001000300e        0x2 zephyr/libzephyr.a(configs.c.obj)
                0x000000001000300e                _ConfigAbsSyms
 .text.arch_early_memset
                0x0000000010003010        0x8 zephyr/arch/common/libarch__common.a(init.c.obj)
                0x0000000010003010                arch_early_memset
 .text.arch_early_memcpy
                0x0000000010003018        0x8 zephyr/arch/common/libarch__common.a(init.c.obj)
                0x0000000010003018                arch_early_memcpy
 .text.z_do_kernel_oops
                0x0000000010003020        0xc zephyr/arch/arch/arm/core/libarch__arm__core.a(fatal.c.obj)
                0x0000000010003020                z_do_kernel_oops
 .text.z_arm_nmi
                0x000000001000302c        0xc zephyr/arch/arch/arm/core/libarch__arm__core.a(nmi.c.obj)
                0x000000001000302c                z_arm_nmi
 .text.z_irq_spurious
                0x0000000010003038        0xc zephyr/arch/arch/arm/core/cortex_m/libarch__arm__core__cortex_m.a(irq_manage.c.obj)
                0x0000000010003038                z_irq_spurious
 .text.z_prep_c
                0x0000000010003044       0x16 zephyr/arch/arch/arm/core/cortex_m/libarch__arm__core__cortex_m.a(prep_c.c.obj)
                0x0000000010003044                z_prep_c
 .text.arch_coprocessors_disable
                0x000000001000305a        0x6 zephyr/arch/arch/arm/core/cortex_m/libarch__arm__core__cortex_m.a(thread.c.obj)
                0x000000001000305a                arch_coprocessors_disable
 .text.arch_irq_unlock_outlined
                0x0000000010003060        0xc zephyr/arch/arch/arm/core/cortex_m/libarch__arm__core__cortex_m.a(thread.c.obj)
                0x0000000010003060                arch_irq_unlock_outlined
 .text.arch_cpu_idle
                0x000000001000306c        0xe zephyr/arch/arch/arm/core/cortex_m/libarch__arm__core__cortex_m.a(cpu_idle.c.obj)
                0x000000001000306c                arch_cpu_idle
 .text.__assert_no_args
                0x000000001000307a        0x6 zephyr/lib/libc/picolibc/liblib__libc__picolibc.a(assert.c.obj)
                0x000000001000307a                __assert_no_args
 .text.picolibc_put
                0x0000000010003080        0xa zephyr/lib/libc/picolibc/liblib__libc__picolibc.a(stdio.c.obj)
 .text.rpi_pico_is_clock_enabled.isra.0
                0x000000001000308a       0x5e zephyr/drivers/clock_control/libdrivers__clock_control.a(clock_control_rpi_pico.c.obj)
 .text.clock_control_rpi_pico_get_status
                0x00000000100030e8       0x18 zephyr/drivers/clock_control/libdrivers__clock_control.a(clock_control_rpi_pico.c.obj)
 .text.clock_control_rpi_pico_get_rate
                0x0000000010003100       0x1e zephyr/drivers/clock_control/libdrivers__clock_control.a(clock_control_rpi_pico.c.obj)
 .text.rpi_pico_clkid_tuple_reorder_by_dependencies
                0x000000001000311e       0x66 zephyr/drivers/clock_control/libdrivers__clock_control.a(clock_control_rpi_pico.c.obj)
                0x000000001000311e                rpi_pico_clkid_tuple_reorder_by_dependencies
 .text.gpio_rpi_port_get_raw
                0x0000000010003184        0xc zephyr/drivers/gpio/libdrivers__gpio.a(gpio_rpi_pico.c.obj)
 .text.gpio_rpi_port_set_bits_raw
                0x0000000010003190       0x2c zephyr/drivers/gpio/libdrivers__gpio.a(gpio_rpi_pico.c.obj)
 .text.gpio_rpi_port_clear_bits_raw
                0x00000000100031bc       0x2c zephyr/drivers/gpio/libdrivers__gpio.a(gpio_rpi_pico.c.obj)
 .text.gpio_rpi_port_toggle_bits
                0x00000000100031e8       0x18 zephyr/drivers/gpio/libdrivers__gpio.a(gpio_rpi_pico.c.obj)
 .text.gpio_rpi_manage_callback
                0x0000000010003200       0x58 zephyr/drivers/gpio/libdrivers__gpio.a(gpio_rpi_pico.c.obj)
 .text.gpio_rpi_bank_init
                0x0000000010003258       0x10 zephyr/drivers/gpio/libdrivers__gpio.a(gpio_rpi_pico.c.obj)
 .text.gpio_rpi_pin_interrupt_configure
                0x0000000010003268       0x46 zephyr/drivers/gpio/libdrivers__gpio.a(gpio_rpi_pico.c.obj)
 .text.bank_0_config_func
                0x00000000100032ae       0x14 zephyr/drivers/gpio/libdrivers__gpio.a(gpio_rpi_pico.c.obj)
 .text.gpio_rpi_port_set_masked_raw
                0x00000000100032c2       0x3c zephyr/drivers/gpio/libdrivers__gpio.a(gpio_rpi_pico.c.obj)
 .text.pinctrl_lookup_state
                0x00000000100032fe       0x26 zephyr/drivers/pinctrl/libdrivers__pinctrl.a(common.c.obj)
                0x00000000100032fe                pinctrl_lookup_state
 .text.pinctrl_configure_pins
                0x0000000010003324       0xc0 zephyr/drivers/pinctrl/libdrivers__pinctrl.a(pinctrl_rpi_pico.c.obj)
                0x0000000010003324                pinctrl_configure_pins
 .text.pwr_on_raspberrypi_pico_uart
                0x00000000100033e4        0x4 zephyr/drivers/serial/libdrivers__serial.a(uart_pl011.c.obj)
 .text.clk_enable_raspberrypi_pico_uart
                0x00000000100033e8        0x4 zephyr/drivers/serial/libdrivers__serial.a(uart_pl011.c.obj)
 .text.pl011_poll_out
                0x00000000100033ec       0x10 zephyr/drivers/serial/libdrivers__serial.a(uart_pl011.c.obj)
 .text.pl011_err_check
                0x00000000100033fc       0x24 zephyr/drivers/serial/libdrivers__serial.a(uart_pl011.c.obj)
 .text.pl011_runtime_config_get
                0x0000000010003420        0xc zephyr/drivers/serial/libdrivers__serial.a(uart_pl011.c.obj)
 .text.pl011_fifo_fill
                0x000000001000342c       0x20 zephyr/drivers/serial/libdrivers__serial.a(uart_pl011.c.obj)
 .text.pl011_fifo_read
                0x000000001000344c       0x20 zephyr/drivers/serial/libdrivers__serial.a(uart_pl011.c.obj)
 .text.pl011_irq_tx_enable
                0x000000001000346c       0x46 zephyr/drivers/serial/libdrivers__serial.a(uart_pl011.c.obj)
 .text.pl011_irq_tx_disable
                0x00000000100034b2       0x14 zephyr/drivers/serial/libdrivers__serial.a(uart_pl011.c.obj)
 .text.pl011_irq_tx_complete
                0x00000000100034c6        0xe zephyr/drivers/serial/libdrivers__serial.a(uart_pl011.c.obj)
 .text.pl011_irq_tx_ready
                0x00000000100034d4       0x34 zephyr/drivers/serial/libdrivers__serial.a(uart_pl011.c.obj)
 .text.pl011_irq_rx_enable
                0x0000000010003508        0xe zephyr/drivers/serial/libdrivers__serial.a(uart_pl011.c.obj)
 .text.pl011_irq_rx_disable
                0x0000000010003516        0xe zephyr/drivers/serial/libdrivers__serial.a(uart_pl011.c.obj)
 .text.pl011_irq_rx_ready
                0x0000000010003524       0x2c zephyr/drivers/serial/libdrivers__serial.a(uart_pl011.c.obj)
 .text.pl011_irq_err_enable
                0x0000000010003550       0x10 zephyr/drivers/serial/libdrivers__serial.a(uart_pl011.c.obj)
 .text.pl011_irq_is_pending
                0x0000000010003560       0x1c zephyr/drivers/serial/libdrivers__serial.a(uart_pl011.c.obj)
 .text.pl011_irq_update
                0x000000001000357c        0x4 zephyr/drivers/serial/libdrivers__serial.a(uart_pl011.c.obj)
 .text.pl011_irq_callback_set
                0x0000000010003580        0x8 zephyr/drivers/serial/libdrivers__serial.a(uart_pl011.c.obj)
 .text.pl011_isr
                0x0000000010003588       0x22 zephyr/drivers/serial/libdrivers__serial.a(uart_pl011.c.obj)
                0x0000000010003588                pl011_isr
 .text.pl011_irq_config_func_0
                0x00000000100035aa       0x14 zephyr/drivers/serial/libdrivers__serial.a(uart_pl011.c.obj)
 .text.pl011_runtime_configure
                0x00000000100035be        0xa zephyr/drivers/serial/libdrivers__serial.a(uart_pl011.c.obj)
 .text.clock_configure
                0x00000000100035c8       0x5c modules/hal_rpi_pico/libmodules__hal_rpi_pico.a(clocks.c.obj)
                0x00000000100035c8                clock_configure
 .text.gpio_init
                0x0000000010003624       0x16 modules/hal_rpi_pico/libmodules__hal_rpi_pico.a(gpio.c.obj)
                0x0000000010003624                gpio_init
 .text.z_impl_k_busy_wait
                0x000000001000363a       0x1c zephyr/kernel/libkernel.a(busy_wait.c.obj)
                0x000000001000363a                z_impl_k_busy_wait
 .text.do_device_init
                0x0000000010003656       0x32 zephyr/kernel/libkernel.a(device.c.obj)
                0x0000000010003656                do_device_init
 .text.z_impl_device_is_ready
                0x0000000010003688       0x1a zephyr/kernel/libkernel.a(device.c.obj)
                0x0000000010003688                z_impl_device_is_ready
 .text.arch_system_halt
                0x00000000100036a2        0x8 zephyr/kernel/libkernel.a(fatal.c.obj)
                0x00000000100036a2                arch_system_halt
 .text.k_sys_fatal_error_handler
                0x00000000100036aa        0x6 zephyr/kernel/libkernel.a(fatal.c.obj)
                0x00000000100036aa                k_sys_fatal_error_handler
 .text.idle     0x00000000100036b0        0xe zephyr/kernel/libkernel.a(idle.c.obj)
                0x00000000100036b0                idle
 .text.sys_dlist_remove
                0x00000000100036be       0x10 zephyr/kernel/libkernel.a(sched.c.obj)
 .text.unpend_thread_no_timeout
                0x00000000100036ce       0x16 zephyr/kernel/libkernel.a(sched.c.obj)
 .text.z_ready_thread
                0x00000000100036e4       0x18 zephyr/kernel/libkernel.a(sched.c.obj)
                0x00000000100036e4                z_ready_thread
 .text.z_sched_wake_thread
                0x00000000100036fc       0x36 zephyr/kernel/libkernel.a(sched.c.obj)
                0x00000000100036fc                z_sched_wake_thread
 .text.z_thread_timeout
                0x0000000010003732        0xc zephyr/kernel/libkernel.a(sched.c.obj)
                0x0000000010003732                z_thread_timeout
 .text.z_abort_timeout
                0x000000001000373e       0x4c zephyr/kernel/libkernel.a(timeout.c.obj)
                0x000000001000373e                z_abort_timeout
 .text.main     0x000000001000378a        0x6 zephyr/kernel/libkernel.a(main_weak.c.obj)
                0x000000001000378a                main
 .text.memcpy   0x0000000010003790       0x12 /home/ezhil/zephyr-sdk-0.17.4/arm-zephyr-eabi/bin/../lib/gcc/../../picolibc/arm-zephyr-eabi/lib/thumb/v6-m/nofp/libc.a(memcpy.c.o)
                0x0000000010003790                memcpy
                0x0000000010003790                __aeabi_memcpy
                0x0000000010003790                __aeabi_memcpy4
                0x0000000010003790                __aeabi_memcpy8
 .text.memset   0x00000000100037a2       0x10 /home/ezhil/zephyr-sdk-0.17.4/arm-zephyr-eabi/bin/../lib/gcc/../../picolibc/arm-zephyr-eabi/lib/thumb/v6-m/nofp/libc.a(memset.c.o)
                0x00000000100037a2                memset
 .text.strnlen  0x00000000100037b2       0x16 /home/ezhil/zephyr-sdk-0.17.4/arm-zephyr-eabi/bin/../lib/gcc/../../picolibc/arm-zephyr-eabi/lib/thumb/v6-m/nofp/libc.a(libc_string_strnlen.c.o)
                0x00000000100037b2                strnlen
 .text.__ultoa_invert
                0x00000000100037c8      0x10e /home/ezhil/zephyr-sdk-0.17.4/arm-zephyr-eabi/bin/../lib/gcc/../../picolibc/arm-zephyr-eabi/lib/thumb/v6-m/nofp/libc.a(libc_tinystdio_vflprintf.c.o)
 *(SORT_BY_ALIGNMENT(.TEXT.*))
 *fill*         0x00000000100038d6        0x2 
 .TEXT.__aeabi_read_tp
                0x00000000100038d8        0xc zephyr/arch/arch/arm/core/cortex_m/libarch__arm__core__cortex_m.a(__aeabi_read_tp.S.obj)
                0x00000000100038d8                __aeabi_read_tp
 *(SORT_BY_ALIGNMENT(.gnu.linkonce.t.*))
 *(SORT_BY_ALIGNMENT(.glue_7t))
 .glue_7t       0x00000000100038e4        0x0 linker stubs
 *(SORT_BY_ALIGNMENT(.glue_7))
 .glue_7        0x00000000100038e4        0x0 linker stubs
 *(SORT_BY_ALIGNMENT(.vfp11_veneer))
 .vfp11_veneer  0x00000000100038e4        0x0 linker stubs
 *(SORT_BY_ALIGNMENT(.v4_bx))
 .v4_bx         0x00000000100038e4        0x0 linker stubs
                0x00000000100038e4                . = ALIGN (0x4)
                0x00000000100038e4                __text_region_end = .

.ARM.exidx      0x00000000100038e4        0x8
                0x00000000100038e4                __exidx_start = .
 *(SORT_BY_ALIGNMENT(.ARM.exidx*) SORT_BY_ALIGNMENT(gnu.linkonce.armexidx.*))
 .ARM.exidx     0x00000000100038e4        0x8 /home/ezhil/zephyr-sdk-0.17.4/arm-zephyr-eabi/bin/../lib/gcc/arm-zephyr-eabi/12.2.0/thumb/v6-m/nofp/libgcc.a(_udivmoddi4.o)
                0x00000000100038ec                __exidx_end = .
                0x00000000100038ec                __rodata_region_start = .

initlevel       0x00000000100038ec       0x38
                0x00000000100038ec                __init_start = .
                0x00000000100038ec                __init_EARLY_start = .
 *(SORT_BY_NAME(SORT_BY_ALIGNMENT(.z_init_EARLY_P_?_*)))
 *(SORT_BY_NAME(SORT_BY_ALIGNMENT(.z_init_EARLY_P_??_*)))
 *(SORT_BY_NAME(SORT_BY_ALIGNMENT(.z_init_EARLY_P_???_*)))
                0x00000000100038ec                __init_PRE_KERNEL_1_start = .
 *(SORT_BY_NAME(SORT_BY_ALIGNMENT(.z_init_PRE_KERNEL_1_P_?_*)))
 *(SORT_BY_NAME(SORT_BY_ALIGNMENT(.z_init_PRE_KERNEL_1_P_??_*)))
 .z_init_PRE_KERNEL_1_P_30_SUB_00025_
                0x00000000100038ec        0x8 zephyr/drivers/clock_control/libdrivers__clock_control.a(clock_control_rpi_pico.c.obj)
 .z_init_PRE_KERNEL_1_P_35_SUB_00027_
                0x00000000100038f4        0x8 zephyr/drivers/reset/libdrivers__reset.a(reset_rpi_pico.c.obj)
 .z_init_PRE_KERNEL_1_P_50_SUB_00064_
                0x00000000100038fc        0x8 zephyr/drivers/serial/libdrivers__serial.a(uart_pl011.c.obj)
 .z_init_PRE_KERNEL_1_P_60_SUB_0_
                0x0000000010003904        0x8 zephyr/drivers/console/libdrivers__console.a(uart_console.c.obj)
 *(SORT_BY_NAME(SORT_BY_ALIGNMENT(.z_init_PRE_KERNEL_1_P_???_*)))
                0x000000001000390c                __init_PRE_KERNEL_2_start = .
 *(SORT_BY_NAME(SORT_BY_ALIGNMENT(.z_init_PRE_KERNEL_2_P_?_*)))
 .z_init_PRE_KERNEL_2_P_0_SUB_0_
                0x000000001000390c        0x8 zephyr/drivers/timer/libdrivers__timer.a(cortex_m_systick.c.obj)
 *(SORT_BY_NAME(SORT_BY_ALIGNMENT(.z_init_PRE_KERNEL_2_P_??_*)))
 *(SORT_BY_NAME(SORT_BY_ALIGNMENT(.z_init_PRE_KERNEL_2_P_???_*)))
                0x0000000010003914                __init_POST_KERNEL_start = .
 *(SORT_BY_NAME(SORT_BY_ALIGNMENT(.z_init_POST_KERNEL_P_?_*)))
 *(SORT_BY_NAME(SORT_BY_ALIGNMENT(.z_init_POST_KERNEL_P_??_*)))
 .z_init_POST_KERNEL_P_35_SUB_0_
                0x0000000010003914        0x8 zephyr/lib/libc/common/liblib__libc__common.a(malloc.c.obj)
 .z_init_POST_KERNEL_P_40_SUB_00034_
                0x000000001000391c        0x8 zephyr/drivers/gpio/libdrivers__gpio.a(gpio_rpi_pico.c.obj)
 *(SORT_BY_NAME(SORT_BY_ALIGNMENT(.z_init_POST_KERNEL_P_???_*)))
                0x0000000010003924                __init_APPLICATION_start = .
 *(SORT_BY_NAME(SORT_BY_ALIGNMENT(.z_init_APPLICATION_P_?_*)))
 *(SORT_BY_NAME(SORT_BY_ALIGNMENT(.z_init_APPLICATION_P_??_*)))
 *(SORT_BY_NAME(SORT_BY_ALIGNMENT(.z_init_APPLICATION_P_???_*)))
                0x0000000010003924                __init_SMP_start = .
 *(SORT_BY_NAME(SORT_BY_ALIGNMENT(.z_init_SMP_P_?_*)))
 *(SORT_BY_NAME(SORT_BY_ALIGNMENT(.z_init_SMP_P_??_*)))
 *(SORT_BY_NAME(SORT_BY_ALIGNMENT(.z_init_SMP_P_???_*)))
                0x0000000010003924                __init_end = .

device_area     0x0000000010003924       0x70
                0x0000000010003924                _device_list_start = .
 *(SORT_BY_NAME(SORT_BY_ALIGNMENT(._device.static.*_?_*)))
 *(SORT_BY_NAME(SORT_BY_ALIGNMENT(._device.static.*_??_*)))
 ._device.static.1_30_
                0x0000000010003924       0x1c zephyr/drivers/clock_control/libdrivers__clock_control.a(clock_control_rpi_pico.c.obj)
                0x0000000010003924                __device_dts_ord_25
 ._device.static.1_35_
                0x0000000010003940       0x1c zephyr/drivers/reset/libdrivers__reset.a(reset_rpi_pico.c.obj)
                0x0000000010003940                __device_dts_ord_27
 ._device.static.1_50_
                0x000000001000395c       0x1c zephyr/drivers/serial/libdrivers__serial.a(uart_pl011.c.obj)
                0x000000001000395c                __device_dts_ord_64
 ._device.static.3_40_
                0x0000000010003978       0x1c zephyr/drivers/gpio/libdrivers__gpio.a(gpio_rpi_pico.c.obj)
                0x0000000010003978                __device_dts_ord_34
 *(SORT_BY_NAME(SORT_BY_ALIGNMENT(._device.static.*_???_*)))
 *(SORT_BY_NAME(SORT_BY_ALIGNMENT(._device.static.*_????_*)))
 *(SORT_BY_NAME(SORT_BY_ALIGNMENT(._device.static.*_?????_*)))
                0x0000000010003994                _device_list_end = .

sw_isr_table    0x0000000010003994       0xd0
                0x0000000010003994                . = ALIGN (0x4)
 *(SORT_BY_ALIGNMENT(.gnu.linkonce.sw_isr_table*))
 .gnu.linkonce.sw_isr_table
                0x0000000010003994       0xd0 zephyr/CMakeFiles/zephyr_final.dir/isr_tables.c.obj
                0x0000000010003994                _sw_isr_table

initlevel_error
                0x00000000100038ec        0x0
 *(SORT_BY_NAME(SORT_BY_ALIGNMENT(.z_init_*)))
                0x0000000000000001                ASSERT ((SIZEOF (initlevel_error) == 0x0), Undefined initialization levels used.)

app_shmem_regions
                0x0000000010003a64        0x0
                0x0000000010003a64                __app_shmem_regions_start = .
 *(SORT_BY_NAME(SORT_BY_ALIGNMENT(.app_regions.*)))
                0x0000000010003a64                __app_shmem_regions_end = .

k_p4wq_initparam_area
                0x0000000010003a64        0x0
                0x0000000010003a64                _k_p4wq_initparam_list_start = .
 *(SORT_BY_NAME(SORT_BY_ALIGNMENT(._k_p4wq_initparam.static.*)))
                0x0000000010003a64                _k_p4wq_initparam_list_end = .

_static_thread_data_area
                0x0000000010003a68       0x60
                0x0000000010003a68                __static_thread_data_list_start = .
 *(SORT_BY_NAME(SORT_BY_ALIGNMENT(.__static_thread_data.static.*)))
 .__static_thread_data.static._k_thread_data_thread0_name_
                0x0000000010003a68       0x30 app/libapp.a(main.c.obj)
                0x0000000010003a68                _k_thread_data_thread0_name
 .__static_thread_data.static._k_thread_data_thread1_name_
                0x0000000010003a98       0x30 app/libapp.a(main.c.obj)
                0x0000000010003a98                _k_thread_data_thread1_name
                0x0000000010003ac8                __static_thread_data_list_end = .

device_deps     0x0000000010003ac8        0x0
                0x0000000010003ac8                __device_deps_start = .
 *(SORT_BY_NAME(SORT_BY_ALIGNMENT(.__device_deps_pass2*)))
                0x0000000010003ac8                __device_deps_end = .

gpio_driver_api_area
                0x0000000010003ac8       0x24
                0x0000000010003ac8                _gpio_driver_api_list_start = .
 *(SORT_BY_NAME(SORT_BY_ALIGNMENT(._gpio_driver_api.static.*)))
 ._gpio_driver_api.static.gpio_rpi_driver_api_
                0x0000000010003ac8       0x24 zephyr/drivers/gpio/libdrivers__gpio.a(gpio_rpi_pico.c.obj)
                0x0000000010003aec                _gpio_driver_api_list_end = .

reset_driver_api_area
                0x0000000010003aec       0x10
                0x0000000010003aec                _reset_driver_api_list_start = .
 *(SORT_BY_NAME(SORT_BY_ALIGNMENT(._reset_driver_api.static.*)))
 ._reset_driver_api.static.reset_rpi_driver_api_
                0x0000000010003aec       0x10 zephyr/drivers/reset/libdrivers__reset.a(reset_rpi_pico.c.obj)
                0x0000000010003afc                _reset_driver_api_list_end = .

shared_irq_driver_api_area
                0x0000000010003afc        0x0
                0x0000000010003afc                _shared_irq_driver_api_list_start = .
 *(SORT_BY_NAME(SORT_BY_ALIGNMENT(._shared_irq_driver_api.static.*)))
                0x0000000010003afc                _shared_irq_driver_api_list_end = .

crypto_driver_api_area
                0x0000000010003afc        0x0
                0x0000000010003afc                _crypto_driver_api_list_start = .
 *(SORT_BY_NAME(SORT_BY_ALIGNMENT(._crypto_driver_api.static.*)))
                0x0000000010003afc                _crypto_driver_api_list_end = .

adc_driver_api_area
                0x0000000010003afc        0x0
                0x0000000010003afc                _adc_driver_api_list_start = .
 *(SORT_BY_NAME(SORT_BY_ALIGNMENT(._adc_driver_api.static.*)))
                0x0000000010003afc                _adc_driver_api_list_end = .

auxdisplay_driver_api_area
                0x0000000010003afc        0x0
                0x0000000010003afc                _auxdisplay_driver_api_list_start = .
 *(SORT_BY_NAME(SORT_BY_ALIGNMENT(._auxdisplay_driver_api.static.*)))
                0x0000000010003afc                _auxdisplay_driver_api_list_end = .

bbram_driver_api_area
                0x0000000010003afc        0x0
                0x0000000010003afc                _bbram_driver_api_list_start = .
 *(SORT_BY_NAME(SORT_BY_ALIGNMENT(._bbram_driver_api.static.*)))
                0x0000000010003afc                _bbram_driver_api_list_end = .

bt_hci_driver_api_area
                0x0000000010003afc        0x0
                0x0000000010003afc                _bt_hci_driver_api_list_start = .
 *(SORT_BY_NAME(SORT_BY_ALIGNMENT(._bt_hci_driver_api.static.*)))
                0x0000000010003afc                _bt_hci_driver_api_list_end = .

can_driver_api_area
                0x0000000010003afc        0x0
                0x0000000010003afc                _can_driver_api_list_start = .
 *(SORT_BY_NAME(SORT_BY_ALIGNMENT(._can_driver_api.static.*)))
                0x0000000010003afc                _can_driver_api_list_end = .

cellular_driver_api_area
                0x0000000010003afc        0x0
                0x0000000010003afc                _cellular_driver_api_list_start = .
 *(SORT_BY_NAME(SORT_BY_ALIGNMENT(._cellular_driver_api.static.*)))
                0x0000000010003afc                _cellular_driver_api_list_end = .

charger_driver_api_area
                0x0000000010003afc        0x0
                0x0000000010003afc                _charger_driver_api_list_start = .
 *(SORT_BY_NAME(SORT_BY_ALIGNMENT(._charger_driver_api.static.*)))
                0x0000000010003afc                _charger_driver_api_list_end = .

clock_control_driver_api_area
                0x0000000010003afc       0x1c
                0x0000000010003afc                _clock_control_driver_api_list_start = .
 *(SORT_BY_NAME(SORT_BY_ALIGNMENT(._clock_control_driver_api.static.*)))
 ._clock_control_driver_api.static.clock_control_rpi_pico_api_
                0x0000000010003afc       0x1c zephyr/drivers/clock_control/libdrivers__clock_control.a(clock_control_rpi_pico.c.obj)
                0x0000000010003b18                _clock_control_driver_api_list_end = .

comparator_driver_api_area
                0x0000000010003b18        0x0
                0x0000000010003b18                _comparator_driver_api_list_start = .
 *(SORT_BY_NAME(SORT_BY_ALIGNMENT(._comparator_driver_api.static.*)))
                0x0000000010003b18                _comparator_driver_api_list_end = .

coredump_driver_api_area
                0x0000000010003b18        0x0
                0x0000000010003b18                _coredump_driver_api_list_start = .
 *(SORT_BY_NAME(SORT_BY_ALIGNMENT(._coredump_driver_api.static.*)))
                0x0000000010003b18                _coredump_driver_api_list_end = .

counter_driver_api_area
                0x0000000010003b18        0x0
                0x0000000010003b18                _counter_driver_api_list_start = .
 *(SORT_BY_NAME(SORT_BY_ALIGNMENT(._counter_driver_api.static.*)))
                0x0000000010003b18                _counter_driver_api_list_end = .

crc_driver_api_area
                0x0000000010003b18        0x0
                0x0000000010003b18                _crc_driver_api_list_start = .
 *(SORT_BY_NAME(SORT_BY_ALIGNMENT(._crc_driver_api.static.*)))
                0x0000000010003b18                _crc_driver_api_list_end = .

dac_driver_api_area
                0x0000000010003b18        0x0
                0x0000000010003b18                _dac_driver_api_list_start = .
 *(SORT_BY_NAME(SORT_BY_ALIGNMENT(._dac_driver_api.static.*)))
                0x0000000010003b18                _dac_driver_api_list_end = .

dai_driver_api_area
                0x0000000010003b18        0x0
                0x0000000010003b18                _dai_driver_api_list_start = .
 *(SORT_BY_NAME(SORT_BY_ALIGNMENT(._dai_driver_api.static.*)))
                0x0000000010003b18                _dai_driver_api_list_end = .

display_driver_api_area
                0x0000000010003b18        0x0
                0x0000000010003b18                _display_driver_api_list_start = .
 *(SORT_BY_NAME(SORT_BY_ALIGNMENT(._display_driver_api.static.*)))
                0x0000000010003b18                _display_driver_api_list_end = .

dma_driver_api_area
                0x0000000010003b18        0x0
                0x0000000010003b18                _dma_driver_api_list_start = .
 *(SORT_BY_NAME(SORT_BY_ALIGNMENT(._dma_driver_api.static.*)))
                0x0000000010003b18                _dma_driver_api_list_end = .

edac_driver_api_area
                0x0000000010003b18        0x0
                0x0000000010003b18                _edac_driver_api_list_start = .
 *(SORT_BY_NAME(SORT_BY_ALIGNMENT(._edac_driver_api.static.*)))
                0x0000000010003b18                _edac_driver_api_list_end = .

eeprom_driver_api_area
                0x0000000010003b18        0x0
                0x0000000010003b18                _eeprom_driver_api_list_start = .
 *(SORT_BY_NAME(SORT_BY_ALIGNMENT(._eeprom_driver_api.static.*)))
                0x0000000010003b18                _eeprom_driver_api_list_end = .

emul_bbram_driver_api_area
                0x0000000010003b18        0x0
                0x0000000010003b18                _emul_bbram_driver_api_list_start = .
 *(SORT_BY_NAME(SORT_BY_ALIGNMENT(._emul_bbram_driver_api.static.*)))
                0x0000000010003b18                _emul_bbram_driver_api_list_end = .

fuel_gauge_emul_driver_api_area
                0x0000000010003b18        0x0
                0x0000000010003b18                _fuel_gauge_emul_driver_api_list_start = .
 *(SORT_BY_NAME(SORT_BY_ALIGNMENT(._fuel_gauge_emul_driver_api.static.*)))
                0x0000000010003b18                _fuel_gauge_emul_driver_api_list_end = .

emul_sensor_driver_api_area
                0x0000000010003b18        0x0
                0x0000000010003b18                _emul_sensor_driver_api_list_start = .
 *(SORT_BY_NAME(SORT_BY_ALIGNMENT(._emul_sensor_driver_api.static.*)))
                0x0000000010003b18                _emul_sensor_driver_api_list_end = .

entropy_driver_api_area
                0x0000000010003b18        0x0
                0x0000000010003b18                _entropy_driver_api_list_start = .
 *(SORT_BY_NAME(SORT_BY_ALIGNMENT(._entropy_driver_api.static.*)))
                0x0000000010003b18                _entropy_driver_api_list_end = .

espi_driver_api_area
                0x0000000010003b18        0x0
                0x0000000010003b18                _espi_driver_api_list_start = .
 *(SORT_BY_NAME(SORT_BY_ALIGNMENT(._espi_driver_api.static.*)))
                0x0000000010003b18                _espi_driver_api_list_end = .

espi_saf_driver_api_area
                0x0000000010003b18        0x0
                0x0000000010003b18                _espi_saf_driver_api_list_start = .
 *(SORT_BY_NAME(SORT_BY_ALIGNMENT(._espi_saf_driver_api.static.*)))
                0x0000000010003b18                _espi_saf_driver_api_list_end = .

flash_driver_api_area
                0x0000000010003b18        0x0
                0x0000000010003b18                _flash_driver_api_list_start = .
 *(SORT_BY_NAME(SORT_BY_ALIGNMENT(._flash_driver_api.static.*)))
                0x0000000010003b18                _flash_driver_api_list_end = .

fpga_driver_api_area
                0x0000000010003b18        0x0
                0x0000000010003b18                _fpga_driver_api_list_start = .
 *(SORT_BY_NAME(SORT_BY_ALIGNMENT(._fpga_driver_api.static.*)))
                0x0000000010003b18                _fpga_driver_api_list_end = .

fuel_gauge_driver_api_area
                0x0000000010003b18        0x0
                0x0000000010003b18                _fuel_gauge_driver_api_list_start = .
 *(SORT_BY_NAME(SORT_BY_ALIGNMENT(._fuel_gauge_driver_api.static.*)))
                0x0000000010003b18                _fuel_gauge_driver_api_list_end = .

gnss_driver_api_area
                0x0000000010003b18        0x0
                0x0000000010003b18                _gnss_driver_api_list_start = .
 *(SORT_BY_NAME(SORT_BY_ALIGNMENT(._gnss_driver_api.static.*)))
                0x0000000010003b18                _gnss_driver_api_list_end = .

haptics_driver_api_area
                0x0000000010003b18        0x0
                0x0000000010003b18                _haptics_driver_api_list_start = .
 *(SORT_BY_NAME(SORT_BY_ALIGNMENT(._haptics_driver_api.static.*)))
                0x0000000010003b18                _haptics_driver_api_list_end = .

hwspinlock_driver_api_area
                0x0000000010003b18        0x0
                0x0000000010003b18                _hwspinlock_driver_api_list_start = .
 *(SORT_BY_NAME(SORT_BY_ALIGNMENT(._hwspinlock_driver_api.static.*)))
                0x0000000010003b18                _hwspinlock_driver_api_list_end = .

i2c_driver_api_area
                0x0000000010003b18        0x0
                0x0000000010003b18                _i2c_driver_api_list_start = .
 *(SORT_BY_NAME(SORT_BY_ALIGNMENT(._i2c_driver_api.static.*)))
                0x0000000010003b18                _i2c_driver_api_list_end = .

i2c_target_driver_api_area
                0x0000000010003b18        0x0
                0x0000000010003b18                _i2c_target_driver_api_list_start = .
 *(SORT_BY_NAME(SORT_BY_ALIGNMENT(._i2c_target_driver_api.static.*)))
                0x0000000010003b18                _i2c_target_driver_api_list_end = .

i2s_driver_api_area
                0x0000000010003b18        0x0
                0x0000000010003b18                _i2s_driver_api_list_start = .
 *(SORT_BY_NAME(SORT_BY_ALIGNMENT(._i2s_driver_api.static.*)))
                0x0000000010003b18                _i2s_driver_api_list_end = .

i3c_driver_api_area
                0x0000000010003b18        0x0
                0x0000000010003b18                _i3c_driver_api_list_start = .
 *(SORT_BY_NAME(SORT_BY_ALIGNMENT(._i3c_driver_api.static.*)))
                0x0000000010003b18                _i3c_driver_api_list_end = .

ipm_driver_api_area
                0x0000000010003b18        0x0
                0x0000000010003b18                _ipm_driver_api_list_start = .
 *(SORT_BY_NAME(SORT_BY_ALIGNMENT(._ipm_driver_api.static.*)))
                0x0000000010003b18                _ipm_driver_api_list_end = .

led_driver_api_area
                0x0000000010003b18        0x0
                0x0000000010003b18                _led_driver_api_list_start = .
 *(SORT_BY_NAME(SORT_BY_ALIGNMENT(._led_driver_api.static.*)))
                0x0000000010003b18                _led_driver_api_list_end = .

led_strip_driver_api_area
                0x0000000010003b18        0x0
                0x0000000010003b18                _led_strip_driver_api_list_start = .
 *(SORT_BY_NAME(SORT_BY_ALIGNMENT(._led_strip_driver_api.static.*)))
                0x0000000010003b18                _led_strip_driver_api_list_end = .

lora_driver_api_area
                0x0000000010003b18        0x0
                0x0000000010003b18                _lora_driver_api_list_start = .
 *(SORT_BY_NAME(SORT_BY_ALIGNMENT(._lora_driver_api.static.*)))
                0x0000000010003b18                _lora_driver_api_list_end = .

mbox_driver_api_area
                0x0000000010003b18        0x0
                0x0000000010003b18                _mbox_driver_api_list_start = .
 *(SORT_BY_NAME(SORT_BY_ALIGNMENT(._mbox_driver_api.static.*)))
                0x0000000010003b18                _mbox_driver_api_list_end = .

mdio_driver_api_area
                0x0000000010003b18        0x0
                0x0000000010003b18                _mdio_driver_api_list_start = .
 *(SORT_BY_NAME(SORT_BY_ALIGNMENT(._mdio_driver_api.static.*)))
                0x0000000010003b18                _mdio_driver_api_list_end = .

mipi_dbi_driver_api_area
                0x0000000010003b18        0x0
                0x0000000010003b18                _mipi_dbi_driver_api_list_start = .
 *(SORT_BY_NAME(SORT_BY_ALIGNMENT(._mipi_dbi_driver_api.static.*)))
                0x0000000010003b18                _mipi_dbi_driver_api_list_end = .

mipi_dsi_driver_api_area
                0x0000000010003b18        0x0
                0x0000000010003b18                _mipi_dsi_driver_api_list_start = .
 *(SORT_BY_NAME(SORT_BY_ALIGNMENT(._mipi_dsi_driver_api.static.*)))
                0x0000000010003b18                _mipi_dsi_driver_api_list_end = .

mspi_driver_api_area
                0x0000000010003b18        0x0
                0x0000000010003b18                _mspi_driver_api_list_start = .
 *(SORT_BY_NAME(SORT_BY_ALIGNMENT(._mspi_driver_api.static.*)))
                0x0000000010003b18                _mspi_driver_api_list_end = .

opamp_driver_api_area
                0x0000000010003b18        0x0
                0x0000000010003b18                _opamp_driver_api_list_start = .
 *(SORT_BY_NAME(SORT_BY_ALIGNMENT(._opamp_driver_api.static.*)))
                0x0000000010003b18                _opamp_driver_api_list_end = .

peci_driver_api_area
                0x0000000010003b18        0x0
                0x0000000010003b18                _peci_driver_api_list_start = .
 *(SORT_BY_NAME(SORT_BY_ALIGNMENT(._peci_driver_api.static.*)))
                0x0000000010003b18                _peci_driver_api_list_end = .

ps2_driver_api_area
                0x0000000010003b18        0x0
                0x0000000010003b18                _ps2_driver_api_list_start = .
 *(SORT_BY_NAME(SORT_BY_ALIGNMENT(._ps2_driver_api.static.*)))
                0x0000000010003b18                _ps2_driver_api_list_end = .

ptp_clock_driver_api_area
                0x0000000010003b18        0x0
                0x0000000010003b18                _ptp_clock_driver_api_list_start = .
 *(SORT_BY_NAME(SORT_BY_ALIGNMENT(._ptp_clock_driver_api.static.*)))
                0x0000000010003b18                _ptp_clock_driver_api_list_end = .

pwm_driver_api_area
                0x0000000010003b18        0x0
                0x0000000010003b18                _pwm_driver_api_list_start = .
 *(SORT_BY_NAME(SORT_BY_ALIGNMENT(._pwm_driver_api.static.*)))
                0x0000000010003b18                _pwm_driver_api_list_end = .

regulator_parent_driver_api_area
                0x0000000010003b18        0x0
                0x0000000010003b18                _regulator_parent_driver_api_list_start = .
 *(SORT_BY_NAME(SORT_BY_ALIGNMENT(._regulator_parent_driver_api.static.*)))
                0x0000000010003b18                _regulator_parent_driver_api_list_end = .

regulator_driver_api_area
                0x0000000010003b18        0x0
                0x0000000010003b18                _regulator_driver_api_list_start = .
 *(SORT_BY_NAME(SORT_BY_ALIGNMENT(._regulator_driver_api.static.*)))
                0x0000000010003b18                _regulator_driver_api_list_end = .

retained_mem_driver_api_area
                0x0000000010003b18        0x0
                0x0000000010003b18                _retained_mem_driver_api_list_start = .
 *(SORT_BY_NAME(SORT_BY_ALIGNMENT(._retained_mem_driver_api.static.*)))
                0x0000000010003b18                _retained_mem_driver_api_list_end = .

rtc_driver_api_area
                0x0000000010003b18        0x0
                0x0000000010003b18                _rtc_driver_api_list_start = .
 *(SORT_BY_NAME(SORT_BY_ALIGNMENT(._rtc_driver_api.static.*)))
                0x0000000010003b18                _rtc_driver_api_list_end = .

sdhc_driver_api_area
                0x0000000010003b18        0x0
                0x0000000010003b18                _sdhc_driver_api_list_start = .
 *(SORT_BY_NAME(SORT_BY_ALIGNMENT(._sdhc_driver_api.static.*)))
                0x0000000010003b18                _sdhc_driver_api_list_end = .

sensor_driver_api_area
                0x0000000010003b18        0x0
                0x0000000010003b18                _sensor_driver_api_list_start = .
 *(SORT_BY_NAME(SORT_BY_ALIGNMENT(._sensor_driver_api.static.*)))
                0x0000000010003b18                _sensor_driver_api_list_end = .

smbus_driver_api_area
                0x0000000010003b18        0x0
                0x0000000010003b18                _smbus_driver_api_list_start = .
 *(SORT_BY_NAME(SORT_BY_ALIGNMENT(._smbus_driver_api.static.*)))
                0x0000000010003b18                _smbus_driver_api_list_end = .

spi_driver_api_area
                0x0000000010003b18        0x0
                0x0000000010003b18                _spi_driver_api_list_start = .
 *(SORT_BY_NAME(SORT_BY_ALIGNMENT(._spi_driver_api.static.*)))
                0x0000000010003b18                _spi_driver_api_list_end = .

stepper_driver_api_area
                0x0000000010003b18        0x0
                0x0000000010003b18                _stepper_driver_api_list_start = .
 *(SORT_BY_NAME(SORT_BY_ALIGNMENT(._stepper_driver_api.static.*)))
                0x0000000010003b18                _stepper_driver_api_list_end = .

stepper_drv_driver_api_area
                0x0000000010003b18        0x0
                0x0000000010003b18                _stepper_drv_driver_api_list_start = .
 *(SORT_BY_NAME(SORT_BY_ALIGNMENT(._stepper_drv_driver_api.static.*)))
                0x0000000010003b18                _stepper_drv_driver_api_list_end = .

syscon_driver_api_area
                0x0000000010003b18        0x0
                0x0000000010003b18                _syscon_driver_api_list_start = .
 *(SORT_BY_NAME(SORT_BY_ALIGNMENT(._syscon_driver_api.static.*)))
                0x0000000010003b18                _syscon_driver_api_list_end = .

tee_driver_api_area
                0x0000000010003b18        0x0
                0x0000000010003b18                _tee_driver_api_list_start = .
 *(SORT_BY_NAME(SORT_BY_ALIGNMENT(._tee_driver_api.static.*)))
                0x0000000010003b18                _tee_driver_api_list_end = .

video_driver_api_area
                0x0000000010003b18        0x0
                0x0000000010003b18                _video_driver_api_list_start = .
 *(SORT_BY_NAME(SORT_BY_ALIGNMENT(._video_driver_api.static.*)))
                0x0000000010003b18                _video_driver_api_list_end = .

virtio_driver_api_area
                0x0000000010003b18        0x0
                0x0000000010003b18                _virtio_driver_api_list_start = .
 *(SORT_BY_NAME(SORT_BY_ALIGNMENT(._virtio_driver_api.static.*)))
                0x0000000010003b18                _virtio_driver_api_list_end = .

w1_driver_api_area
                0x0000000010003b18        0x0
                0x0000000010003b18                _w1_driver_api_list_start = .
 *(SORT_BY_NAME(SORT_BY_ALIGNMENT(._w1_driver_api.static.*)))
                0x0000000010003b18                _w1_driver_api_list_end = .

wdt_driver_api_area
                0x0000000010003b18        0x0
                0x0000000010003b18                _wdt_driver_api_list_start = .
 *(SORT_BY_NAME(SORT_BY_ALIGNMENT(._wdt_driver_api.static.*)))
                0x0000000010003b18                _wdt_driver_api_list_end = .

can_transceiver_driver_api_area
                0x0000000010003b18        0x0
                0x0000000010003b18                _can_transceiver_driver_api_list_start = .
 *(SORT_BY_NAME(SORT_BY_ALIGNMENT(._can_transceiver_driver_api.static.*)))
                0x0000000010003b18                _can_transceiver_driver_api_list_end = .

nrf_clock_control_driver_api_area
                0x0000000010003b18        0x0
                0x0000000010003b18                _nrf_clock_control_driver_api_list_start = .
 *(SORT_BY_NAME(SORT_BY_ALIGNMENT(._nrf_clock_control_driver_api.static.*)))
                0x0000000010003b18                _nrf_clock_control_driver_api_list_end = .

i3c_target_driver_api_area
                0x0000000010003b18        0x0
                0x0000000010003b18                _i3c_target_driver_api_list_start = .
 *(SORT_BY_NAME(SORT_BY_ALIGNMENT(._i3c_target_driver_api.static.*)))
                0x0000000010003b18                _i3c_target_driver_api_list_end = .

its_driver_api_area
                0x0000000010003b18        0x0
                0x0000000010003b18                _its_driver_api_list_start = .
 *(SORT_BY_NAME(SORT_BY_ALIGNMENT(._its_driver_api.static.*)))
                0x0000000010003b18                _its_driver_api_list_end = .

vtd_driver_api_area
                0x0000000010003b18        0x0
                0x0000000010003b18                _vtd_driver_api_list_start = .
 *(SORT_BY_NAME(SORT_BY_ALIGNMENT(._vtd_driver_api.static.*)))
                0x0000000010003b18                _vtd_driver_api_list_end = .

renesas_elc_driver_api_area
                0x0000000010003b18        0x0
                0x0000000010003b18                _renesas_elc_driver_api_list_start = .
 *(SORT_BY_NAME(SORT_BY_ALIGNMENT(._renesas_elc_driver_api.static.*)))
                0x0000000010003b18                _renesas_elc_driver_api_list_end = .

tgpio_driver_api_area
                0x0000000010003b18        0x0
                0x0000000010003b18                _tgpio_driver_api_list_start = .
 *(SORT_BY_NAME(SORT_BY_ALIGNMENT(._tgpio_driver_api.static.*)))
                0x0000000010003b18                _tgpio_driver_api_list_end = .

pcie_ctrl_driver_api_area
                0x0000000010003b18        0x0
                0x0000000010003b18                _pcie_ctrl_driver_api_list_start = .
 *(SORT_BY_NAME(SORT_BY_ALIGNMENT(._pcie_ctrl_driver_api.static.*)))
                0x0000000010003b18                _pcie_ctrl_driver_api_list_end = .

pcie_ep_driver_api_area
                0x0000000010003b18        0x0
                0x0000000010003b18                _pcie_ep_driver_api_list_start = .
 *(SORT_BY_NAME(SORT_BY_ALIGNMENT(._pcie_ep_driver_api.static.*)))
                0x0000000010003b18                _pcie_ep_driver_api_list_end = .

psi5_driver_api_area
                0x0000000010003b18        0x0
                0x0000000010003b18                _psi5_driver_api_list_start = .
 *(SORT_BY_NAME(SORT_BY_ALIGNMENT(._psi5_driver_api.static.*)))
                0x0000000010003b18                _psi5_driver_api_list_end = .

sent_driver_api_area
                0x0000000010003b18        0x0
                0x0000000010003b18                _sent_driver_api_list_start = .
 *(SORT_BY_NAME(SORT_BY_ALIGNMENT(._sent_driver_api.static.*)))
                0x0000000010003b18                _sent_driver_api_list_end = .

svc_driver_api_area
                0x0000000010003b18        0x0
                0x0000000010003b18                _svc_driver_api_list_start = .
 *(SORT_BY_NAME(SORT_BY_ALIGNMENT(._svc_driver_api.static.*)))
                0x0000000010003b18                _svc_driver_api_list_end = .

uart_driver_api_area
                0x0000000010003b18       0x4c
                0x0000000010003b18                _uart_driver_api_list_start = .
 *(SORT_BY_NAME(SORT_BY_ALIGNMENT(._uart_driver_api.static.*)))
 ._uart_driver_api.static.pl011_driver_api_
                0x0000000010003b18       0x4c zephyr/drivers/serial/libdrivers__serial.a(uart_pl011.c.obj)
                0x0000000010003b64                _uart_driver_api_list_end = .

bc12_emul_driver_api_area
                0x0000000010003b64        0x0
                0x0000000010003b64                _bc12_emul_driver_api_list_start = .
 *(SORT_BY_NAME(SORT_BY_ALIGNMENT(._bc12_emul_driver_api.static.*)))
                0x0000000010003b64                _bc12_emul_driver_api_list_end = .

bc12_driver_api_area
                0x0000000010003b64        0x0
                0x0000000010003b64                _bc12_driver_api_list_start = .
 *(SORT_BY_NAME(SORT_BY_ALIGNMENT(._bc12_driver_api.static.*)))
                0x0000000010003b64                _bc12_driver_api_list_end = .

usbc_ppc_driver_api_area
                0x0000000010003b64        0x0
                0x0000000010003b64                _usbc_ppc_driver_api_list_start = .
 *(SORT_BY_NAME(SORT_BY_ALIGNMENT(._usbc_ppc_driver_api.static.*)))
                0x0000000010003b64                _usbc_ppc_driver_api_list_end = .

tcpc_driver_api_area
                0x0000000010003b64        0x0
                0x0000000010003b64                _tcpc_driver_api_list_start = .
 *(SORT_BY_NAME(SORT_BY_ALIGNMENT(._tcpc_driver_api.static.*)))
                0x0000000010003b64                _tcpc_driver_api_list_end = .

usbc_vbus_driver_api_area
                0x0000000010003b64        0x0
                0x0000000010003b64                _usbc_vbus_driver_api_list_start = .
 *(SORT_BY_NAME(SORT_BY_ALIGNMENT(._usbc_vbus_driver_api.static.*)))
                0x0000000010003b64                _usbc_vbus_driver_api_list_end = .

ivshmem_driver_api_area
                0x0000000010003b64        0x0
                0x0000000010003b64                _ivshmem_driver_api_list_start = .
 *(SORT_BY_NAME(SORT_BY_ALIGNMENT(._ivshmem_driver_api.static.*)))
                0x0000000010003b64                _ivshmem_driver_api_list_end = .

ethphy_driver_api_area
                0x0000000010003b64        0x0
                0x0000000010003b64                _ethphy_driver_api_list_start = .
 *(SORT_BY_NAME(SORT_BY_ALIGNMENT(._ethphy_driver_api.static.*)))
                0x0000000010003b64                _ethphy_driver_api_list_end = .

ztest           0x0000000010003b64        0x0
                0x0000000010003b64                _ztest_expected_result_entry_list_start = .
 *(SORT_BY_NAME(SORT_BY_ALIGNMENT(._ztest_expected_result_entry.static.*)))
                0x0000000010003b64                _ztest_expected_result_entry_list_end = .
                0x0000000010003b64                _ztest_suite_node_list_start = .
 *(SORT_BY_NAME(SORT_BY_ALIGNMENT(._ztest_suite_node.static.*)))
                0x0000000010003b64                _ztest_suite_node_list_end = .
                0x0000000010003b64                _ztest_unit_test_list_start = .
 *(SORT_BY_NAME(SORT_BY_ALIGNMENT(._ztest_unit_test.static.*)))
                0x0000000010003b64                _ztest_unit_test_list_end = .
                0x0000000010003b64                _ztest_test_rule_list_start = .
 *(SORT_BY_NAME(SORT_BY_ALIGNMENT(._ztest_test_rule.static.*)))
                0x0000000010003b64                _ztest_test_rule_list_end = .

init_array      0x0000000010003b64        0x0
                0x0000000010003b64                __zephyr_init_array_start = .
 *(SORT_BY_INIT_PRIORITY(.init_array.*) SORT_BY_INIT_PRIORITY(.ctors.*))
 *(SORT_BY_ALIGNMENT(.init_array) SORT_BY_ALIGNMENT(.ctors))
                0x0000000010003b64                __zephyr_init_array_end = .
                0x0000000000000001                ASSERT ((__zephyr_init_array_start == __zephyr_init_array_end), GNU-style constructors required but STATIC_INIT_GNU not enabled)

bt_l2cap_fixed_chan_area
                0x0000000010003b64        0x0
                0x0000000010003b64                _bt_l2cap_fixed_chan_list_start = .
 *(SORT_BY_NAME(SORT_BY_ALIGNMENT(._bt_l2cap_fixed_chan.static.*)))
                0x0000000010003b64                _bt_l2cap_fixed_chan_list_end = .

bt_gatt_service_static_area
                0x0000000010003b64        0x0
                0x0000000010003b64                _bt_gatt_service_static_list_start = .
 *(SORT_BY_NAME(SORT_BY_ALIGNMENT(._bt_gatt_service_static.static.*)))
                0x0000000010003b64                _bt_gatt_service_static_list_end = .

log_strings_area
                0x0000000010003b64        0x0
                0x0000000010003b64                _log_strings_list_start = .
 *(SORT_BY_NAME(SORT_BY_ALIGNMENT(._log_strings.static.*)))
                0x0000000010003b64                _log_strings_list_end = .

log_stmesp_ptr_area
                0x0000000010003b64        0x0
                0x0000000010003b64                _log_stmesp_ptr_list_start = .
 *(SORT_BY_NAME(SORT_BY_ALIGNMENT(._log_stmesp_ptr.static.*)))
                0x0000000010003b64                _log_stmesp_ptr_list_end = .

log_stmesp_str_area
                0x0000000010003b64        0x0
                0x0000000010003b64                _log_stmesp_str_list_start = .
 *(SORT_BY_NAME(SORT_BY_ALIGNMENT(._log_stmesp_str.static.*)))
                0x0000000010003b64                _log_stmesp_str_list_end = .

log_const_area  0x0000000010003b64        0x0
                0x0000000010003b64                _log_const_list_start = .
 *(SORT_BY_NAME(SORT_BY_ALIGNMENT(._log_const.static.*)))
                0x0000000010003b64                _log_const_list_end = .

log_backend_area
                0x0000000010003b64        0x0
                0x0000000010003b64                _log_backend_list_start = .
 *(SORT_BY_NAME(SORT_BY_ALIGNMENT(._log_backend.static.*)))
                0x0000000010003b64                _log_backend_list_end = .

log_link_area   0x0000000010003b64        0x0
                0x0000000010003b64                _log_link_list_start = .
 *(SORT_BY_NAME(SORT_BY_ALIGNMENT(._log_link.static.*)))
                0x0000000010003b64                _log_link_list_end = .

tracing_backend_area
                0x0000000010003b64        0x0
                0x0000000010003b64                _tracing_backend_list_start = .
 *(SORT_BY_NAME(SORT_BY_ALIGNMENT(._tracing_backend.static.*)))
                0x0000000010003b64                _tracing_backend_list_end = .

zephyr_dbg_info
 *(SORT_BY_ALIGNMENT(.dbg_thread_info))

intc_table_area
                0x0000000010003b64        0x0
                0x0000000010003b64                _intc_table_list_start = .
 *(SORT_BY_NAME(SORT_BY_ALIGNMENT(._intc_table.static.*)))
                0x0000000010003b64                _intc_table_list_end = .

symbol_to_keep  0x0000000010003b64        0x0
                0x0000000010003b64                __symbol_to_keep_start = .
 *(SORT_BY_NAME(SORT_BY_ALIGNMENT(.symbol_to_keep*)))
                0x0000000010003b64                __symbol_to_keep_end = .

shell_area      0x0000000010003b64        0x0
                0x0000000010003b64                _shell_list_start = .
 *(SORT_BY_NAME(SORT_BY_ALIGNMENT(._shell.static.*)))
                0x0000000010003b64                _shell_list_end = .

shell_root_cmds_area
                0x0000000010003b64        0x0
                0x0000000010003b64                _shell_root_cmds_list_start = .
 *(SORT_BY_NAME(SORT_BY_ALIGNMENT(._shell_root_cmds.static.*)))
                0x0000000010003b64                _shell_root_cmds_list_end = .

shell_subcmds_area
                0x0000000010003b64        0x0
                0x0000000010003b64                _shell_subcmds_list_start = .
 *(SORT_BY_NAME(SORT_BY_ALIGNMENT(._shell_subcmds.static.*)))
                0x0000000010003b64                _shell_subcmds_list_end = .

shell_dynamic_subcmds_area
                0x0000000010003b64        0x0
                0x0000000010003b64                _shell_dynamic_subcmds_list_start = .
 *(SORT_BY_NAME(SORT_BY_ALIGNMENT(._shell_dynamic_subcmds.static.*)))
                0x0000000010003b64                _shell_dynamic_subcmds_list_end = .

cfb_font_area   0x0000000010003b64        0x0
                0x0000000010003b64                _cfb_font_list_start = .
 *(SORT_BY_NAME(SORT_BY_ALIGNMENT(._cfb_font.static.*)))
                0x0000000010003b64                _cfb_font_list_end = .

tdata           0x0000000010003b64        0x0
 *(SORT_BY_ALIGNMENT(.tdata) SORT_BY_ALIGNMENT(.tdata.*) SORT_BY_ALIGNMENT(.gnu.linkonce.td.*))

tbss            0x0000000010003b64        0x4
 *(SORT_BY_ALIGNMENT(.tbss) SORT_BY_ALIGNMENT(.tbss.*) SORT_BY_ALIGNMENT(.gnu.linkonce.tb.*) SORT_BY_ALIGNMENT(.tcommon))
 .tbss.z_tls_current
                0x0000000010003b64        0x4 zephyr/libzephyr.a(thread_entry.c.obj)
                0x0000000010003b64                z_tls_current
                0x0000000010003b64                PROVIDE (__tdata_start = LOADADDR (tdata))
                0x0000000000000001                PROVIDE (__tdata_align = ALIGNOF (tdata))
                0x0000000000000000                PROVIDE (__tdata_size = (((SIZEOF (tdata) + __tdata_align) - 0x1) & ~ ((__tdata_align - 0x1))))
                [!provide]                        PROVIDE (__tdata_end = (__tdata_start + __tdata_size))
                0x0000000000000004                PROVIDE (__tbss_align = ALIGNOF (tbss))
                [!provide]                        PROVIDE (__tbss_start = ADDR (tbss))
                0x0000000000000004                PROVIDE (__tbss_size = (((SIZEOF (tbss) + __tbss_align) - 0x1) & ~ ((__tbss_align - 0x1))))
                [!provide]                        PROVIDE (__tbss_end = (__tbss_start + __tbss_size))
                [!provide]                        PROVIDE (__tls_start = __tdata_start)
                [!provide]                        PROVIDE (__tls_end = __tbss_end)
                [!provide]                        PROVIDE (__tls_size = (__tbss_end - __tdata_start))

rodata          0x0000000010003b64      0x3b8
 *(SORT_BY_ALIGNMENT(.rodata))
 .rodata        0x0000000010003b64       0x22 zephyr/drivers/clock_control/libdrivers__clock_control.a(clock_control_rpi_pico.c.obj)
 *(SORT_BY_ALIGNMENT(.rodata.*))
 *fill*         0x0000000010003b86        0x2 
 .rodata.clock_control_rpi_pico_config
                0x0000000010003b88       0xf0 zephyr/drivers/clock_control/libdrivers__clock_control.a(clock_control_rpi_pico.c.obj)
 .rodata.__pinctrl_dev_config__device_dts_ord_25
                0x0000000010003c78        0x8 zephyr/drivers/clock_control/libdrivers__clock_control.a(clock_control_rpi_pico.c.obj)
 .rodata.__pinctrl_states__device_dts_ord_25
                0x0000000010003c80        0x0 zephyr/drivers/clock_control/libdrivers__clock_control.a(clock_control_rpi_pico.c.obj)
 .rodata.gpio_rpi_0_config
                0x0000000010003c80        0x8 zephyr/drivers/gpio/libdrivers__gpio.a(gpio_rpi_pico.c.obj)
 .rodata.__pinctrl_dev_config__device_dts_ord_64
                0x0000000010003c88        0x8 zephyr/drivers/serial/libdrivers__serial.a(uart_pl011.c.obj)
 .rodata.__pinctrl_states__device_dts_ord_64
                0x0000000010003c90        0x8 zephyr/drivers/serial/libdrivers__serial.a(uart_pl011.c.obj)
 .rodata.__pinctrl_state_pins_0__device_dts_ord_64
                0x0000000010003c98        0x8 zephyr/drivers/serial/libdrivers__serial.a(uart_pl011.c.obj)
 .rodata.levels.0
                0x0000000010003ca0       0x18 zephyr/kernel/libkernel.a(init.c.obj)
 .rodata.thread0.str1.1
                0x0000000010003cb8       0x15 app/libapp.a(main.c.obj)
 .rodata.thread1.str1.1
                0x0000000010003ccd       0x15 app/libapp.a(main.c.obj)
 .rodata.str1.1
                0x0000000010003ce2       0x1a app/libapp.a(main.c.obj)
 .rodata.z_arm_fatal_error.str1.1
                0x0000000010003cfc       0xb3 zephyr/arch/arch/arm/core/libarch__arm__core.a(fatal.c.obj)
 .rodata.z_arm_fault.str1.1
                0x0000000010003daf       0xa3 zephyr/arch/arch/arm/core/cortex_m/libarch__arm__core__cortex_m.a(fault.c.obj)
 .rodata.abort.str1.1
                0x0000000010003e52        0x9 zephyr/lib/libc/common/liblib__libc__common.a(abort.c.obj)
 .rodata.table.0
                0x0000000010003e5b        0x6 zephyr/drivers/clock_control/libdrivers__clock_control.a(clock_control_rpi_pico.c.obj)
 .rodata.table.1
                0x0000000010003e61        0x7 zephyr/drivers/clock_control/libdrivers__clock_control.a(clock_control_rpi_pico.c.obj)
 .rodata.table.2
                0x0000000010003e68        0x6 zephyr/drivers/clock_control/libdrivers__clock_control.a(clock_control_rpi_pico.c.obj)
 .rodata.table.3
                0x0000000010003e6e        0x3 zephyr/drivers/clock_control/libdrivers__clock_control.a(clock_control_rpi_pico.c.obj)
 .rodata.table.4
                0x0000000010003e71        0xb zephyr/drivers/clock_control/libdrivers__clock_control.a(clock_control_rpi_pico.c.obj)
 .rodata.str1.1
                0x0000000010003e7c       0x1a zephyr/drivers/clock_control/libdrivers__clock_control.a(clock_control_rpi_pico.c.obj)
 .rodata.str1.1
                0x0000000010003e96        0xc zephyr/drivers/gpio/libdrivers__gpio.a(gpio_rpi_pico.c.obj)
 .rodata.str1.1
                0x0000000010003ea2       0x1a zephyr/drivers/reset/libdrivers__reset.a(reset_rpi_pico.c.obj)
 .rodata.str1.1
                0x0000000010003ebc        0xe zephyr/drivers/serial/libdrivers__serial.a(uart_pl011.c.obj)
 .rodata.z_cstart.str1.1
                0x0000000010003eca        0x5 zephyr/kernel/libkernel.a(init.c.obj)
 .rodata.boot_banner.str1.1
                0x0000000010003ecf       0x3b zephyr/kernel/libkernel.a(banner.c.obj)
 .rodata.__l_vfprintf.str1.1
                0x0000000010003f0a        0xf /home/ezhil/zephyr-sdk-0.17.4/arm-zephyr-eabi/bin/../lib/gcc/../../picolibc/arm-zephyr-eabi/lib/thumb/v6-m/nofp/libc.a(libc_tinystdio_vflprintf.c.o)
 *(SORT_BY_ALIGNMENT(.gnu.linkonce.r.*))
                0x0000000010003f1c                . = ALIGN (0x4)
 *fill*         0x0000000010003f19        0x3 
                [!provide]                        PROVIDE (__eh_frame_start = 0x0)
                [!provide]                        PROVIDE (__eh_frame_end = 0x0)
                [!provide]                        PROVIDE (__eh_frame_hdr_start = 0x0)
                [!provide]                        PROVIDE (__eh_frame_hdr_end = 0x0)

/DISCARD/
 *(SORT_BY_ALIGNMENT(.eh_frame))
                0x0000000010003f1c                __rodata_region_end = .
                0x0000000010003f1c                . = ALIGN (_region_min_align)
                0x0000000010003f1c                __rom_region_end = ((__rom_region_start + .) - ADDR (rom_start))
                0x0000000000003e1c                __rom_region_size = (__rom_region_end - __rom_region_start)

/DISCARD/
 *(SORT_BY_ALIGNMENT(.got.plt))
 *(SORT_BY_ALIGNMENT(.igot.plt))
 *(SORT_BY_ALIGNMENT(.got))
 *(SORT_BY_ALIGNMENT(.igot))
                0x0000000020000000                . = 0x20000000
                0x0000000020000000                . = ALIGN (_region_min_align)
                0x0000000020000000                _image_ram_start = .

.ramfunc        0x0000000020000000        0x0 load address 0x0000000010003f1c
                0x0000000020000000                __ramfunc_region_start = .
                0x0000000020000000                . = ALIGN (_region_min_align)
                0x0000000020000000                __ramfunc_start = .
 *(SORT_BY_ALIGNMENT(.ramfunc))
 *(SORT_BY_ALIGNMENT(.ramfunc.*))
                0x0000000020000000                . = ALIGN (_region_min_align)
                0x0000000020000000                __ramfunc_end = .
                0x0000000000000000                __ramfunc_size = (__ramfunc_end - __ramfunc_start)
                0x0000000010003f1c                __ramfunc_load_start = LOADADDR (.ramfunc)

datas           0x0000000020000000       0x6c load address 0x0000000010003f1c
                0x0000000020000000                __data_region_start = .
                0x0000000020000000                __data_start = .
 *(SORT_BY_ALIGNMENT(.data))
 *(SORT_BY_ALIGNMENT(.data.*))
 .data._char_out
                0x0000000020000000        0x4 zephyr/libzephyr.a(printk.c.obj)
 .data.__stdout
                0x0000000020000004       0x10 zephyr/lib/libc/picolibc/liblib__libc__picolibc.a(stdio.c.obj)
 .data.clock_control_rpi_pico_data
                0x0000000020000014        0x8 zephyr/drivers/clock_control/libdrivers__clock_control.a(clock_control_rpi_pico.c.obj)
 .data.pl011_data_port_0
                0x000000002000001c       0x1c zephyr/drivers/serial/libdrivers__serial.a(uart_pl011.c.obj)
 .data.pl011_cfg_port_0
                0x0000000020000038       0x28 zephyr/drivers/serial/libdrivers__serial.a(uart_pl011.c.obj)
 .data.slice_ticks
                0x0000000020000060        0x4 zephyr/kernel/libkernel.a(timeslicing.c.obj)
 .data.timeout_list
                0x0000000020000064        0x8 zephyr/kernel/libkernel.a(timeout.c.obj)
 *(SORT_BY_ALIGNMENT(.kernel.*))
                0x000000002000006c                __data_end = .
                0x000000000000006c                __data_size = (__data_end - __data_start)
                0x0000000010003f1c                __data_load_start = LOADADDR (datas)
                0x0000000010003f1c                __data_region_load_start = LOADADDR (datas)

device_states   0x000000002000006c        0x8 load address 0x0000000010003f88
                0x000000002000006c                . = ALIGN (0x4)
                0x000000002000006c                __device_states_start = .
 *(SORT_BY_ALIGNMENT(.z_devstate))
 .z_devstate    0x000000002000006c        0x2 zephyr/drivers/clock_control/libdrivers__clock_control.a(clock_control_rpi_pico.c.obj)
 .z_devstate    0x000000002000006e        0x2 zephyr/drivers/gpio/libdrivers__gpio.a(gpio_rpi_pico.c.obj)
 .z_devstate    0x0000000020000070        0x2 zephyr/drivers/reset/libdrivers__reset.a(reset_rpi_pico.c.obj)
 .z_devstate    0x0000000020000072        0x2 zephyr/drivers/serial/libdrivers__serial.a(uart_pl011.c.obj)
 *(SORT_BY_ALIGNMENT(.z_devstate.*))
                0x0000000020000074                __device_states_end = .
                0x0000000020000074                . = ALIGN (0x4)

log_mpsc_pbuf_area
                0x0000000020000074        0x0 load address 0x0000000010003f90
                0x0000000020000074                _log_mpsc_pbuf_list_start = .
 *(SORT_BY_NAME(SORT_BY_ALIGNMENT(._log_mpsc_pbuf.static.*)))
                0x0000000020000074                _log_mpsc_pbuf_list_end = .

log_msg_ptr_area
                0x0000000020000074        0x0 load address 0x0000000010003f90
                0x0000000020000074                _log_msg_ptr_list_start = .
 *(SORT_BY_NAME(SORT_BY_ALIGNMENT(._log_msg_ptr.static.*)))
                0x0000000020000074                _log_msg_ptr_list_end = .

log_dynamic_area
                0x0000000020000074        0x0 load address 0x0000000010003f90
                0x0000000020000074                _log_dynamic_list_start = .
 *(SORT_BY_NAME(SORT_BY_ALIGNMENT(._log_dynamic.static.*)))
                0x0000000020000074                _log_dynamic_list_end = .

k_timer_area    0x0000000020000074        0x0 load address 0x0000000010003f90
                0x0000000020000074                _k_timer_list_start = .
 *(SORT_BY_NAME(SORT_BY_ALIGNMENT(._k_timer.static.*)))
                0x0000000020000074                _k_timer_list_end = .

k_mem_slab_area
                0x0000000020000074        0x0 load address 0x0000000010003f90
                0x0000000020000074                _k_mem_slab_list_start = .
 *(SORT_BY_NAME(SORT_BY_ALIGNMENT(._k_mem_slab.static.*)))
                0x0000000020000074                _k_mem_slab_list_end = .

k_heap_area     0x0000000020000074        0x0 load address 0x0000000010003f90
                0x0000000020000074                _k_heap_list_start = .
 *(SORT_BY_NAME(SORT_BY_ALIGNMENT(._k_heap.static.*)))
                0x0000000020000074                _k_heap_list_end = .

k_mutex_area    0x0000000020000074        0x0 load address 0x0000000010003f90
                0x0000000020000074                _k_mutex_list_start = .
 *(SORT_BY_NAME(SORT_BY_ALIGNMENT(._k_mutex.static.*)))
                0x0000000020000074                _k_mutex_list_end = .

k_stack_area    0x0000000020000074        0x0 load address 0x0000000010003f90
                0x0000000020000074                _k_stack_list_start = .
 *(SORT_BY_NAME(SORT_BY_ALIGNMENT(._k_stack.static.*)))
                0x0000000020000074                _k_stack_list_end = .

k_msgq_area     0x0000000020000074        0x0 load address 0x0000000010003f90
                0x0000000020000074                _k_msgq_list_start = .
 *(SORT_BY_NAME(SORT_BY_ALIGNMENT(._k_msgq.static.*)))
                0x0000000020000074                _k_msgq_list_end = .

k_mbox_area     0x0000000020000074        0x0 load address 0x0000000010003f90
                0x0000000020000074                _k_mbox_list_start = .
 *(SORT_BY_NAME(SORT_BY_ALIGNMENT(._k_mbox.static.*)))
                0x0000000020000074                _k_mbox_list_end = .

k_pipe_area     0x0000000020000074        0x0 load address 0x0000000010003f90
                0x0000000020000074                _k_pipe_list_start = .
 *(SORT_BY_NAME(SORT_BY_ALIGNMENT(._k_pipe.static.*)))
                0x0000000020000074                _k_pipe_list_end = .

k_sem_area      0x0000000020000074        0x0 load address 0x0000000010003f90
                0x0000000020000074                _k_sem_list_start = .
 *(SORT_BY_NAME(SORT_BY_ALIGNMENT(._k_sem.static.*)))
                0x0000000020000074                _k_sem_list_end = .

k_event_area    0x0000000020000074        0x0 load address 0x0000000010003f90
                0x0000000020000074                _k_event_list_start = .
 *(SORT_BY_NAME(SORT_BY_ALIGNMENT(._k_event.static.*)))
                0x0000000020000074                _k_event_list_end = .

k_queue_area    0x0000000020000074        0x0 load address 0x0000000010003f90
                0x0000000020000074                _k_queue_list_start = .
 *(SORT_BY_NAME(SORT_BY_ALIGNMENT(._k_queue.static.*)))
                0x0000000020000074                _k_queue_list_end = .

k_fifo_area     0x0000000020000074        0x0 load address 0x0000000010003f90
                0x0000000020000074                _k_fifo_list_start = .
 *(SORT_BY_NAME(SORT_BY_ALIGNMENT(._k_fifo.static.*)))
                0x0000000020000074                _k_fifo_list_end = .

k_lifo_area     0x0000000020000074        0x0 load address 0x0000000010003f90
                0x0000000020000074                _k_lifo_list_start = .
 *(SORT_BY_NAME(SORT_BY_ALIGNMENT(._k_lifo.static.*)))
                0x0000000020000074                _k_lifo_list_end = .

k_condvar_area  0x0000000020000074        0x0 load address 0x0000000010003f90
                0x0000000020000074                _k_condvar_list_start = .
 *(SORT_BY_NAME(SORT_BY_ALIGNMENT(._k_condvar.static.*)))
                0x0000000020000074                _k_condvar_list_end = .

sys_mem_blocks_ptr_area
                0x0000000020000074        0x0 load address 0x0000000010003f90
                0x0000000020000074                _sys_mem_blocks_ptr_list_start = .
 *(SORT_BY_NAME(SORT_BY_ALIGNMENT(._sys_mem_blocks_ptr.static.*)))
                0x0000000020000074                _sys_mem_blocks_ptr_list_end = .

net_buf_pool_area
                0x0000000020000074        0x0 load address 0x0000000010003f90
                0x0000000020000074                _net_buf_pool_list_start = .
 *(SORT_BY_NAME(SORT_BY_ALIGNMENT(._net_buf_pool.static.*)))