Archive member included to satisfy reference by file (symbol)

app/libapp.a(main.c.obj)      (--whole-archive)
zephyr/libzephyr.a(validate_libc.c.obj)
                              (--whole-archive)
zephyr/libzephyr.a(heap.c.obj)
                              (--whole-archive)
zephyr/libzephyr.a(cbprintf_packaged.c.obj)
                              (--whole-archive)
zephyr/libzephyr.a(clock.c.obj)
                              (--whole-archive)
zephyr/libzephyr.a(printk.c.obj)
                              (--whole-archive)
zephyr/libzephyr.a(sem.c.obj)
                              (--whole-archive)
zephyr/libzephyr.a(thread_entry.c.obj)
                              (--whole-archive)
zephyr/libzephyr.a(cbprintf_complete.c.obj)
                              (--whole-archive)
zephyr/libzephyr.a(assert.c.obj)
                              (--whole-archive)
zephyr/libzephyr.a(dec.c.obj)
                              (--whole-archive)
zephyr/libzephyr.a(hex.c.obj)
                              (--whole-archive)
zephyr/libzephyr.a(rb.c.obj)  (--whole-archive)
zephyr/libzephyr.a(timeutil.c.obj)
                              (--whole-archive)
zephyr/libzephyr.a(bitarray.c.obj)
                              (--whole-archive)
zephyr/libzephyr.a(bitmask.c.obj)
                              (--whole-archive)
zephyr/libzephyr.a(getopt.c.obj)
                              (--whole-archive)
zephyr/libzephyr.a(getopt_common.c.obj)
                              (--whole-archive)
zephyr/libzephyr.a(ring_buffer.c.obj)
                              (--whole-archive)
zephyr/libzephyr.a(last_section_id.c.obj)
                              (--whole-archive)
zephyr/libzephyr.a(configs.c.obj)
                              (--whole-archive)
zephyr/libzephyr.a(soc.c.obj)
                              (--whole-archive)
zephyr/libzephyr.a(tracing_none.c.obj)
                              (--whole-archive)
zephyr/libzephyr.a(usb_device.c.obj)
                              (--whole-archive)
zephyr/libzephyr.a(usb_descriptor.c.obj)
                              (--whole-archive)
zephyr/libzephyr.a(usb_transfer.c.obj)
                              (--whole-archive)
zephyr/libzephyr.a(cdc_acm.c.obj)
                              (--whole-archive)
zephyr/libzephyr.a(usb_work_q.c.obj)
                              (--whole-archive)
zephyr/arch/common/libarch__common.a(sw_isr_common.c.obj)
                              (--whole-archive)
zephyr/arch/common/libarch__common.a(init.c.obj)
                              (--whole-archive)
zephyr/arch/common/libarch__common.a(xip.c.obj)
                              (--whole-archive)
zephyr/arch/arch/arm/core/libarch__arm__core.a(fatal.c.obj)
                              (--whole-archive)
zephyr/arch/arch/arm/core/libarch__arm__core.a(nmi.c.obj)
                              (--whole-archive)
zephyr/arch/arch/arm/core/libarch__arm__core.a(nmi_on_reset.S.obj)
                              (--whole-archive)
zephyr/arch/arch/arm/core/libarch__arm__core.a(tls.c.obj)
                              (--whole-archive)
zephyr/arch/arch/arm/core/cortex_m/libarch__arm__core__cortex_m.a(exc_exit.c.obj)
                              (--whole-archive)
zephyr/arch/arch/arm/core/cortex_m/libarch__arm__core__cortex_m.a(fault.c.obj)
                              (--whole-archive)
zephyr/arch/arch/arm/core/cortex_m/libarch__arm__core__cortex_m.a(fault_s.S.obj)
                              (--whole-archive)
zephyr/arch/arch/arm/core/cortex_m/libarch__arm__core__cortex_m.a(fpu.c.obj)
                              (--whole-archive)
zephyr/arch/arch/arm/core/cortex_m/libarch__arm__core__cortex_m.a(reset.S.obj)
                              (--whole-archive)
zephyr/arch/arch/arm/core/cortex_m/libarch__arm__core__cortex_m.a(scb.c.obj)
                              (--whole-archive)
zephyr/arch/arch/arm/core/cortex_m/libarch__arm__core__cortex_m.a(thread_abort.c.obj)
                              (--whole-archive)
zephyr/arch/arch/arm/core/cortex_m/libarch__arm__core__cortex_m.a(vector_table.S.obj)
                              (--whole-archive)
zephyr/arch/arch/arm/core/cortex_m/libarch__arm__core__cortex_m.a(swap_helper.S.obj)
                              (--whole-archive)
zephyr/arch/arch/arm/core/cortex_m/libarch__arm__core__cortex_m.a(irq_manage.c.obj)
                              (--whole-archive)
zephyr/arch/arch/arm/core/cortex_m/libarch__arm__core__cortex_m.a(prep_c.c.obj)
                              (--whole-archive)
zephyr/arch/arch/arm/core/cortex_m/libarch__arm__core__cortex_m.a(thread.c.obj)
                              (--whole-archive)
zephyr/arch/arch/arm/core/cortex_m/libarch__arm__core__cortex_m.a(cpu_idle.c.obj)
                              (--whole-archive)
zephyr/arch/arch/arm/core/cortex_m/libarch__arm__core__cortex_m.a(irq_init.c.obj)
                              (--whole-archive)
zephyr/arch/arch/arm/core/cortex_m/libarch__arm__core__cortex_m.a(isr_wrapper.c.obj)
[...]
Memory Configuration

Name             Origin             Length             Attributes
BOOT_FLASH       0x0000000010000000 0x0000000000000100 r
FLASH            0x0000000010000100 0x00000000001fff00 xr
RAM              0x0000000020000000 0x0000000000042000 xw
IDT_LIST         0x00000000ffff7fff 0x0000000000008000 xw
*default*        0x0000000000000000 0xffffffffffffffff

Linker script and memory map

                0x000000001000521c                vfprintf = __l_vfprintf
                0x0000000000000000                vfscanf = __l_vfscanf
LOAD zephyr/CMakeFiles/zephyr_pre0.dir/misc/empty_file.c.obj
LOAD zephyr/CMakeFiles/offsets.dir/./arch/arm/core/offsets/offsets.c.obj
LOAD app/libapp.a
LOAD zephyr/libzephyr.a
LOAD zephyr/arch/common/libarch__common.a
LOAD zephyr/arch/arch/arm/core/libarch__arm__core.a
LOAD zephyr/arch/arch/arm/core/cortex_m/libarch__arm__core__cortex_m.a
LOAD zephyr/lib/libc/picolibc/liblib__libc__picolibc.a
LOAD zephyr/lib/libc/common/liblib__libc__common.a
LOAD zephyr/lib/posix/c_lib_ext/liblib__posix__c_lib_ext.a
LOAD zephyr/drivers/usb/device/libdrivers__usb__device.a
LOAD zephyr/drivers/adc/libdrivers__adc.a
LOAD zephyr/drivers/clock_control/libdrivers__clock_control.a
LOAD zephyr/drivers/console/libdrivers__console.a
LOAD zephyr/drivers/gpio/libdrivers__gpio.a
LOAD zephyr/drivers/hwinfo/libdrivers__hwinfo.a
LOAD zephyr/drivers/pinctrl/libdrivers__pinctrl.a
LOAD zephyr/drivers/reset/libdrivers__reset.a
LOAD zephyr/drivers/serial/libdrivers__serial.a
LOAD zephyr/drivers/timer/libdrivers__timer.a
LOAD modules/hal_rpi_pico/libmodules__hal_rpi_pico.a
LOAD zephyr/kernel/libkernel.a
LOAD zephyr/arch/common/libisr_tables.a
LOAD /home/ezhil/zephyr-sdk-0.17.4/arm-zephyr-eabi/bin/../lib/gcc/../../picolibc/arm-zephyr-eabi/lib/thumb/v6-m/nofp/libc.a
LOAD /home/ezhil/zephyr-sdk-0.17.4/arm-zephyr-eabi/bin/../lib/gcc/arm-zephyr-eabi/12.2.0/thumb/v6-m/nofp/libgcc.a

.boot2          0x0000000010000000      0x100
 *(SORT_BY_ALIGNMENT(.boot2))
 .boot2         0x0000000010000000      0x100 modules/hal_rpi_pico/libmodules__hal_rpi_pico.a(boot_stage2.S.obj)
                0x0000000000000004                _region_min_align = 0x4

.rel.plt        0x0000000010000100        0x0
 *(SORT_BY_ALIGNMENT(.rel.plt))
                [!provide]                        PROVIDE (__rel_iplt_start = .)
 *(SORT_BY_ALIGNMENT(.rel.iplt))
 .rel.iplt      0x0000000010000100        0x0 app/libapp.a(main.c.obj)
                [!provide]                        PROVIDE (__rel_iplt_end = .)

.rela.plt       0x0000000010000100        0x0
 *(SORT_BY_ALIGNMENT(.rela.plt))
                [!provide]                        PROVIDE (__rela_iplt_start = .)
 *(SORT_BY_ALIGNMENT(.rela.iplt))
                [!provide]                        PROVIDE (__rela_iplt_end = .)

.rel.dyn
 *(SORT_BY_ALIGNMENT(.rel.*))

.rela.dyn
 *(SORT_BY_ALIGNMENT(.rela.*))

/DISCARD/
 *(SORT_BY_ALIGNMENT(.plt))

/DISCARD/
 *(SORT_BY_ALIGNMENT(.iplt))
                0x0000000010000100                __rom_region_start = 0x10000100

rom_start       0x0000000010000100       0xa8
                0x0000000010000100                __rom_start_address = .
 FILL mask 0x00
                0x0000000010000100                . = (. + (0x0 - (. - __rom_start_address)))
                0x0000000010000100                . = ALIGN (0x4)
                0x0000000010000100                . = ALIGN (0x100)
                0x0000000010000100                . = ALIGN (0x100)
                0x0000000010000100                _vector_start = .
 *(SORT_BY_ALIGNMENT(.exc_vector_table))
 *(SORT_BY_ALIGNMENT(.exc_vector_table.*))
 .exc_vector_table._vector_table_section
                0x0000000010000100       0x40 zephyr/arch/arch/arm/core/cortex_m/libarch__arm__core__cortex_m.a(vector_table.S.obj)
                0x0000000010000100                _vector_table
 *(SORT_BY_ALIGNMENT(.vectors))
                0x00000000100001a8                _vector_end = .
                0x0000000010000140                . = ALIGN (0x4)
 *(SORT_BY_ALIGNMENT(.gnu.linkonce.irq_vector_table*))
 .gnu.linkonce.irq_vector_table
                0x0000000010000140       0x68 zephyr/arch/common/libisr_tables.a(isr_tables.c.obj)
                0x0000000010000140                _irq_vector_table
                0x00000000100001a8                _vector_end = .

text            0x00000000100001a8     0x69e0
                0x00000000100001a8                __text_region_start = .
 *(SORT_BY_ALIGNMENT(.text))
 .text          0x00000000100001a8       0x14 /home/ezhil/zephyr-sdk-0.17.4/arm-zephyr-eabi/bin/../lib/gcc/arm-zephyr-eabi/12.2.0/thumb/v6-m/nofp/libgcc.a(_thumb1_case_uqi.o)
                0x00000000100001a8                __gnu_thumb1_case_uqi
 .text          0x00000000100001bc       0x8c /home/ezhil/zephyr-sdk-0.17.4/arm-zephyr-eabi/bin/../lib/gcc/arm-zephyr-eabi/12.2.0/thumb/v6-m/nofp/libgcc.a(_udivsi3.o)
                0x00000000100001bc                __udivsi3
                0x00000000100001bc                __aeabi_uidiv
                0x0000000010000234                __aeabi_uidivmod
 .text          0x0000000010000248       0xa8 /home/ezhil/zephyr-sdk-0.17.4/arm-zephyr-eabi/bin/../lib/gcc/arm-zephyr-eabi/12.2.0/thumb/v6-m/nofp/libgcc.a(_divsi3.o)
                0x0000000010000248                __aeabi_idiv
                0x0000000010000248                __divsi3
                0x00000000100002dc                __aeabi_idivmod
 .text          0x00000000100002f0        0x4 /home/ezhil/zephyr-sdk-0.17.4/arm-zephyr-eabi/bin/../lib/gcc/arm-zephyr-eabi/12.2.0/thumb/v6-m/nofp/libgcc.a(_dvmd_tls.o)
                0x00000000100002f0                __aeabi_ldiv0
                0x00000000100002f0                __aeabi_idiv0
 .text          0x00000000100002f4       0x18 /home/ezhil/zephyr-sdk-0.17.4/arm-zephyr-eabi/bin/../lib/gcc/arm-zephyr-eabi/12.2.0/thumb/v6-m/nofp/libgcc.a(_lshrdi3.o)
                0x00000000100002f4                __aeabi_llsr
                0x00000000100002f4                __lshrdi3
 .text          0x000000001000030c       0x3c /home/ezhil/zephyr-sdk-0.17.4/arm-zephyr-eabi/bin/../lib/gcc/arm-zephyr-eabi/12.2.0/thumb/v6-m/nofp/libgcc.a(_clzsi2.o)
                0x000000001000030c                __clzsi2
 .text          0x0000000010000348       0x40 /home/ezhil/zephyr-sdk-0.17.4/arm-zephyr-eabi/bin/../lib/gcc/arm-zephyr-eabi/12.2.0/thumb/v6-m/nofp/libgcc.a(_ctzsi2.o)
                0x0000000010000348                __ctzsi2
 .text          0x0000000010000388       0x40 /home/ezhil/zephyr-sdk-0.17.4/arm-zephyr-eabi/bin/../lib/gcc/arm-zephyr-eabi/12.2.0/thumb/v6-m/nofp/libgcc.a(_aeabi_uldivmod.o)
                0x0000000010000388                __aeabi_uldivmod
 .text          0x00000000100003c8      0x2e8 /home/ezhil/zephyr-sdk-0.17.4/arm-zephyr-eabi/bin/../lib/gcc/arm-zephyr-eabi/12.2.0/thumb/v6-m/nofp/libgcc.a(addsf3.o)
                0x00000000100003c8                __aeabi_fadd
 .text          0x00000000100006b0      0x1c4 /home/ezhil/zephyr-sdk-0.17.4/arm-zephyr-eabi/bin/../lib/gcc/arm-zephyr-eabi/12.2.0/thumb/v6-m/nofp/libgcc.a(divsf3.o)
                0x00000000100006b0                __aeabi_fdiv
 .text          0x0000000010000874      0x1ec /home/ezhil/zephyr-sdk-0.17.4/arm-zephyr-eabi/bin/../lib/gcc/arm-zephyr-eabi/12.2.0/thumb/v6-m/nofp/libgcc.a(mulsf3.o)
                0x0000000010000874                __aeabi_fmul
 .text          0x0000000010000a60       0x3c /home/ezhil/zephyr-sdk-0.17.4/arm-zephyr-eabi/bin/../lib/gcc/arm-zephyr-eabi/12.2.0/thumb/v6-m/nofp/libgcc.a(fixsfsi.o)
                0x0000000010000a60                __aeabi_f2iz
 .text          0x0000000010000a9c       0x78 /home/ezhil/zephyr-sdk-0.17.4/arm-zephyr-eabi/bin/../lib/gcc/arm-zephyr-eabi/12.2.0/thumb/v6-m/nofp/libgcc.a(floatunsisf.o)
                0x0000000010000a9c                __aeabi_ui2f
 .text          0x0000000010000b14       0x18 /home/ezhil/zephyr-sdk-0.17.4/arm-zephyr-eabi/bin/../lib/gcc/arm-zephyr-eabi/12.2.0/thumb/v6-m/nofp/libgcc.a(_ashldi3.o)
                0x0000000010000b14                __ashldi3
                0x0000000010000b14                __aeabi_llsl
 .text          0x0000000010000b2c       0x18 /home/ezhil/zephyr-sdk-0.17.4/arm-zephyr-eabi/bin/../lib/gcc/arm-zephyr-eabi/12.2.0/thumb/v6-m/nofp/libgcc.a(_clzdi2.o)
                0x0000000010000b2c                __clzdi2
 .text          0x0000000010000b44        0xe /home/ezhil/zephyr-sdk-0.17.4/arm-zephyr-eabi/bin/../lib/gcc/../../picolibc/arm-zephyr-eabi/lib/thumb/v6-m/nofp/libc.a(strlen.S.o)
                0x0000000010000b44                strlen
 .text          0x0000000010000b52        0xe /home/ezhil/zephyr-sdk-0.17.4/arm-zephyr-eabi/bin/../lib/gcc/arm-zephyr-eabi/12.2.0/thumb/v6-m/nofp/libgcc.a(_ffssi2.o)
                0x0000000010000b52                __ffssi2
 .text          0x0000000010000b60       0xde /home/ezhil/zephyr-sdk-0.17.4/arm-zephyr-eabi/bin/../lib/gcc/arm-zephyr-eabi/12.2.0/thumb/v6-m/nofp/libgcc.a(_udivmoddi4.o)
                0x0000000010000b60                __udivmoddi4
 *(SORT_BY_ALIGNMENT(.text.*))
 *fill*         0x0000000010000c3e        0x2 
 .text.main     0x0000000010000c40       0xa4 app/libapp.a(main.c.obj)
                0x0000000010000c40                main
 .text.char_out
                0x0000000010000ce4       0x10 zephyr/libzephyr.a(printk.c.obj)
 .text.__printk_hook_install
                0x0000000010000cf4        0xc zephyr/libzephyr.a(printk.c.obj)
                0x0000000010000cf4                __printk_hook_install
 .text.vprintk  0x0000000010000d00       0x30 zephyr/libzephyr.a(printk.c.obj)
                0x0000000010000d00                vprintk
 .text.z_thread_entry
                0x0000000010000d30       0x30 zephyr/libzephyr.a(thread_entry.c.obj)
                0x0000000010000d30                z_thread_entry
 .text.class_handler
                0x0000000010000d60       0x54 zephyr/libzephyr.a(usb_device.c.obj)
 .text.custom_handler
                0x0000000010000db4       0x68 zephyr/libzephyr.a(usb_device.c.obj)
 .text.vendor_handler
                0x0000000010000e1c       0x38 zephyr/libzephyr.a(usb_device.c.obj)
 .text.disable_endpoint
                0x0000000010000e54       0x28 zephyr/libzephyr.a(usb_device.c.obj)
 .text.usb_reset_alt_setting
                0x0000000010000e7c       0x14 zephyr/libzephyr.a(usb_device.c.obj)
 .text.is_ep_valid.part.0
                0x0000000010000e90       0x34 zephyr/libzephyr.a(usb_device.c.obj)
 .text.usb_halt_endpoint_req
                0x0000000010000ec4       0x58 zephyr/libzephyr.a(usb_device.c.obj)
 .text.usb_handle_request.constprop.0
                0x0000000010000f1c       0x30 zephyr/libzephyr.a(usb_device.c.obj)
 .text.forward_status_cb
                0x0000000010000f4c       0xa8 zephyr/libzephyr.a(usb_device.c.obj)
 .text.set_endpoint
                0x0000000010000ff4       0x8c zephyr/libzephyr.a(usb_device.c.obj)
 .text.usb_handle_standard_request
                0x0000000010001080      0x2ec zephyr/libzephyr.a(usb_device.c.obj)
 .text.usb_data_to_host
                0x000000001000136c       0x5c zephyr/libzephyr.a(usb_device.c.obj)
 .text.usb_handle_control_transfer
                0x00000000100013c8       0xdc zephyr/libzephyr.a(usb_device.c.obj)
 .text.usb_set_config
                0x00000000100014a4       0x2c zephyr/libzephyr.a(usb_device.c.obj)
                0x00000000100014a4                usb_set_config
 .text.usb_enable
                0x00000000100014d0      0x140 zephyr/libzephyr.a(usb_device.c.obj)
                0x00000000100014d0                usb_enable
 .text.usb_update_sn_string_descriptor
                0x0000000010001610       0x74 zephyr/libzephyr.a(usb_descriptor.c.obj)
                0x0000000010001610                usb_update_sn_string_descriptor
 .text.usb_get_device_descriptor
                0x0000000010001684      0x1f0 zephyr/libzephyr.a(usb_descriptor.c.obj)
                0x0000000010001684                usb_get_device_descriptor
 .text.usb_ep_get_transfer
                0x0000000010001874       0x2c zephyr/libzephyr.a(usb_transfer.c.obj)
 .text.usb_transfer_work
                0x00000000100018a0       0xdc zephyr/libzephyr.a(usb_transfer.c.obj)
 .text.usb_transfer_ep_callback
                0x000000001000197c       0x54 zephyr/libzephyr.a(usb_transfer.c.obj)
                0x000000001000197c                usb_transfer_ep_callback
 .text.usb_transfer
                0x00000000100019d0       0xe0 zephyr/libzephyr.a(usb_transfer.c.obj)
                0x00000000100019d0                usb_transfer
 .text.usb_cancel_transfer
                0x0000000010001ab0       0x34 zephyr/libzephyr.a(usb_transfer.c.obj)
                0x0000000010001ab0                usb_cancel_transfer
 .text.usb_cancel_transfers
                0x0000000010001ae4       0x40 zephyr/libzephyr.a(usb_transfer.c.obj)
                0x0000000010001ae4                usb_cancel_transfers
 .text.usb_transfer_init
                0x0000000010001b24       0x30 zephyr/libzephyr.a(usb_transfer.c.obj)
                0x0000000010001b24                usb_transfer_init
 .text.cdc_acm_irq_rx_enable
                0x0000000010001b54       0x2c zephyr/libzephyr.a(cdc_acm.c.obj)
 .text.cdc_acm_irq_tx_enable
                0x0000000010001b80       0x2c zephyr/libzephyr.a(cdc_acm.c.obj)
 .text.cdc_acm_fifo_fill
                0x0000000010001bac       0x3c zephyr/libzephyr.a(cdc_acm.c.obj)
 .text.cdc_acm_write_cb
                0x0000000010001be8       0x5c zephyr/libzephyr.a(cdc_acm.c.obj)
 .text.cdc_acm_class_handle_req
                0x0000000010001c44       0x58 zephyr/libzephyr.a(cdc_acm.c.obj)
                0x0000000010001c44                cdc_acm_class_handle_req
 .text.cdc_acm_int_in
                0x0000000010001c9c       0x1c zephyr/libzephyr.a(cdc_acm.c.obj)
 .text.cdc_acm_reset_port
                0x0000000010001cb8       0x38 zephyr/libzephyr.a(cdc_acm.c.obj)
 .text.cdc_acm_init
                0x0000000010001cf0       0x48 zephyr/libzephyr.a(cdc_acm.c.obj)
 .text.cdc_acm_poll_out
                0x0000000010001d38       0x74 zephyr/libzephyr.a(cdc_acm.c.obj)
 .text.tx_work_handler
                0x0000000010001dac       0x80 zephyr/libzephyr.a(cdc_acm.c.obj)
 .text.cdc_acm_read_cb
                0x0000000010001e2c       0x80 zephyr/libzephyr.a(cdc_acm.c.obj)
 .text.cdc_acm_dev_status_cb
                0x0000000010001eac       0x80 zephyr/libzephyr.a(cdc_acm.c.obj)
 .text.z_usb_work_q_init
                0x0000000010001f2c       0x30 zephyr/libzephyr.a(usb_work_q.c.obj)
 .text.arch_bss_zero
                0x0000000010001f5c       0x18 zephyr/arch/common/libarch__common.a(init.c.obj)
                0x0000000010001f5c                arch_bss_zero
 .text.arch_data_copy
                0x0000000010001f74       0x34 zephyr/arch/common/libarch__common.a(xip.c.obj)
                0x0000000010001f74                arch_data_copy
 .text.z_arm_fatal_error
                0x0000000010001fa8       0x60 zephyr/arch/arch/arm/core/libarch__arm__core.a(fatal.c.obj)
                0x0000000010001fa8                z_arm_fatal_error
 .text.z_SysNmiOnReset
                0x0000000010002008        0x4 zephyr/arch/arch/arm/core/libarch__arm__core.a(nmi_on_reset.S.obj)
                0x0000000010002008                z_SysNmiOnReset
 .text.arch_tls_stack_setup
                0x000000001000200c       0x38 zephyr/arch/arch/arm/core/libarch__arm__core.a(tls.c.obj)
                0x000000001000200c                arch_tls_stack_setup
 .text._HandlerModeExit
                0x0000000010002044       0x20 zephyr/arch/arch/arm/core/cortex_m/libarch__arm__core__cortex_m.a(exc_exit.c.obj)
                0x0000000010002044                z_arm_exc_exit
                0x0000000010002044                z_arm_int_exit
 .text.z_arm_fault
                0x0000000010002064       0xec zephyr/arch/arch/arm/core/cortex_m/libarch__arm__core__cortex_m.a(fault.c.obj)
                0x0000000010002064                z_arm_fault
 .text.z_arm_fault_init
                0x0000000010002150       0x10 zephyr/arch/arch/arm/core/cortex_m/libarch__arm__core__cortex_m.a(fault.c.obj)
                0x0000000010002150                z_arm_fault_init
 .text.__fault  0x0000000010002160       0x14 zephyr/arch/arch/arm/core/cortex_m/libarch__arm__core__cortex_m.a(fault_s.S.obj)
                0x0000000010002160                z_arm_exc_spurious
                0x0000000010002160                z_arm_hard_fault
 .text._reset_section
                0x0000000010002174       0x34 zephyr/arch/arch/arm/core/cortex_m/libarch__arm__core__cortex_m.a(reset.S.obj)
                0x0000000010002174                z_arm_reset
                0x0000000010002174                __start
 .text.z_impl_k_thread_abort
                0x00000000100021a8       0x38 zephyr/arch/arch/arm/core/cortex_m/libarch__arm__core__cortex_m.a(thread_abort.c.obj)
                0x00000000100021a8                z_impl_k_thread_abort
 .text.z_arm_pendsv
                0x00000000100021e0       0x70 zephyr/arch/arch/arm/core/cortex_m/libarch__arm__core__cortex_m.a(swap_helper.S.obj)
                0x00000000100021e0                z_arm_pendsv
 .text.z_arm_svc
                0x0000000010002250       0x28 zephyr/arch/arch/arm/core/cortex_m/libarch__arm__core__cortex_m.a(swap_helper.S.obj)
                0x0000000010002250                z_arm_svc
 .text.arm_irq_enable
                0x0000000010002278       0x18 zephyr/arch/arch/arm/core/cortex_m/libarch__arm__core__cortex_m.a(irq_manage.c.obj)
                0x0000000010002278                arm_irq_enable
 .text.arm_irq_disable
                0x0000000010002290       0x20 zephyr/arch/arch/arm/core/cortex_m/libarch__arm__core__cortex_m.a(irq_manage.c.obj)
                0x0000000010002290                arm_irq_disable
 .text.arm_irq_priority_set
                0x00000000100022b0       0x54 zephyr/arch/arch/arm/core/cortex_m/libarch__arm__core__cortex_m.a(irq_manage.c.obj)
                0x00000000100022b0                arm_irq_priority_set
 .text.relocate_vector_table
                0x0000000010002304       0x1c zephyr/arch/arch/arm/core/cortex_m/libarch__arm__core__cortex_m.a(prep_c.c.obj)
                0x0000000010002304                relocate_vector_table
 .text.arch_new_thread
                0x0000000010002320       0x2c zephyr/arch/arch/arm/core/cortex_m/libarch__arm__core__cortex_m.a(thread.c.obj)
                0x0000000010002320                arch_new_thread
 .text.arch_switch_to_main_thread
                0x000000001000234c       0x38 zephyr/arch/arch/arm/core/cortex_m/libarch__arm__core__cortex_m.a(thread.c.obj)
                0x000000001000234c                arch_switch_to_main_thread
 .text.z_arm_cpu_idle_init
                0x0000000010002384        0xc zephyr/arch/arch/arm/core/cortex_m/libarch__arm__core__cortex_m.a(cpu_idle.c.obj)
                0x0000000010002384                z_arm_cpu_idle_init
 .text.z_arm_interrupt_init
                0x0000000010002390       0x30 zephyr/arch/arch/arm/core/cortex_m/libarch__arm__core__cortex_m.a(irq_init.c.obj)
                0x0000000010002390                z_arm_interrupt_init
 .text._isr_wrapper
                0x00000000100023c0       0x20 zephyr/arch/arch/arm/core/cortex_m/libarch__arm__core__cortex_m.a(isr_wrapper.c.obj)
                0x00000000100023c0                _isr_wrapper
 .text.z_impl_zephyr_fputc
                0x00000000100023e0       0x10 zephyr/lib/libc/picolibc/liblib__libc__picolibc.a(stdio.c.obj)
                0x00000000100023e0                z_impl_zephyr_fputc
 .text.__stdout_hook_install
                0x00000000100023f0       0x18 zephyr/lib/libc/picolibc/liblib__libc__picolibc.a(stdio.c.obj)
                0x00000000100023f0                __stdout_hook_install
 .text.abort    0x0000000010002408       0x18 zephyr/lib/libc/common/liblib__libc__common.a(abort.c.obj)
                0x0000000010002408                abort
 .text.malloc_prepare
                0x0000000010002420       0x24 zephyr/lib/libc/common/liblib__libc__common.a(malloc.c.obj)
 .text.udc_rpi_get_ep_state
                0x0000000010002444       0x2c zephyr/drivers/usb/device/libdrivers__usb__device.a(usb_dc_rpi_pico.c.obj)
 .text.udc_rpi_cancel_endpoint
                0x0000000010002470       0x78 zephyr/drivers/usb/device/libdrivers__usb__device.a(usb_dc_rpi_pico.c.obj)
 .text.usb_rpi_init
                0x00000000100024e8       0x68 zephyr/drivers/usb/device/libdrivers__usb__device.a(usb_dc_rpi_pico.c.obj)
 .text.k_msgq_put.constprop.0.isra.0
                0x0000000010002550       0x14 zephyr/drivers/usb/device/libdrivers__usb__device.a(usb_dc_rpi_pico.c.obj)
 .text.udc_rpi_handle_resume
                0x0000000010002564       0x2c zephyr/drivers/usb/device/libdrivers__usb__device.a(usb_dc_rpi_pico.c.obj)
 .text.udc_rpi_thread_main
                0x0000000010002590       0x60 zephyr/drivers/usb/device/libdrivers__usb__device.a(usb_dc_rpi_pico.c.obj)
 .text.udc_rpi_isr
                0x00000000100025f0      0x228 zephyr/drivers/usb/device/libdrivers__usb__device.a(usb_dc_rpi_pico.c.obj)
 .text.usb_dc_attach
                0x0000000010002818      0x12c zephyr/drivers/usb/device/libdrivers__usb__device.a(usb_dc_rpi_pico.c.obj)
                0x0000000010002818                usb_dc_attach
 .text.usb_dc_set_status_callback
                0x0000000010002944        0xc zephyr/drivers/usb/device/libdrivers__usb__device.a(usb_dc_rpi_pico.c.obj)
                0x0000000010002944                usb_dc_set_status_callback
 .text.usb_dc_set_address
                0x0000000010002950       0x1c zephyr/drivers/usb/device/libdrivers__usb__device.a(usb_dc_rpi_pico.c.obj)
                0x0000000010002950                usb_dc_set_address
 .text.usb_dc_ep_set_stall
                0x000000001000296c       0x50 zephyr/drivers/usb/device/libdrivers__usb__device.a(usb_dc_rpi_pico.c.obj)
                0x000000001000296c                usb_dc_ep_set_stall
 .text.usb_dc_ep_enable
                0x00000000100029bc       0x50 zephyr/drivers/usb/device/libdrivers__usb__device.a(usb_dc_rpi_pico.c.obj)
                0x00000000100029bc                usb_dc_ep_enable
 .text.usb_dc_ep_write
                0x0000000010002a0c       0xac zephyr/drivers/usb/device/libdrivers__usb__device.a(usb_dc_rpi_pico.c.obj)
                0x0000000010002a0c                usb_dc_ep_write
 .text.usb_dc_ep_read_wait
                0x0000000010002ab8       0x90 zephyr/drivers/usb/device/libdrivers__usb__device.a(usb_dc_rpi_pico.c.obj)
                0x0000000010002ab8                usb_dc_ep_read_wait
 .text.usb_dc_ep_read_continue
                0x0000000010002b48       0x84 zephyr/drivers/usb/device/libdrivers__usb__device.a(usb_dc_rpi_pico.c.obj)
                0x0000000010002b48                usb_dc_ep_read_continue
 .text.adc_rpi_init
                0x0000000010002bcc       0xa0 zephyr/drivers/adc/libdrivers__adc.a(adc_rpi_pico.c.obj)
 .text.adc_context_start_sampling
                0x0000000010002c6c       0x58 zephyr/drivers/adc/libdrivers__adc.a(adc_rpi_pico.c.obj)
 .text.adc_rpi_isr
                0x0000000010002cc4       0xe4 zephyr/drivers/adc/libdrivers__adc.a(adc_rpi_pico.c.obj)
 .text.clock_control_rpi_pico_on
                0x0000000010002da8       0x40 zephyr/drivers/clock_control/libdrivers__clock_control.a(clock_control_rpi_pico.c.obj)
 .text.clock_control_rpi_pico_off
                0x0000000010002de8       0x40 zephyr/drivers/clock_control/libdrivers__clock_control.a(clock_control_rpi_pico.c.obj)
 .text.rpi_pico_rosc_write.constprop.0
                0x0000000010002e28       0x30 zephyr/drivers/clock_control/libdrivers__clock_control.a(clock_control_rpi_pico.c.obj)
 .text.rpi_pico_get_clock_src.isra.0
                0x0000000010002e58       0x9c zephyr/drivers/clock_control/libdrivers__clock_control.a(clock_control_rpi_pico.c.obj)
 .text.rpi_pico_calc_clock_freq
                0x0000000010002ef4      0x104 zephyr/drivers/clock_control/libdrivers__clock_control.a(clock_control_rpi_pico.c.obj)
 .text.clock_control_rpi_pico_init
                0x0000000010002ff8      0x1c8 zephyr/drivers/clock_control/libdrivers__clock_control.a(clock_control_rpi_pico.c.obj)
 .text.uart_console_init
                0x00000000100031c0       0x2c zephyr/drivers/console/libdrivers__console.a(uart_console.c.obj)
 .text.console_out
                0x00000000100031ec       0x28 zephyr/drivers/console/libdrivers__console.a(uart_console.c.obj)
 .text.gpio_rpi_get_pending_int
                0x0000000010003214       0x30 zephyr/drivers/gpio/libdrivers__gpio.a(gpio_rpi_pico.c.obj)
 .text.gpio_rpi_isr
                0x0000000010003244       0x84 zephyr/drivers/gpio/libdrivers__gpio.a(gpio_rpi_pico.c.obj)
 .text.gpio_rpi_configure
                0x00000000100032c8       0xbc zephyr/drivers/gpio/libdrivers__gpio.a(gpio_rpi_pico.c.obj)
 .text.reset_rpi_status
                0x0000000010003384       0x18 zephyr/drivers/reset/libdrivers__reset.a(reset_rpi_pico.c.obj)
 .text.reset_rpi_line_assert
                0x000000001000339c       0x10 zephyr/drivers/reset/libdrivers__reset.a(reset_rpi_pico.c.obj)
 .text.reset_rpi_line_deassert
                0x00000000100033ac       0x1c zephyr/drivers/reset/libdrivers__reset.a(reset_rpi_pico.c.obj)
 .text.reset_rpi_line_toggle
                0x00000000100033c8       0x24 zephyr/drivers/reset/libdrivers__reset.a(reset_rpi_pico.c.obj)
 .text.pl011_poll_in
                0x00000000100033ec       0x34 zephyr/drivers/serial/libdrivers__serial.a(uart_pl011.c.obj)
 .text.pl011_irq_err_disable
                0x0000000010003420       0x14 zephyr/drivers/serial/libdrivers__serial.a(uart_pl011.c.obj)
 .text.pl011_runtime_configure_internal
                0x0000000010003434      0x154 zephyr/drivers/serial/libdrivers__serial.a(uart_pl011.c.obj)
 .text.pl011_init
                0x0000000010003588      0x11c zephyr/drivers/serial/libdrivers__serial.a(uart_pl011.c.obj)
 .text.elapsed  0x00000000100036a4       0x54 zephyr/drivers/timer/libdrivers__timer.a(cortex_m_systick.c.obj)
 .text.sys_clock_driver_init
                0x00000000100036f8       0x3c zephyr/drivers/timer/libdrivers__timer.a(cortex_m_systick.c.obj)
 .text.sys_clock_isr
                0x0000000010003734       0x58 zephyr/drivers/timer/libdrivers__timer.a(cortex_m_systick.c.obj)
                0x0000000010003734                sys_clock_isr
 .text.sys_clock_set_timeout
                0x000000001000378c      0x118 zephyr/drivers/timer/libdrivers__timer.a(cortex_m_systick.c.obj)
                0x000000001000378c                sys_clock_set_timeout
 .text.sys_clock_elapsed
                0x00000000100038a4       0x38 zephyr/drivers/timer/libdrivers__timer.a(cortex_m_systick.c.obj)
                0x00000000100038a4                sys_clock_elapsed
 .text.clock_configure_internal
                0x00000000100038dc       0xbc modules/hal_rpi_pico/libmodules__hal_rpi_pico.a(clocks.c.obj)
 .text.pll_init
                0x0000000010003998       0xcc modules/hal_rpi_pico/libmodules__hal_rpi_pico.a(pll.c.obj)
                0x0000000010003998                pll_init
 .text.xosc_init
                0x0000000010003a64       0x28 modules/hal_rpi_pico/libmodules__hal_rpi_pico.a(xosc.c.obj)
                0x0000000010003a64                xosc_init
 .text.tick_start
                0x0000000010003a8c       0x10 modules/hal_rpi_pico/libmodules__hal_rpi_pico.a(ticks.c.obj)
                0x0000000010003a8c                tick_start
 .text.rp2040_chip_version
                0x0000000010003a9c       0x28 modules/hal_rpi_pico/libmodules__hal_rpi_pico.a(platform.c.obj)
                0x0000000010003a9c                rp2040_chip_version
 .text._gpio_set_irq_enabled
                0x0000000010003ac4       0x30 modules/hal_rpi_pico/libmodules__hal_rpi_pico.a(gpio.c.obj)
 .text.gpio_set_function
                0x0000000010003af4       0x30 modules/hal_rpi_pico/libmodules__hal_rpi_pico.a(gpio.c.obj)
                0x0000000010003af4                gpio_set_function
 .text.gpio_set_pulls
                0x0000000010003b24       0x24 modules/hal_rpi_pico/libmodules__hal_rpi_pico.a(gpio.c.obj)
                0x0000000010003b24                gpio_set_pulls
 .text.gpio_set_irqover
                0x0000000010003b48       0x24 modules/hal_rpi_pico/libmodules__hal_rpi_pico.a(gpio.c.obj)
                0x0000000010003b48                gpio_set_irqover
 .text.gpio_set_inover
                0x0000000010003b6c       0x24 modules/hal_rpi_pico/libmodules__hal_rpi_pico.a(gpio.c.obj)
                0x0000000010003b6c                gpio_set_inover
 .text.gpio_set_outover
                0x0000000010003b90       0x24 modules/hal_rpi_pico/libmodules__hal_rpi_pico.a(gpio.c.obj)
                0x0000000010003b90                gpio_set_outover
 .text.gpio_set_oeover
                0x0000000010003bb4       0x24 modules/hal_rpi_pico/libmodules__hal_rpi_pico.a(gpio.c.obj)
                0x0000000010003bb4                gpio_set_oeover
 .text.gpio_set_input_hysteresis_enabled
                0x0000000010003bd8       0x1c modules/hal_rpi_pico/libmodules__hal_rpi_pico.a(gpio.c.obj)
                0x0000000010003bd8                gpio_set_input_hysteresis_enabled
 .text.gpio_set_slew_rate
                0x0000000010003bf4       0x20 modules/hal_rpi_pico/libmodules__hal_rpi_pico.a(gpio.c.obj)
                0x0000000010003bf4                gpio_set_slew_rate
 .text.gpio_set_drive_strength
                0x0000000010003c14       0x20 modules/hal_rpi_pico/libmodules__hal_rpi_pico.a(gpio.c.obj)
                0x0000000010003c14                gpio_set_drive_strength
 .text.gpio_set_irq_enabled
                0x0000000010003c34       0x20 modules/hal_rpi_pico/libmodules__hal_rpi_pico.a(gpio.c.obj)
                0x0000000010003c34                gpio_set_irq_enabled
 .text.gpio_set_input_enabled
                0x0000000010003c54       0x1c modules/hal_rpi_pico/libmodules__hal_rpi_pico.a(gpio.c.obj)
                0x0000000010003c54                gpio_set_input_enabled
 .text.z_fatal_error
                0x0000000010003c70       0x28 zephyr/kernel/libkernel.a(fatal.c.obj)
                0x0000000010003c70                z_fatal_error
 .text.z_sys_init_run_level
                0x0000000010003c98       0x34 zephyr/kernel/libkernel.a(init.c.obj)
 .text.bg_thread_main
                0x0000000010003ccc       0xa8 zephyr/kernel/libkernel.a(init.c.obj)
 .text.z_init_cpu
                0x0000000010003d74       0x68 zephyr/kernel/libkernel.a(init.c.obj)
                0x0000000010003d74                z_init_cpu
 .text.z_cstart
                0x0000000010003ddc       0xac zephyr/kernel/libkernel.a(init.c.obj)
                0x0000000010003ddc                z_cstart
 .text.put_msg_in_queue
                0x0000000010003e88       0xcc zephyr/kernel/libkernel.a(msg_q.c.obj)
 .text.z_impl_k_msgq_get
                0x0000000010003f54       0xb8 zephyr/kernel/libkernel.a(msg_q.c.obj)
                0x0000000010003f54                z_impl_k_msgq_get
 .text.z_impl_k_mutex_lock
                0x000000001000400c       0xf0 zephyr/kernel/libkernel.a(mutex.c.obj)
                0x000000001000400c                z_impl_k_mutex_lock
 .text.z_impl_k_mutex_unlock
                0x00000000100040fc       0x98 zephyr/kernel/libkernel.a(mutex.c.obj)
                0x00000000100040fc                z_impl_k_mutex_unlock
 .text.z_impl_k_sem_give
                0x0000000010004194       0x64 zephyr/kernel/libkernel.a(sem.c.obj)
                0x0000000010004194                z_impl_k_sem_give
 .text.z_impl_k_sem_take
                0x00000000100041f8       0x4c zephyr/kernel/libkernel.a(sem.c.obj)
                0x00000000100041f8                z_impl_k_sem_take
 .text.work_queue_main
                0x0000000010004244      0x144 zephyr/kernel/libkernel.a(work.c.obj)
 .text.submit_to_queue_locked
                0x0000000010004388       0xd4 zephyr/kernel/libkernel.a(work.c.obj)
 .text.k_work_queue_start
                0x000000001000445c       0x88 zephyr/kernel/libkernel.a(work.c.obj)
                0x000000001000445c                k_work_queue_start
 .text.k_work_schedule_for_queue
                0x00000000100044e4       0x50 zephyr/kernel/libkernel.a(work.c.obj)
                0x00000000100044e4                k_work_schedule_for_queue
 .text.z_setup_new_thread
                0x0000000010004534       0x74 zephyr/kernel/libkernel.a(thread.c.obj)
                0x0000000010004534                z_setup_new_thread
 .text.z_impl_k_thread_create
                0x00000000100045a8       0x58 zephyr/kernel/libkernel.a(thread.c.obj)
                0x00000000100045a8                z_impl_k_thread_create
 .text.z_dummy_thread_init
                0x0000000010004600       0x14 zephyr/kernel/libkernel.a(thread.c.obj)
                0x0000000010004600                z_dummy_thread_init
 .text.z_swap_irqlock
                0x0000000010004614       0x2c zephyr/kernel/libkernel.a(sched.c.obj)
 .text.ready_thread
                0x0000000010004640       0x8c zephyr/kernel/libkernel.a(sched.c.obj)
 .text.unready_thread
                0x00000000100046cc       0x58 zephyr/kernel/libkernel.a(sched.c.obj)
 .text.add_thread_timeout
                0x0000000010004724       0x18 zephyr/kernel/libkernel.a(sched.c.obj)
 .text.move_current_to_end_of_prio_q
                0x000000001000473c       0x78 zephyr/kernel/libkernel.a(sched.c.obj)
                0x000000001000473c                move_current_to_end_of_prio_q
 .text.z_pend_curr
                0x00000000100047b4       0x38 zephyr/kernel/libkernel.a(sched.c.obj)
                0x00000000100047b4                z_pend_curr
 .text.z_thread_prio_set
                0x00000000100047ec       0xe8 zephyr/kernel/libkernel.a(sched.c.obj)
                0x00000000100047ec                z_thread_prio_set
 .text.z_reschedule
                0x00000000100048d4       0x2c zephyr/kernel/libkernel.a(sched.c.obj)
                0x00000000100048d4                z_reschedule
 .text.z_reschedule_irqlock
                0x0000000010004900       0x2c zephyr/kernel/libkernel.a(sched.c.obj)
                0x0000000010004900                z_reschedule_irqlock
 .text.k_sched_lock
                0x000000001000492c       0x20 zephyr/kernel/libkernel.a(sched.c.obj)
                0x000000001000492c                k_sched_lock
 .text.k_sched_unlock
                0x000000001000494c       0x60 zephyr/kernel/libkernel.a(sched.c.obj)
                0x000000001000494c                k_sched_unlock
 .text.z_sched_init
                0x00000000100049ac       0x14 zephyr/kernel/libkernel.a(sched.c.obj)
                0x00000000100049ac                z_sched_init
 .text.z_impl_k_yield
                0x00000000100049c0       0x84 zephyr/kernel/libkernel.a(sched.c.obj)
                0x00000000100049c0                z_impl_k_yield
 .text.z_tick_sleep
                0x0000000010004a44       0x74 zephyr/kernel/libkernel.a(sched.c.obj)
 .text.z_impl_k_sleep
                0x0000000010004ab8       0x40 zephyr/kernel/libkernel.a(sched.c.obj)
                0x0000000010004ab8                z_impl_k_sleep
 .text.z_impl_k_wakeup
                0x0000000010004af8       0x40 zephyr/kernel/libkernel.a(sched.c.obj)
                0x0000000010004af8                z_impl_k_wakeup
 .text.z_impl_k_sched_current_thread_query
                0x0000000010004b38        0xc zephyr/kernel/libkernel.a(sched.c.obj)
                0x0000000010004b38                z_impl_k_sched_current_thread_query
 .text.z_thread_abort
                0x0000000010004b44      0x12c zephyr/kernel/libkernel.a(sched.c.obj)
                0x0000000010004b44                z_thread_abort
 .text.z_sched_wait
                0x0000000010004c70       0x24 zephyr/kernel/libkernel.a(sched.c.obj)
                0x0000000010004c70                z_sched_wait
 .text.z_time_slice_size
                0x0000000010004c94       0x48 zephyr/kernel/libkernel.a(timeslicing.c.obj)
 .text.slice_timeout
                0x0000000010004cdc       0x20 zephyr/kernel/libkernel.a(timeslicing.c.obj)
 .text.z_reset_time_slice
                0x0000000010004cfc       0x44 zephyr/kernel/libkernel.a(timeslicing.c.obj)
                0x0000000010004cfc                z_reset_time_slice
 .text.z_time_slice
                0x0000000010004d40       0x58 zephyr/kernel/libkernel.a(timeslicing.c.obj)
                0x0000000010004d40                z_time_slice
 .text.first    0x0000000010004d98       0x10 zephyr/kernel/libkernel.a(timeout.c.obj)
 .text.next_timeout
                0x0000000010004da8       0x38 zephyr/kernel/libkernel.a(timeout.c.obj)
 .text.elapsed  0x0000000010004de0       0x18 zephyr/kernel/libkernel.a(timeout.c.obj)
 .text.remove_timeout
                0x0000000010004df8       0x38 zephyr/kernel/libkernel.a(timeout.c.obj)
 .text.z_add_timeout
                0x0000000010004e30      0x120 zephyr/kernel/libkernel.a(timeout.c.obj)
                0x0000000010004e30                z_add_timeout
 .text.sys_clock_announce
                0x0000000010004f50       0xd4 zephyr/kernel/libkernel.a(timeout.c.obj)
                0x0000000010004f50                sys_clock_announce
 .text.sys_clock_tick_get
                0x0000000010005024       0x2c zephyr/kernel/libkernel.a(timeout.c.obj)
                0x0000000010005024                sys_clock_tick_get
 .text.z_timer_expiration_handler
                0x0000000010005050      0x108 zephyr/kernel/libkernel.a(timer.c.obj)
                0x0000000010005050                z_timer_expiration_handler
 .text.z_impl_k_timer_start
                0x0000000010005158       0x68 zephyr/kernel/libkernel.a(timer.c.obj)
                0x0000000010005158                z_impl_k_timer_start
 .text.boot_banner
                0x00000000100051c0       0x10 zephyr/kernel/libkernel.a(banner.c.obj)
                0x00000000100051c0                boot_banner
 .text.statics_init
                0x00000000100051d0       0x24 zephyr/kernel/libkernel.a(kheap.c.obj)
 .text.k_sys_work_q_init
                0x00000000100051f4       0x28 zephyr/kernel/libkernel.a(system_work_q.c.obj)
 .text.__l_vfprintf
                0x000000001000521c      0x4d0 /home/ezhil/zephyr-sdk-0.17.4/arm-zephyr-eabi/bin/../lib/gcc/../../picolibc/arm-zephyr-eabi/lib/thumb/v6-m/nofp/libc.a(libc_tinystdio_vflprintf.c.o)
                0x000000001000521c                __l_vfprintf
 .text._OffsetAbsSyms
                0x00000000100056ec        0x2 zephyr/CMakeFiles/offsets.dir/./arch/arm/core/offsets/offsets.c.obj
                0x00000000100056ec                _OffsetAbsSyms
 .text.chunk_field
                0x00000000100056ee       0x1a zephyr/libzephyr.a(heap.c.obj)
 .text.chunk_set
                0x0000000010005708       0x1c zephyr/libzephyr.a(heap.c.obj)
 .text.chunk_size
                0x0000000010005724        0xc zephyr/libzephyr.a(heap.c.obj)
 .text.set_chunk_used
                0x0000000010005730       0x36 zephyr/libzephyr.a(heap.c.obj)
 .text.set_chunk_size
                0x0000000010005766        0xc zephyr/libzephyr.a(heap.c.obj)
 .text.bucket_idx
                0x0000000010005772       0x22 zephyr/libzephyr.a(heap.c.obj)
 .text.free_list_add
                0x0000000010005794       0x88 zephyr/libzephyr.a(heap.c.obj)
 .text.sys_heap_init
                0x000000001000581c       0xac zephyr/libzephyr.a(heap.c.obj)
                0x000000001000581c                sys_heap_init
 .text.arch_printk_char_out
                0x00000000100058c8        0x4 zephyr/libzephyr.a(printk.c.obj)
                0x00000000100058c8                arch_printk_char_out
 .text.printk   0x00000000100058cc       0x16 zephyr/libzephyr.a(printk.c.obj)
                0x00000000100058cc                printk
 .text.ring_buf_area_claim
                0x00000000100058e2       0x30 zephyr/libzephyr.a(ring_buffer.c.obj)
                0x00000000100058e2                ring_buf_area_claim
 .text.ring_buf_put_claim
                0x0000000010005912       0x20 zephyr/libzephyr.a(ring_buffer.c.obj)
 .text.ring_buf_get_claim
                0x0000000010005932       0x1e zephyr/libzephyr.a(ring_buffer.c.obj)
 .text.ring_buf_area_finish
                0x0000000010005950       0x32 zephyr/libzephyr.a(ring_buffer.c.obj)
                0x0000000010005950                ring_buf_area_finish
 .text.ring_buf_put
                0x0000000010005982       0x40 zephyr/libzephyr.a(ring_buffer.c.obj)
                0x0000000010005982                ring_buf_put
 .text.ring_buf_get
                0x00000000100059c2       0x42 zephyr/libzephyr.a(ring_buffer.c.obj)
                0x00000000100059c2                ring_buf_get
 .text._ConfigAbsSyms
                0x0000000010005a04        0x2 zephyr/libzephyr.a(configs.c.obj)
                0x0000000010005a04                _ConfigAbsSyms
 .text.get_ep_bm_from_addr
                0x0000000010005a06       0x22 zephyr/libzephyr.a(usb_device.c.obj)
 .text.usb_write
                0x0000000010005a28       0x2e zephyr/libzephyr.a(usb_device.c.obj)
                0x0000000010005a28                usb_write
 .text.usb_device_init
                0x0000000010005a56        0xa zephyr/libzephyr.a(usb_device.c.obj)
 .text.usb_get_dev_data_by_cfg
                0x0000000010005a60       0x16 zephyr/libzephyr.a(usb_descriptor.c.obj)
                0x0000000010005a60                usb_get_dev_data_by_cfg
 .text.usb_get_dev_data_by_iface
                0x0000000010005a76       0x1a zephyr/libzephyr.a(usb_descriptor.c.obj)
                0x0000000010005a76                usb_get_dev_data_by_iface
 .text.usb_get_dev_data_by_ep
                0x0000000010005a90       0x2a zephyr/libzephyr.a(usb_descriptor.c.obj)
                0x0000000010005a90                usb_get_dev_data_by_ep
 .text.usb_transfer_is_busy
                0x0000000010005aba       0x16 zephyr/libzephyr.a(usb_transfer.c.obj)
                0x0000000010005aba                usb_transfer_is_busy
 .text.cdc_interface_config
                0x0000000010005ad0       0x1a zephyr/libzephyr.a(cdc_acm.c.obj)
 .text.cdc_acm_irq_callback_work_handler
                0x0000000010005aea       0x12 zephyr/libzephyr.a(cdc_acm.c.obj)
 .text.cdc_acm_irq_tx_disable
                0x0000000010005afc        0xa zephyr/libzephyr.a(cdc_acm.c.obj)
 .text.cdc_acm_irq_tx_ready
                0x0000000010005b06       0x2a zephyr/libzephyr.a(cdc_acm.c.obj)
 .text.cdc_acm_irq_rx_disable
                0x0000000010005b30        0xa zephyr/libzephyr.a(cdc_acm.c.obj)
 .text.cdc_acm_irq_rx_ready
                0x0000000010005b3a       0x14 zephyr/libzephyr.a(cdc_acm.c.obj)
 .text.cdc_acm_irq_is_pending
                0x0000000010005b4e       0x1c zephyr/libzephyr.a(cdc_acm.c.obj)
 .text.cdc_acm_irq_callback_set
                0x0000000010005b6a        0x6 zephyr/libzephyr.a(cdc_acm.c.obj)
 .text.cdc_acm_configure
                0x0000000010005b70       0x1a zephyr/libzephyr.a(cdc_acm.c.obj)
 .text.cdc_acm_config_get
                0x0000000010005b8a       0x56 zephyr/libzephyr.a(cdc_acm.c.obj)
 .text.cdc_acm_fifo_read
                0x0000000010005be0       0x4e zephyr/libzephyr.a(cdc_acm.c.obj)
 .text.cdc_acm_poll_in
                0x0000000010005c2e       0x12 zephyr/libzephyr.a(cdc_acm.c.obj)
 .text.cdc_acm_irq_update
                0x0000000010005c40       0x36 zephyr/libzephyr.a(cdc_acm.c.obj)
 .text.arch_early_memset
                0x0000000010005c76        0x8 zephyr/arch/common/libarch__common.a(init.c.obj)
                0x0000000010005c76                arch_early_memset
 .text.arch_early_memcpy
                0x0000000010005c7e        0x8 zephyr/arch/common/libarch__common.a(init.c.obj)
                0x0000000010005c7e                arch_early_memcpy
 .text.z_do_kernel_oops
                0x0000000010005c86        0xc zephyr/arch/arch/arm/core/libarch__arm__core.a(fatal.c.obj)
                0x0000000010005c86                z_do_kernel_oops
 .text.z_arm_nmi
                0x0000000010005c92        0xc zephyr/arch/arch/arm/core/libarch__arm__core.a(nmi.c.obj)
                0x0000000010005c92                z_arm_nmi
 .text.z_irq_spurious
                0x0000000010005c9e        0xc zephyr/arch/arch/arm/core/cortex_m/libarch__arm__core__cortex_m.a(irq_manage.c.obj)
                0x0000000010005c9e                z_irq_spurious
 .text.z_prep_c
                0x0000000010005caa       0x16 zephyr/arch/arch/arm/core/cortex_m/libarch__arm__core__cortex_m.a(prep_c.c.obj)
                0x0000000010005caa                z_prep_c
 .text.arch_coprocessors_disable
                0x0000000010005cc0        0x6 zephyr/arch/arch/arm/core/cortex_m/libarch__arm__core__cortex_m.a(thread.c.obj)
                0x0000000010005cc0                arch_coprocessors_disable
 .text.arch_irq_unlock_outlined
                0x0000000010005cc6        0xc zephyr/arch/arch/arm/core/cortex_m/libarch__arm__core__cortex_m.a(thread.c.obj)
                0x0000000010005cc6                arch_irq_unlock_outlined
 .text.arch_cpu_idle
                0x0000000010005cd2        0xe zephyr/arch/arch/arm/core/cortex_m/libarch__arm__core__cortex_m.a(cpu_idle.c.obj)
                0x0000000010005cd2                arch_cpu_idle
 .text.__assert_no_args
                0x0000000010005ce0        0x6 zephyr/lib/libc/picolibc/liblib__libc__picolibc.a(assert.c.obj)
                0x0000000010005ce0                __assert_no_args
 .text.picolibc_put
                0x0000000010005ce6        0xa zephyr/lib/libc/picolibc/liblib__libc__picolibc.a(stdio.c.obj)
 .text.udc_rpi_start_xfer
                0x0000000010005cf0       0x6c zephyr/drivers/usb/device/libdrivers__usb__device.a(usb_dc_rpi_pico.c.obj)
 .text.usb_dc_ep_set_callback
                0x0000000010005d5c       0x18 zephyr/drivers/usb/device/libdrivers__usb__device.a(usb_dc_rpi_pico.c.obj)
                0x0000000010005d5c                usb_dc_ep_set_callback
 .text.usb_dc_ep_start_read
                0x0000000010005d74       0x1e zephyr/drivers/usb/device/libdrivers__usb__device.a(usb_dc_rpi_pico.c.obj)
                0x0000000010005d74                usb_dc_ep_start_read
 .text.usb_dc_ep_check_cap
                0x0000000010005d92       0x1e zephyr/drivers/usb/device/libdrivers__usb__device.a(usb_dc_rpi_pico.c.obj)
                0x0000000010005d92                usb_dc_ep_check_cap
 .text.usb_dc_ep_configure
                0x0000000010005db0       0x20 zephyr/drivers/usb/device/libdrivers__usb__device.a(usb_dc_rpi_pico.c.obj)
                0x0000000010005db0                usb_dc_ep_configure
 .text.usb_dc_ep_clear_stall
                0x0000000010005dd0       0x2a zephyr/drivers/usb/device/libdrivers__usb__device.a(usb_dc_rpi_pico.c.obj)
                0x0000000010005dd0                usb_dc_ep_clear_stall
 .text.usb_dc_ep_is_stalled
                0x0000000010005dfa       0x1e zephyr/drivers/usb/device/libdrivers__usb__device.a(usb_dc_rpi_pico.c.obj)
                0x0000000010005dfa                usb_dc_ep_is_stalled
 .text.usb_dc_ep_disable
                0x0000000010005e18       0x2a zephyr/drivers/usb/device/libdrivers__usb__device.a(usb_dc_rpi_pico.c.obj)
                0x0000000010005e18                usb_dc_ep_disable
 .text.udc_rpi_get_ep_buffer_len
                0x0000000010005e42       0x10 zephyr/drivers/usb/device/libdrivers__usb__device.a(usb_dc_rpi_pico.c.obj)
                0x0000000010005e42                udc_rpi_get_ep_buffer_len
 .text.usb_dc_ep_read
                0x0000000010005e52       0x26 zephyr/drivers/usb/device/libdrivers__usb__device.a(usb_dc_rpi_pico.c.obj)
                0x0000000010005e52                usb_dc_ep_read
 .text.usb_dc_ep_mps
                0x0000000010005e78       0x14 zephyr/drivers/usb/device/libdrivers__usb__device.a(usb_dc_rpi_pico.c.obj)
                0x0000000010005e78                usb_dc_ep_mps
 .text.adc_rpi_channel_setup
                0x0000000010005e8c       0x2e zephyr/drivers/adc/libdrivers__adc.a(adc_rpi_pico.c.obj)
 .text.adc_rpi_configure_func_0
                0x0000000010005eba       0x14 zephyr/drivers/adc/libdrivers__adc.a(adc_rpi_pico.c.obj)
 .text.adc_context_on_timer_expired
                0x0000000010005ece       0x22 zephyr/drivers/adc/libdrivers__adc.a(adc_rpi_pico.c.obj)
 .text.adc_rpi_read
                0x0000000010005ef0       0xfe zephyr/drivers/adc/libdrivers__adc.a(adc_rpi_pico.c.obj)
 .text.rpi_pico_is_clock_enabled.isra.0
                0x0000000010005fee       0x5e zephyr/drivers/clock_control/libdrivers__clock_control.a(clock_control_rpi_pico.c.obj)
 .text.clock_control_rpi_pico_get_status
                0x000000001000604c       0x18 zephyr/drivers/clock_control/libdrivers__clock_control.a(clock_control_rpi_pico.c.obj)
 .text.clock_control_rpi_pico_get_rate
                0x0000000010006064       0x1e zephyr/drivers/clock_control/libdrivers__clock_control.a(clock_control_rpi_pico.c.obj)
 .text.rpi_pico_clkid_tuple_reorder_by_dependencies
                0x0000000010006082       0x66 zephyr/drivers/clock_control/libdrivers__clock_control.a(clock_control_rpi_pico.c.obj)
                0x0000000010006082                rpi_pico_clkid_tuple_reorder_by_dependencies
 .text.gpio_rpi_port_get_raw
                0x00000000100060e8        0xc zephyr/drivers/gpio/libdrivers__gpio.a(gpio_rpi_pico.c.obj)
 .text.gpio_rpi_port_set_bits_raw
                0x00000000100060f4       0x2c zephyr/drivers/gpio/libdrivers__gpio.a(gpio_rpi_pico.c.obj)
 .text.gpio_rpi_port_clear_bits_raw
                0x0000000010006120       0x2c zephyr/drivers/gpio/libdrivers__gpio.a(gpio_rpi_pico.c.obj)
 .text.gpio_rpi_port_toggle_bits
                0x000000001000614c       0x18 zephyr/drivers/gpio/libdrivers__gpio.a(gpio_rpi_pico.c.obj)
 .text.gpio_rpi_manage_callback
                0x0000000010006164       0x58 zephyr/drivers/gpio/libdrivers__gpio.a(gpio_rpi_pico.c.obj)
 .text.gpio_rpi_bank_init
                0x00000000100061bc       0x10 zephyr/drivers/gpio/libdrivers__gpio.a(gpio_rpi_pico.c.obj)
 .text.gpio_rpi_pin_interrupt_configure
                0x00000000100061cc       0x46 zephyr/drivers/gpio/libdrivers__gpio.a(gpio_rpi_pico.c.obj)
 .text.bank_0_config_func
                0x0000000010006212       0x14 zephyr/drivers/gpio/libdrivers__gpio.a(gpio_rpi_pico.c.obj)
 .text.gpio_rpi_port_set_masked_raw
                0x0000000010006226       0x3c zephyr/drivers/gpio/libdrivers__gpio.a(gpio_rpi_pico.c.obj)
 .text.z_impl_hwinfo_get_device_id
                0x0000000010006262       0x30 zephyr/drivers/hwinfo/libdrivers__hwinfo.a(hwinfo_rpi_pico.c.obj)
                0x0000000010006262                z_impl_hwinfo_get_device_id
 .text.pinctrl_lookup_state
                0x0000000010006292       0x26 zephyr/drivers/pinctrl/libdrivers__pinctrl.a(common.c.obj)
                0x0000000010006292                pinctrl_lookup_state
 .text.pinctrl_configure_pins
                0x00000000100062b8       0xc0 zephyr/drivers/pinctrl/libdrivers__pinctrl.a(pinctrl_rpi_pico.c.obj)
                0x00000000100062b8                pinctrl_configure_pins
 .text.pwr_on_raspberrypi_pico_uart
                0x0000000010006378        0x4 zephyr/drivers/serial/libdrivers__serial.a(uart_pl011.c.obj)
 .text.clk_enable_raspberrypi_pico_uart
                0x000000001000637c        0x4 zephyr/drivers/serial/libdrivers__serial.a(uart_pl011.c.obj)
 .text.pl011_poll_out
                0x0000000010006380       0x10 zephyr/drivers/serial/libdrivers__serial.a(uart_pl011.c.obj)
 .text.pl011_err_check
                0x0000000010006390       0x24 zephyr/drivers/serial/libdrivers__serial.a(uart_pl011.c.obj)
 .text.pl011_runtime_config_get
                0x00000000100063b4        0xc zephyr/drivers/serial/libdrivers__serial.a(uart_pl011.c.obj)
 .text.pl011_fifo_fill
                0x00000000100063c0       0x20 zephyr/drivers/serial/libdrivers__serial.a(uart_pl011.c.obj)
 .text.pl011_fifo_read
                0x00000000100063e0       0x20 zephyr/drivers/serial/libdrivers__serial.a(uart_pl011.c.obj)
 .text.pl011_irq_tx_enable
                0x0000000010006400       0x46 zephyr/drivers/serial/libdrivers__serial.a(uart_pl011.c.obj)
 .text.pl011_irq_tx_disable
                0x0000000010006446       0x14 zephyr/drivers/serial/libdrivers__serial.a(uart_pl011.c.obj)
 .text.pl011_irq_tx_complete
                0x000000001000645a        0xe zephyr/drivers/serial/libdrivers__serial.a(uart_pl011.c.obj)
 .text.pl011_irq_tx_ready
                0x0000000010006468       0x34 zephyr/drivers/serial/libdrivers__serial.a(uart_pl011.c.obj)
 .text.pl011_irq_rx_enable
                0x000000001000649c        0xe zephyr/drivers/serial/libdrivers__serial.a(uart_pl011.c.obj)
 .text.pl011_irq_rx_disable
                0x00000000100064aa        0xe zephyr/drivers/serial/libdrivers__serial.a(uart_pl011.c.obj)
 .text.pl011_irq_rx_ready
                0x00000000100064b8       0x2c zephyr/drivers/serial/libdrivers__serial.a(uart_pl011.c.obj)
 .text.pl011_irq_err_enable
                0x00000000100064e4       0x10 zephyr/drivers/serial/libdrivers__serial.a(uart_pl011.c.obj)
 .text.pl011_irq_is_pending
                0x00000000100064f4       0x1c zephyr/drivers/serial/libdrivers__serial.a(uart_pl011.c.obj)
 .text.pl011_irq_update
                0x0000000010006510        0x4 zephyr/drivers/serial/libdrivers__serial.a(uart_pl011.c.obj)
 .text.pl011_irq_callback_set
                0x0000000010006514        0x8 zephyr/drivers/serial/libdrivers__serial.a(uart_pl011.c.obj)
 .text.pl011_isr
                0x000000001000651c       0x22 zephyr/drivers/serial/libdrivers__serial.a(uart_pl011.c.obj)
                0x000000001000651c                pl011_isr
 .text.pl011_irq_config_func_0
                0x000000001000653e       0x14 zephyr/drivers/serial/libdrivers__serial.a(uart_pl011.c.obj)
 .text.pl011_runtime_configure
                0x0000000010006552        0xa zephyr/drivers/serial/libdrivers__serial.a(uart_pl011.c.obj)
 .text.clock_configure
                0x000000001000655c       0x5c modules/hal_rpi_pico/libmodules__hal_rpi_pico.a(clocks.c.obj)
                0x000000001000655c                clock_configure
 .text.gpio_init
                0x00000000100065b8       0x16 modules/hal_rpi_pico/libmodules__hal_rpi_pico.a(gpio.c.obj)
                0x00000000100065b8                gpio_init
 .text.flash_get_unique_id
                0x00000000100065ce       0x42 modules/hal_rpi_pico/libmodules__hal_rpi_pico.a(flash.c.obj)
                0x00000000100065ce                flash_get_unique_id
 .text.do_device_init
                0x0000000010006610       0x32 zephyr/kernel/libkernel.a(device.c.obj)
                0x0000000010006610                do_device_init
 .text.z_impl_device_is_ready
                0x0000000010006642       0x1a zephyr/kernel/libkernel.a(device.c.obj)
                0x0000000010006642                z_impl_device_is_ready
 .text.arch_system_halt
                0x000000001000665c        0x8 zephyr/kernel/libkernel.a(fatal.c.obj)
                0x000000001000665c                arch_system_halt
 .text.k_sys_fatal_error_handler
                0x0000000010006664        0x6 zephyr/kernel/libkernel.a(fatal.c.obj)
                0x0000000010006664                k_sys_fatal_error_handler
 .text.idle     0x000000001000666a        0xe zephyr/kernel/libkernel.a(idle.c.obj)
                0x000000001000666a                idle
 .text.unpend_thread_no_timeout
                0x0000000010006678       0x1a zephyr/kernel/libkernel.a(msg_q.c.obj)
 .text.z_impl_k_msgq_put
                0x0000000010006692        0xc zephyr/kernel/libkernel.a(msg_q.c.obj)
                0x0000000010006692                z_impl_k_msgq_put
 .text.adjust_owner_prio.isra.0
                0x000000001000669e       0x16 zephyr/kernel/libkernel.a(mutex.c.obj)
 .text.z_impl_k_sem_init
                0x00000000100066b4       0x1a zephyr/kernel/libkernel.a(sem.c.obj)
                0x00000000100066b4                z_impl_k_sem_init
 .text.flag_test_and_clear
                0x00000000100066ce       0x18 zephyr/kernel/libkernel.a(work.c.obj)
 .text.notify_queue_locked.isra.0
                0x00000000100066e6       0x12 zephyr/kernel/libkernel.a(work.c.obj)
 .text.work_timeout
                0x00000000100066f8       0x34 zephyr/kernel/libkernel.a(work.c.obj)
 .text.k_work_init
                0x000000001000672c       0x12 zephyr/kernel/libkernel.a(work.c.obj)
                0x000000001000672c                k_work_init
 .text.z_work_submit_to_queue
                0x000000001000673e       0x1e zephyr/kernel/libkernel.a(work.c.obj)
                0x000000001000673e                z_work_submit_to_queue
 .text.k_work_submit_to_queue
                0x000000001000675c       0x18 zephyr/kernel/libkernel.a(work.c.obj)
                0x000000001000675c                k_work_submit_to_queue
 .text.k_work_init_delayable
                0x0000000010006774       0x18 zephyr/kernel/libkernel.a(work.c.obj)
                0x0000000010006774                k_work_init_delayable
 .text.k_is_in_isr
                0x000000001000678c        0xc zephyr/kernel/libkernel.a(thread.c.obj)
                0x000000001000678c                k_is_in_isr
 .text.z_impl_k_thread_name_set
                0x0000000010006798        0x6 zephyr/kernel/libkernel.a(thread.c.obj)
                0x0000000010006798                z_impl_k_thread_name_set
 .text.sys_dlist_remove
                0x000000001000679e       0x10 zephyr/kernel/libkernel.a(sched.c.obj)
 .text.unpend_thread_no_timeout
                0x00000000100067ae       0x16 zephyr/kernel/libkernel.a(sched.c.obj)
 .text.add_to_waitq_locked
                0x00000000100067c4       0x52 zephyr/kernel/libkernel.a(sched.c.obj)
 .text.z_ready_thread
                0x0000000010006816       0x18 zephyr/kernel/libkernel.a(sched.c.obj)
                0x0000000010006816                z_ready_thread
 .text.z_unpend_thread_no_timeout
                0x000000001000682e       0x1e zephyr/kernel/libkernel.a(sched.c.obj)
                0x000000001000682e                z_unpend_thread_no_timeout
 .text.z_sched_wake_thread
                0x000000001000684c       0x36 zephyr/kernel/libkernel.a(sched.c.obj)
                0x000000001000684c                z_sched_wake_thread
 .text.z_thread_timeout
                0x0000000010006882        0xc zephyr/kernel/libkernel.a(sched.c.obj)
                0x0000000010006882                z_thread_timeout
 .text.z_unpend1_no_timeout
                0x000000001000688e       0x2a zephyr/kernel/libkernel.a(sched.c.obj)
                0x000000001000688e                z_unpend1_no_timeout
 .text.z_impl_k_usleep
                0x00000000100068b8       0x22 zephyr/kernel/libkernel.a(sched.c.obj)
                0x00000000100068b8                z_impl_k_usleep
 .text.z_sched_wake
                0x00000000100068da       0x3c zephyr/kernel/libkernel.a(sched.c.obj)
                0x00000000100068da                z_sched_wake
 .text.z_abort_timeout
                0x0000000010006916       0x4c zephyr/kernel/libkernel.a(timeout.c.obj)
                0x0000000010006916                z_abort_timeout
 .text.sys_clock_tick_get_32
                0x0000000010006962        0x8 zephyr/kernel/libkernel.a(timeout.c.obj)
                0x0000000010006962                sys_clock_tick_get_32
 .text.z_impl_k_uptime_ticks
                0x000000001000696a        0x8 zephyr/kernel/libkernel.a(timeout.c.obj)
                0x000000001000696a                z_impl_k_uptime_ticks
 .text.z_impl_k_timer_stop
                0x0000000010006972       0x32 zephyr/kernel/libkernel.a(timer.c.obj)
                0x0000000010006972                z_impl_k_timer_stop
 .text.z_impl_atomic_cas
                0x00000000100069a4       0x26 zephyr/kernel/libkernel.a(atomic_c.c.obj)
                0x00000000100069a4                z_impl_atomic_cas
 .text.z_impl_atomic_add
                0x00000000100069ca       0x1a zephyr/kernel/libkernel.a(atomic_c.c.obj)
                0x00000000100069ca                z_impl_atomic_add
 .text.z_impl_atomic_sub
                0x00000000100069e4       0x1a zephyr/kernel/libkernel.a(atomic_c.c.obj)
                0x00000000100069e4                z_impl_atomic_sub
 .text.z_impl_atomic_set
                0x00000000100069fe       0x18 zephyr/kernel/libkernel.a(atomic_c.c.obj)
                0x00000000100069fe                z_impl_atomic_set
 .text.k_heap_init
                0x0000000010006a16       0x10 zephyr/kernel/libkernel.a(kheap.c.obj)
                0x0000000010006a16                k_heap_init
 .text.memcpy   0x0000000010006a26       0x12 /home/ezhil/zephyr-sdk-0.17.4/arm-zephyr-eabi/bin/../lib/gcc/../../picolibc/arm-zephyr-eabi/lib/thumb/v6-m/nofp/libc.a(memcpy.c.o)
                0x0000000010006a26                memcpy
                0x0000000010006a26                __aeabi_memcpy
                0x0000000010006a26                __aeabi_memcpy4
                0x0000000010006a26                __aeabi_memcpy8
 .text.memset   0x0000000010006a38       0x10 /home/ezhil/zephyr-sdk-0.17.4/arm-zephyr-eabi/bin/../lib/gcc/../../picolibc/arm-zephyr-eabi/lib/thumb/v6-m/nofp/libc.a(memset.c.o)
                0x0000000010006a38                memset
 .text.strnlen  0x0000000010006a48       0x16 /home/ezhil/zephyr-sdk-0.17.4/arm-zephyr-eabi/bin/../lib/gcc/../../picolibc/arm-zephyr-eabi/lib/thumb/v6-m/nofp/libc.a(libc_string_strnlen.c.o)
                0x0000000010006a48                strnlen
 .text.__ultoa_invert
                0x0000000010006a5e      0x10e /home/ezhil/zephyr-sdk-0.17.4/arm-zephyr-eabi/bin/../lib/gcc/../../picolibc/arm-zephyr-eabi/lib/thumb/v6-m/nofp/libc.a(libc_tinystdio_vflprintf.c.o)
 *(SORT_BY_ALIGNMENT(.TEXT.*))
 .TEXT.__aeabi_read_tp
                0x0000000010006b6c        0xc zephyr/arch/arch/arm/core/cortex_m/libarch__arm__core__cortex_m.a(__aeabi_read_tp.S.obj)
                0x0000000010006b6c                __aeabi_read_tp
 .TEXT.__aeabi_read_tp.__stub
                0x0000000010006b78       0x10 linker stubs
 *(SORT_BY_ALIGNMENT(.gnu.linkonce.t.*))
 *(SORT_BY_ALIGNMENT(.glue_7t))
 .glue_7t       0x0000000010006b88        0x0 linker stubs
 *(SORT_BY_ALIGNMENT(.glue_7))
 .glue_7        0x0000000010006b88        0x0 linker stubs
 *(SORT_BY_ALIGNMENT(.vfp11_veneer))
 .vfp11_veneer  0x0000000010006b88        0x0 linker stubs
 *(SORT_BY_ALIGNMENT(.v4_bx))
 .v4_bx         0x0000000010006b88        0x0 linker stubs
                0x0000000010006b88                . = ALIGN (0x4)
                0x0000000010006b88                __text_region_end = .

.ARM.exidx      0x0000000010006b88        0x8
                0x0000000010006b88                __exidx_start = .
 *(SORT_BY_ALIGNMENT(.ARM.exidx*) SORT_BY_ALIGNMENT(gnu.linkonce.armexidx.*))
 .ARM.exidx     0x0000000010006b88        0x8 /home/ezhil/zephyr-sdk-0.17.4/arm-zephyr-eabi/bin/../lib/gcc/arm-zephyr-eabi/12.2.0/thumb/v6-m/nofp/libgcc.a(_udivmoddi4.o)
                0x0000000010006b90                __exidx_end = .
                0x0000000010006b90                __rodata_region_start = .

initlevel       0x0000000010006b90       0x70
                0x0000000010006b90                __init_start = .
                0x0000000010006b90                __init_EARLY_start = .
 *(SORT_BY_NAME(SORT_BY_ALIGNMENT(.z_init_EARLY_P_?_*)))
 *(SORT_BY_NAME(SORT_BY_ALIGNMENT(.z_init_EARLY_P_??_*)))
 *(SORT_BY_NAME(SORT_BY_ALIGNMENT(.z_init_EARLY_P_???_*)))
                0x0000000010006b90                __init_PRE_KERNEL_1_start = .
 *(SORT_BY_NAME(SORT_BY_ALIGNMENT(.z_init_PRE_KERNEL_1_P_?_*)))
 *(SORT_BY_NAME(SORT_BY_ALIGNMENT(.z_init_PRE_KERNEL_1_P_??_*)))
 .z_init_PRE_KERNEL_1_P_30_SUB_00025_
                0x0000000010006b90        0x8 zephyr/drivers/clock_control/libdrivers__clock_control.a(clock_control_rpi_pico.c.obj)
 .z_init_PRE_KERNEL_1_P_30_SUB_0_
                0x0000000010006b98        0x8 zephyr/kernel/libkernel.a(kheap.c.obj)
 .z_init_PRE_KERNEL_1_P_35_SUB_00027_
                0x0000000010006ba0        0x8 zephyr/drivers/reset/libdrivers__reset.a(reset_rpi_pico.c.obj)
 .z_init_PRE_KERNEL_1_P_50_SUB_00064_
                0x0000000010006ba8        0x8 zephyr/drivers/serial/libdrivers__serial.a(uart_pl011.c.obj)
 .z_init_PRE_KERNEL_1_P_50_SUB_00075_
                0x0000000010006bb0        0x8 zephyr/libzephyr.a(cdc_acm.c.obj)
 .z_init_PRE_KERNEL_1_P_60_SUB_0_
                0x0000000010006bb8        0x8 zephyr/drivers/console/libdrivers__console.a(uart_console.c.obj)
 *(SORT_BY_NAME(SORT_BY_ALIGNMENT(.z_init_PRE_KERNEL_1_P_???_*)))
                0x0000000010006bc0                __init_PRE_KERNEL_2_start = .
 *(SORT_BY_NAME(SORT_BY_ALIGNMENT(.z_init_PRE_KERNEL_2_P_?_*)))
 .z_init_PRE_KERNEL_2_P_0_SUB_0_
                0x0000000010006bc0        0x8 zephyr/drivers/timer/libdrivers__timer.a(cortex_m_systick.c.obj)
 *(SORT_BY_NAME(SORT_BY_ALIGNMENT(.z_init_PRE_KERNEL_2_P_??_*)))
 *(SORT_BY_NAME(SORT_BY_ALIGNMENT(.z_init_PRE_KERNEL_2_P_???_*)))
                0x0000000010006bc8                __init_POST_KERNEL_start = .
 *(SORT_BY_NAME(SORT_BY_ALIGNMENT(.z_init_POST_KERNEL_P_?_*)))
 *(SORT_BY_NAME(SORT_BY_ALIGNMENT(.z_init_POST_KERNEL_P_??_*)))
 .z_init_POST_KERNEL_P_35_SUB_0_
                0x0000000010006bc8        0x8 zephyr/lib/libc/common/liblib__libc__common.a(malloc.c.obj)
 .z_init_POST_KERNEL_P_40_SUB_00034_
                0x0000000010006bd0        0x8 zephyr/drivers/gpio/libdrivers__gpio.a(gpio_rpi_pico.c.obj)
 .z_init_POST_KERNEL_P_40_SUB_0_
                0x0000000010006bd8        0x8 zephyr/libzephyr.a(usb_work_q.c.obj)
 .z_init_POST_KERNEL_P_40_SUB_0_
                0x0000000010006be0        0x8 zephyr/kernel/libkernel.a(system_work_q.c.obj)
 .z_init_POST_KERNEL_P_50_SUB_00028_
                0x0000000010006be8        0x8 zephyr/drivers/adc/libdrivers__adc.a(adc_rpi_pico.c.obj)
 .z_init_POST_KERNEL_P_50_SUB_0_
                0x0000000010006bf0        0x8 zephyr/drivers/usb/device/libdrivers__usb__device.a(usb_dc_rpi_pico.c.obj)
 .z_init_POST_KERNEL_P_90_SUB_0_
                0x0000000010006bf8        0x8 zephyr/libzephyr.a(usb_device.c.obj)
 *(SORT_BY_NAME(SORT_BY_ALIGNMENT(.z_init_POST_KERNEL_P_???_*)))
                0x0000000010006c00                __init_APPLICATION_start = .
 *(SORT_BY_NAME(SORT_BY_ALIGNMENT(.z_init_APPLICATION_P_?_*)))
 *(SORT_BY_NAME(SORT_BY_ALIGNMENT(.z_init_APPLICATION_P_??_*)))
 *(SORT_BY_NAME(SORT_BY_ALIGNMENT(.z_init_APPLICATION_P_???_*)))
                0x0000000010006c00                __init_SMP_start = .
 *(SORT_BY_NAME(SORT_BY_ALIGNMENT(.z_init_SMP_P_?_*)))
 *(SORT_BY_NAME(SORT_BY_ALIGNMENT(.z_init_SMP_P_??_*)))
 *(SORT_BY_NAME(SORT_BY_ALIGNMENT(.z_init_SMP_P_???_*)))
                0x0000000010006c00                __init_end = .

device_area     0x0000000010006c00       0xa8
                0x0000000010006c00                _device_list_start = .
 *(SORT_BY_NAME(SORT_BY_ALIGNMENT(._device.static.*_?_*)))
 *(SORT_BY_NAME(SORT_BY_ALIGNMENT(._device.static.*_??_*)))
 ._device.static.1_30_
                0x0000000010006c00       0x1c zephyr/drivers/clock_control/libdrivers__clock_control.a(clock_control_rpi_pico.c.obj)
                0x0000000010006c00                __device_dts_ord_25
 ._device.static.1_35_
                0x0000000010006c1c       0x1c zephyr/drivers/reset/libdrivers__reset.a(reset_rpi_pico.c.obj)
                0x0000000010006c1c                __device_dts_ord_27
 ._device.static.1_50_
                0x0000000010006c38       0x1c zephyr/libzephyr.a(cdc_acm.c.obj)
                0x0000000010006c38                __device_dts_ord_75
 ._device.static.1_50_
                0x0000000010006c54       0x1c zephyr/drivers/serial/libdrivers__serial.a(uart_pl011.c.obj)
                0x0000000010006c54                __device_dts_ord_64
 ._device.static.3_40_
                0x0000000010006c70       0x1c zephyr/drivers/gpio/libdrivers__gpio.a(gpio_rpi_pico.c.obj)
                0x0000000010006c70                __device_dts_ord_34
 ._device.static.3_50_
                0x0000000010006c8c       0x1c zephyr/drivers/adc/libdrivers__adc.a(adc_rpi_pico.c.obj)
                0x0000000010006c8c                __device_dts_ord_28
 *(SORT_BY_NAME(SORT_BY_ALIGNMENT(._device.static.*_???_*)))
 *(SORT_BY_NAME(SORT_BY_ALIGNMENT(._device.static.*_????_*)))
 *(SORT_BY_NAME(SORT_BY_ALIGNMENT(._device.static.*_?????_*)))
                0x0000000010006ca8                _device_list_end = .

sw_isr_table    0x0000000010006ca8       0xd0
                0x0000000010006ca8                . = ALIGN (0x4)
 *(SORT_BY_ALIGNMENT(.gnu.linkonce.sw_isr_table*))
 .gnu.linkonce.sw_isr_table
                0x0000000010006ca8       0xd0 zephyr/arch/common/libisr_tables.a(isr_tables.c.obj)
                0x0000000010006ca8                _sw_isr_table

initlevel_error
                0x0000000010006b90        0x0
 *(SORT_BY_NAME(SORT_BY_ALIGNMENT(.z_init_*)))
                0x0000000000000001                ASSERT ((SIZEOF (initlevel_error) == 0x0), Undefined initialization levels used.)

app_shmem_regions
                0x0000000010006d78        0x0
                0x0000000010006d78                __app_shmem_regions_start = .
 *(SORT_BY_NAME(SORT_BY_ALIGNMENT(.app_regions.*)))
                0x0000000010006d78                __app_shmem_regions_end = .

k_p4wq_initparam_area
                0x0000000010006d78        0x0
                0x0000000010006d78                _k_p4wq_initparam_list_start = .
 *(SORT_BY_NAME(SORT_BY_ALIGNMENT(._k_p4wq_initparam.static.*)))
                0x0000000010006d78                _k_p4wq_initparam_list_end = .

_static_thread_data_area
                0x0000000010006d78        0x0
                0x0000000010006d78                __static_thread_data_list_start = .
 *(SORT_BY_NAME(SORT_BY_ALIGNMENT(.__static_thread_data.static.*)))
                0x0000000010006d78                __static_thread_data_list_end = .

device_deps     0x0000000010006d78        0x0
                0x0000000010006d78                __device_deps_start = .
 *(SORT_BY_NAME(SORT_BY_ALIGNMENT(.__device_deps_pass2*)))
                0x0000000010006d78                __device_deps_end = .

adc_driver_api_area
                0x0000000010006d78        0xc
                0x0000000010006d78                _adc_driver_api_list_start = .
 *(SORT_BY_NAME(SORT_BY_ALIGNMENT(._adc_driver_api.static.*)))
 ._adc_driver_api.static.adc_rpi_api_0_
                0x0000000010006d78        0xc zephyr/drivers/adc/libdrivers__adc.a(adc_rpi_pico.c.obj)
                0x0000000010006d84                _adc_driver_api_list_end = .

gpio_driver_api_area
                0x0000000010006d84       0x24
                0x0000000010006d84                _gpio_driver_api_list_start = .
 *(SORT_BY_NAME(SORT_BY_ALIGNMENT(._gpio_driver_api.static.*)))
 ._gpio_driver_api.static.gpio_rpi_driver_api_
                0x0000000010006d84       0x24 zephyr/drivers/gpio/libdrivers__gpio.a(gpio_rpi_pico.c.obj)
                0x0000000010006da8                _gpio_driver_api_list_end = .

reset_driver_api_area
                0x0000000010006da8       0x10
                0x0000000010006da8                _reset_driver_api_list_start = .
 *(SORT_BY_NAME(SORT_BY_ALIGNMENT(._reset_driver_api.static.*)))
 ._reset_driver_api.static.reset_rpi_driver_api_
                0x0000000010006da8       0x10 zephyr/drivers/reset/libdrivers__reset.a(reset_rpi_pico.c.obj)
                0x0000000010006db8                _reset_driver_api_list_end = .

shared_irq_driver_api_area
                0x0000000010006db8        0x0
                0x0000000010006db8                _shared_irq_driver_api_list_start = .
 *(SORT_BY_NAME(SORT_BY_ALIGNMENT(._shared_irq_driver_api.static.*)))
                0x0000000010006db8                _shared_irq_driver_api_list_end = .

crypto_driver_api_area
                0x0000000010006db8        0x0
                0x0000000010006db8                _crypto_driver_api_list_start = .
 *(SORT_BY_NAME(SORT_BY_ALIGNMENT(._crypto_driver_api.static.*)))
                0x0000000010006db8                _crypto_driver_api_list_end = .

auxdisplay_driver_api_area
                0x0000000010006db8        0x0
                0x0000000010006db8                _auxdisplay_driver_api_list_start = .
 *(SORT_BY_NAME(SORT_BY_ALIGNMENT(._auxdisplay_driver_api.static.*)))
                0x0000000010006db8                _auxdisplay_driver_api_list_end = .

bbram_driver_api_area
                0x0000000010006db8        0x0
                0x0000000010006db8                _bbram_driver_api_list_start = .
 *(SORT_BY_NAME(SORT_BY_ALIGNMENT(._bbram_driver_api.static.*)))
                0x0000000010006db8                _bbram_driver_api_list_end = .

bt_hci_driver_api_area
                0x0000000010006db8        0x0
                0x0000000010006db8                _bt_hci_driver_api_list_start = .
 *(SORT_BY_NAME(SORT_BY_ALIGNMENT(._bt_hci_driver_api.static.*)))
                0x0000000010006db8                _bt_hci_driver_api_list_end = .

can_driver_api_area
                0x0000000010006db8        0x0
                0x0000000010006db8                _can_driver_api_list_start = .
 *(SORT_BY_NAME(SORT_BY_ALIGNMENT(._can_driver_api.static.*)))
                0x0000000010006db8                _can_driver_api_list_end = .

cellular_driver_api_area
                0x0000000010006db8        0x0
                0x0000000010006db8                _cellular_driver_api_list_start = .
 *(SORT_BY_NAME(SORT_BY_ALIGNMENT(._cellular_driver_api.static.*)))
                0x0000000010006db8                _cellular_driver_api_list_end = .

charger_driver_api_area
                0x0000000010006db8        0x0
                0x0000000010006db8                _charger_driver_api_list_start = .
 *(SORT_BY_NAME(SORT_BY_ALIGNMENT(._charger_driver_api.static.*)))
                0x0000000010006db8                _charger_driver_api_list_end = .

clock_control_driver_api_area
                0x0000000010006db8       0x1c
                0x0000000010006db8                _clock_control_driver_api_list_start = .
 *(SORT_BY_NAME(SORT_BY_ALIGNMENT(._clock_control_driver_api.static.*)))
 ._clock_control_driver_api.static.clock_control_rpi_pico_api_
                0x0000000010006db8       0x1c zephyr/drivers/clock_control/libdrivers__clock_control.a(clock_control_rpi_pico.c.obj)
                0x0000000010006dd4                _clock_control_driver_api_list_end = .

comparator_driver_api_area
                0x0000000010006dd4        0x0
                0x0000000010006dd4                _comparator_driver_api_list_start = .
 *(SORT_BY_NAME(SORT_BY_ALIGNMENT(._comparator_driver_api.static.*)))
                0x0000000010006dd4                _comparator_driver_api_list_end = .

coredump_driver_api_area
                0x0000000010006dd4        0x0
                0x0000000010006dd4                _coredump_driver_api_list_start = .
 *(SORT_BY_NAME(SORT_BY_ALIGNMENT(._coredump_driver_api.static.*)))
                0x0000000010006dd4                _coredump_driver_api_list_end = .

counter_driver_api_area
                0x0000000010006dd4        0x0
                0x0000000010006dd4                _counter_driver_api_list_start = .
 *(SORT_BY_NAME(SORT_BY_ALIGNMENT(._counter_driver_api.static.*)))
                0x0000000010006dd4                _counter_driver_api_list_end = .

crc_driver_api_area
                0x0000000010006dd4        0x0
                0x0000000010006dd4                _crc_driver_api_list_start = .
 *(SORT_BY_NAME(SORT_BY_ALIGNMENT(._crc_driver_api.static.*)))
                0x0000000010006dd4                _crc_driver_api_list_end = .

dac_driver_api_area
                0x0000000010006dd4        0x0
                0x0000000010006dd4                _dac_driver_api_list_start = .
 *(SORT_BY_NAME(SORT_BY_ALIGNMENT(._dac_driver_api.static.*)))
                0x0000000010006dd4                _dac_driver_api_list_end = .

dai_driver_api_area
                0x0000000010006dd4        0x0
                0x0000000010006dd4                _dai_driver_api_list_start = .
 *(SORT_BY_NAME(SORT_BY_ALIGNMENT(._dai_driver_api.static.*)))
                0x0000000010006dd4                _dai_driver_api_list_end = .

display_driver_api_area
                0x0000000010006dd4        0x0
                0x0000000010006dd4                _display_driver_api_list_start = .
 *(SORT_BY_NAME(SORT_BY_ALIGNMENT(._display_driver_api.static.*)))
                0x0000000010006dd4                _display_driver_api_list_end = .

dma_driver_api_area
                0x0000000010006dd4        0x0
                0x0000000010006dd4                _dma_driver_api_list_start = .
 *(SORT_BY_NAME(SORT_BY_ALIGNMENT(._dma_driver_api.static.*)))
                0x0000000010006dd4                _dma_driver_api_list_end = .

edac_driver_api_area
                0x0000000010006dd4        0x0
                0x0000000010006dd4                _edac_driver_api_list_start = .
 *(SORT_BY_NAME(SORT_BY_ALIGNMENT(._edac_driver_api.static.*)))
                0x0000000010006dd4                _edac_driver_api_list_end = .

eeprom_driver_api_area
                0x0000000010006dd4        0x0
                0x0000000010006dd4                _eeprom_driver_api_list_start = .
 *(SORT_BY_NAME(SORT_BY_ALIGNMENT(._eeprom_driver_api.static.*)))
                0x0000000010006dd4                _eeprom_driver_api_list_end = .

emul_bbram_driver_api_area
                0x0000000010006dd4        0x0
                0x0000000010006dd4                _emul_bbram_driver_api_list_start = .
 *(SORT_BY_NAME(SORT_BY_ALIGNMENT(._emul_bbram_driver_api.static.*)))
                0x0000000010006dd4                _emul_bbram_driver_api_list_end = .

fuel_gauge_emul_driver_api_area
                0x0000000010006dd4        0x0
                0x0000000010006dd4                _fuel_gauge_emul_driver_api_list_start = .
 *(SORT_BY_NAME(SORT_BY_ALIGNMENT(._fuel_gauge_emul_driver_api.static.*)))
                0x0000000010006dd4                _fuel_gauge_emul_driver_api_list_end = .

emul_sensor_driver_api_area
                0x0000000010006dd4        0x0
                0x0000000010006dd4                _emul_sensor_driver_api_list_start = .
 *(SORT_BY_NAME(SORT_BY_ALIGNMENT(._emul_sensor_driver_api.static.*)))
                0x0000000010006dd4                _emul_sensor_driver_api_list_end = .

entropy_driver_api_area
                0x0000000010006dd4        0x0
                0x0000000010006dd4                _entropy_driver_api_list_start = .
 *(SORT_BY_NAME(SORT_BY_ALIGNMENT(._entropy_driver_api.static.*)))
                0x0000000010006dd4                _entropy_driver_api_list_end = .

espi_driver_api_area
                0x0000000010006dd4        0x0
                0x0000000010006dd4                _espi_driver_api_list_start = .
 *(SORT_BY_NAME(SORT_BY_ALIGNMENT(._espi_driver_api.static.*)))
                0x0000000010006dd4                _espi_driver_api_list_end = .

espi_saf_driver_api_area
                0x0000000010006dd4        0x0
                0x0000000010006dd4                _espi_saf_driver_api_list_start = .
 *(SORT_BY_NAME(SORT_BY_ALIGNMENT(._espi_saf_driver_api.static.*)))
                0x0000000010006dd4                _espi_saf_driver_api_list_end = .

flash_driver_api_area
                0x0000000010006dd4        0x0
                0x0000000010006dd4                _flash_driver_api_list_start = .
 *(SORT_BY_NAME(SORT_BY_ALIGNMENT(._flash_driver_api.static.*)))
                0x0000000010006dd4                _flash_driver_api_list_end = .

fpga_driver_api_area
                0x0000000010006dd4        0x0
                0x0000000010006dd4                _fpga_driver_api_list_start = .
 *(SORT_BY_NAME(SORT_BY_ALIGNMENT(._fpga_driver_api.static.*)))
                0x0000000010006dd4                _fpga_driver_api_list_end = .

fuel_gauge_driver_api_area
                0x0000000010006dd4        0x0
                0x0000000010006dd4                _fuel_gauge_driver_api_list_start = .
 *(SORT_BY_NAME(SORT_BY_ALIGNMENT(._fuel_gauge_driver_api.static.*)))
                0x0000000010006dd4                _fuel_gauge_driver_api_list_end = .

gnss_driver_api_area
                0x0000000010006dd4        0x0
                0x0000000010006dd4                _gnss_driver_api_list_start = .
 *(SORT_BY_NAME(SORT_BY_ALIGNMENT(._gnss_driver_api.static.*)))
                0x0000000010006dd4                _gnss_driver_api_list_end = .

haptics_driver_api_area
                0x0000000010006dd4        0x0
                0x0000000010006dd4                _haptics_driver_api_list_start = .
 *(SORT_BY_NAME(SORT_BY_ALIGNMENT(._haptics_driver_api.static.*)))
                0x0000000010006dd4                _haptics_driver_api_list_end = .

hwspinlock_driver_api_area
                0x0000000010006dd4        0x0
                0x0000000010006dd4                _hwspinlock_driver_api_list_start = .
 *(SORT_BY_NAME(SORT_BY_ALIGNMENT(._hwspinlock_driver_api.static.*)))
                0x0000000010006dd4                _hwspinlock_driver_api_list_end = .

i2c_driver_api_area
                0x0000000010006dd4        0x0
                0x0000000010006dd4                _i2c_driver_api_list_start = .
 *(SORT_BY_NAME(SORT_BY_ALIGNMENT(._i2c_driver_api.static.*)))
                0x0000000010006dd4                _i2c_driver_api_list_end = .

i2c_target_driver_api_area
                0x0000000010006dd4        0x0
                0x0000000010006dd4                _i2c_target_driver_api_list_start = .
 *(SORT_BY_NAME(SORT_BY_ALIGNMENT(._i2c_target_driver_api.static.*)))
                0x0000000010006dd4                _i2c_target_driver_api_list_end = .

i2s_driver_api_area
                0x0000000010006dd4        0x0
                0x0000000010006dd4                _i2s_driver_api_list_start = .
 *(SORT_BY_NAME(SORT_BY_ALIGNMENT(._i2s_driver_api.static.*)))
                0x0000000010006dd4                _i2s_driver_api_list_end = .

i3c_driver_api_area
                0x0000000010006dd4        0x0
                0x0000000010006dd4                _i3c_driver_api_list_start = .
 *(SORT_BY_NAME(SORT_BY_ALIGNMENT(._i3c_driver_api.static.*)))
                0x0000000010006dd4                _i3c_driver_api_list_end = .

ipm_driver_api_area
                0x0000000010006dd4        0x0
                0x0000000010006dd4                _ipm_driver_api_list_start = .
 *(SORT_BY_NAME(SORT_BY_ALIGNMENT(._ipm_driver_api.static.*)))
                0x0000000010006dd4                _ipm_driver_api_list_end = .

led_driver_api_area
                0x0000000010006dd4        0x0
                0x0000000010006dd4                _led_driver_api_list_start = .
 *(SORT_BY_NAME(SORT_BY_ALIGNMENT(._led_driver_api.static.*)))
                0x0000000010006dd4                _led_driver_api_list_end = .

led_strip_driver_api_area
                0x0000000010006dd4        0x0
                0x0000000010006dd4                _led_strip_driver_api_list_start = .
 *(SORT_BY_NAME(SORT_BY_ALIGNMENT(._led_strip_driver_api.static.*)))
                0x0000000010006dd4                _led_strip_driver_api_list_end = .

lora_driver_api_area
                0x0000000010006dd4        0x0
                0x0000000010006dd4                _lora_driver_api_list_start = .
 *(SORT_BY_NAME(SORT_BY_ALIGNMENT(._lora_driver_api.static.*)))
                0x0000000010006dd4                _lora_driver_api_list_end = .

mbox_driver_api_area
                0x0000000010006dd4        0x0
                0x0000000010006dd4                _mbox_driver_api_list_start = .
 *(SORT_BY_NAME(SORT_BY_ALIGNMENT(._mbox_driver_api.static.*)))
                0x0000000010006dd4                _mbox_driver_api_list_end = .

mdio_driver_api_area
                0x0000000010006dd4        0x0
                0x0000000010006dd4                _mdio_driver_api_list_start = .
 *(SORT_BY_NAME(SORT_BY_ALIGNMENT(._mdio_driver_api.static.*)))
                0x0000000010006dd4                _mdio_driver_api_list_end = .

mipi_dbi_driver_api_area
                0x0000000010006dd4        0x0
                0x0000000010006dd4                _mipi_dbi_driver_api_list_start = .
 *(SORT_BY_NAME(SORT_BY_ALIGNMENT(._mipi_dbi_driver_api.static.*)))
                0x0000000010006dd4                _mipi_dbi_driver_api_list_end = .

mipi_dsi_driver_api_area
                0x0000000010006dd4        0x0
                0x0000000010006dd4                _mipi_dsi_driver_api_list_start = .
 *(SORT_BY_NAME(SORT_BY_ALIGNMENT(._mipi_dsi_driver_api.static.*)))
                0x0000000010006dd4                _mipi_dsi_driver_api_list_end = .

mspi_driver_api_area
                0x0000000010006dd4        0x0
                0x0000000010006dd4                _mspi_driver_api_list_start = .
 *(SORT_BY_NAME(SORT_BY_ALIGNMENT(._mspi_driver_api.static.*)))
                0x0000000010006dd4                _mspi_driver_api_list_end = .

opamp_driver_api_area
                0x0000000010006dd4        0x0
                0x0000000010006dd4                _opamp_driver_api_list_start = .
 *(SORT_BY_NAME(SORT_BY_ALIGNMENT(._opamp_driver_api.static.*)))
                0x0000000010006dd4                _opamp_driver_api_list_end = .

peci_driver_api_area
                0x0000000010006dd4        0x0
                0x0000000010006dd4                _peci_driver_api_list_start = .
 *(SORT_BY_NAME(SORT_BY_ALIGNMENT(._peci_driver_api.static.*)))
                0x0000000010006dd4                _peci_driver_api_list_end = .

ps2_driver_api_area
                0x0000000010006dd4        0x0
                0x0000000010006dd4                _ps2_driver_api_list_start = .
 *(SORT_BY_NAME(SORT_BY_ALIGNMENT(._ps2_driver_api.static.*)))
                0x0000000010006dd4                _ps2_driver_api_list_end = .

ptp_clock_driver_api_area
                0x0000000010006dd4        0x0
                0x0000000010006dd4                _ptp_clock_driver_api_list_start = .
 *(SORT_BY_NAME(SORT_BY_ALIGNMENT(._ptp_clock_driver_api.static.*)))
                0x0000000010006dd4                _ptp_clock_driver_api_list_end = .

pwm_driver_api_area
                0x0000000010006dd4        0x0
                0x0000000010006dd4                _pwm_driver_api_list_start = .
 *(SORT_BY_NAME(SORT_BY_ALIGNMENT(._pwm_driver_api.static.*)))
                0x0000000010006dd4                _pwm_driver_api_list_end = .

regulator_parent_driver_api_area
                0x0000000010006dd4        0x0
                0x0000000010006dd4                _regulator_parent_driver_api_list_start = .
 *(SORT_BY_NAME(SORT_BY_ALIGNMENT(._regulator_parent_driver_api.static.*)))
                0x0000000010006dd4                _regulator_parent_driver_api_list_end = .

regulator_driver_api_area
                0x0000000010006dd4        0x0
                0x0000000010006dd4                _regulator_driver_api_list_start = .
 *(SORT_BY_NAME(SORT_BY_ALIGNMENT(._regulator_driver_api.static.*)))
                0x0000000010006dd4                _regulator_driver_api_list_end = .

retained_mem_driver_api_area
                0x0000000010006dd4        0x0
                0x0000000010006dd4                _retained_mem_driver_api_list_start = .
 *(SORT_BY_NAME(SORT_BY_ALIGNMENT(._retained_mem_driver_api.static.*)))
                0x0000000010006dd4                _retained_mem_driver_api_list_end = .

rtc_driver_api_area
                0x0000000010006dd4        0x0
                0x0000000010006dd4                _rtc_driver_api_list_start = .
 *(SORT_BY_NAME(SORT_BY_ALIGNMENT(._rtc_driver_api.static.*)))
                0x0000000010006dd4                _rtc_driver_api_list_end = .

sdhc_driver_api_area
                0x0000000010006dd4        0x0
                0x0000000010006dd4                _sdhc_driver_api_list_start = .
 *(SORT_BY_NAME(SORT_BY_ALIGNMENT(._sdhc_driver_api.static.*)))
                0x0000000010006dd4                _sdhc_driver_api_list_end = .

sensor_driver_api_area
                0x0000000010006dd4        0x0
                0x0000000010006dd4                _sensor_driver_api_list_start = .
 *(SORT_BY_NAME(SORT_BY_ALIGNMENT(._sensor_driver_api.static.*)))
                0x0000000010006dd4                _sensor_driver_api_list_end = .

smbus_driver_api_area
                0x0000000010006dd4        0x0
                0x0000000010006dd4                _smbus_driver_api_list_start = .
 *(SORT_BY_NAME(SORT_BY_ALIGNMENT(._smbus_driver_api.static.*)))
                0x0000000010006dd4                _smbus_driver_api_list_end = .

spi_driver_api_area
                0x0000000010006dd4        0x0
                0x0000000010006dd4                _spi_driver_api_list_start = .
 *(SORT_BY_NAME(SORT_BY_ALIGNMENT(._spi_driver_api.static.*)))
                0x0000000010006dd4                _spi_driver_api_list_end = .

stepper_driver_api_area
                0x0000000010006dd4        0x0
                0x0000000010006dd4                _stepper_driver_api_list_start = .
 *(SORT_BY_NAME(SORT_BY_ALIGNMENT(._stepper_driver_api.static.*)))
                0x0000000010006dd4                _stepper_driver_api_list_end = .

stepper_drv_driver_api_area
                0x0000000010006dd4        0x0
                0x0000000010006dd4                _stepper_drv_driver_api_list_start = .
 *(SORT_BY_NAME(SORT_BY_ALIGNMENT(._stepper_drv_driver_api.static.*)))
                0x0000000010006dd4                _stepper_drv_driver_api_list_end = .

syscon_driver_api_area
                0x0000000010006dd4        0x0
                0x0000000010006dd4                _syscon_driver_api_list_start = .
 *(SORT_BY_NAME(SORT_BY_ALIGNMENT(._syscon_driver_api.static.*)))
                0x0000000010006dd4                _syscon_driver_api_list_end = .

tee_driver_api_area
                0x0000000010006dd4        0x0
                0x0000000010006dd4                _tee_driver_api_list_start = .
 *(SORT_BY_NAME(SORT_BY_ALIGNMENT(._tee_driver_api.static.*)))
                0x0000000010006dd4                _tee_driver_api_list_end = .

video_driver_api_area
                0x0000000010006dd4        0x0
                0x0000000010006dd4                _video_driver_api_list_start = .
 *(SORT_BY_NAME(SORT_BY_ALIGNMENT(._video_driver_api.static.*)))
                0x0000000010006dd4                _video_driver_api_list_end = .

virtio_driver_api_area
                0x0000000010006dd4        0x0
                0x0000000010006dd4                _virtio_driver_api_list_start = .
 *(SORT_BY_NAME(SORT_BY_ALIGNMENT(._virtio_driver_api.static.*)))
                0x0000000010006dd4                _virtio_driver_api_list_end = .

w1_driver_api_area
                0x0000000010006dd4        0x0
                0x0000000010006dd4                _w1_driver_api_list_start = .
 *(SORT_BY_NAME(SORT_BY_ALIGNMENT(._w1_driver_api.static.*)))
                0x0000000010006dd4                _w1_driver_api_list_end = .

wdt_driver_api_area
                0x0000000010006dd4        0x0
                0x0000000010006dd4                _wdt_driver_api_list_start = .
 *(SORT_BY_NAME(SORT_BY_ALIGNMENT(._wdt_driver_api.static.*)))
                0x0000000010006dd4                _wdt_driver_api_list_end = .

can_transceiver_driver_api_area
                0x0000000010006dd4        0x0
                0x0000000010006dd4                _can_transceiver_driver_api_list_start = .
 *(SORT_BY_NAME(SORT_BY_ALIGNMENT(._can_transceiver_driver_api.static.*)))
                0x0000000010006dd4                _can_transceiver_driver_api_list_end = .

nrf_clock_control_driver_api_area
                0x0000000010006dd4        0x0
                0x0000000010006dd4                _nrf_clock_control_driver_api_list_start = .
 *(SORT_BY_NAME(SORT_BY_ALIGNMENT(._nrf_clock_control_driver_api.static.*)))
                0x0000000010006dd4                _nrf_clock_control_driver_api_list_end = .

i3c_target_driver_api_area
                0x0000000010006dd4        0x0
                0x0000000010006dd4                _i3c_target_driver_api_list_start = .
 *(SORT_BY_NAME(SORT_BY_ALIGNMENT(._i3c_target_driver_api.static.*)))
                0x0000000010006dd4                _i3c_target_driver_api_list_end = .

its_driver_api_area
                0x0000000010006dd4        0x0
                0x0000000010006dd4                _its_driver_api_list_start = .
 *(SORT_BY_NAME(SORT_BY_ALIGNMENT(._its_driver_api.static.*)))
                0x0000000010006dd4                _its_driver_api_list_end = .

vtd_driver_api_area
                0x0000000010006dd4        0x0
                0x0000000010006dd4                _vtd_driver_api_list_start = .
 *(SORT_BY_NAME(SORT_BY_ALIGNMENT(._vtd_driver_api.static.*)))
                0x0000000010006dd4                _vtd_driver_api_list_end = .

renesas_elc_driver_api_area
                0x0000000010006dd4        0x0
                0x0000000010006dd4                _renesas_elc_driver_api_list_start = .
 *(SORT_BY_NAME(SORT_BY_ALIGNMENT(._renesas_elc_driver_api.static.*)))
                0x0000000010006dd4                _renesas_elc_driver_api_list_end = .

tgpio_driver_api_area
                0x0000000010006dd4        0x0
                0x0000000010006dd4                _tgpio_driver_api_list_start = .
 *(SORT_BY_NAME(SORT_BY_ALIGNMENT(._tgpio_driver_api.static.*)))
                0x0000000010006dd4                _tgpio_driver_api_list_end = .

pcie_ctrl_driver_api_area
                0x0000000010006dd4        0x0
                0x0000000010006dd4                _pcie_ctrl_driver_api_list_start = .
 *(SORT_BY_NAME(SORT_BY_ALIGNMENT(._pcie_ctrl_driver_api.static.*)))
                0x0000000010006dd4                _pcie_ctrl_driver_api_list_end = .

pcie_ep_driver_api_area
                0x0000000010006dd4        0x0
                0x0000000010006dd4                _pcie_ep_driver_api_list_start = .
 *(SORT_BY_NAME(SORT_BY_ALIGNMENT(._pcie_ep_driver_api.static.*)))
                0x0000000010006dd4                _pcie_ep_driver_api_list_end = .

psi5_driver_api_area
                0x0000000010006dd4        0x0
                0x0000000010006dd4                _psi5_driver_api_list_start = .
 *(SORT_BY_NAME(SORT_BY_ALIGNMENT(._psi5_driver_api.static.*)))
                0x0000000010006dd4                _psi5_driver_api_list_end = .

sent_driver_api_area
                0x0000000010006dd4        0x0