Archive member included to satisfy reference by file (symbol)

app/libapp.a(main.c.obj)      (--whole-archive)
zephyr/libzephyr.a(validate_libc.c.obj)
                              (--whole-archive)
zephyr/libzephyr.a(heap.c.obj)
                              (--whole-archive)
zephyr/libzephyr.a(cbprintf_packaged.c.obj)
                              (--whole-archive)
zephyr/libzephyr.a(clock.c.obj)
                              (--whole-archive)
zephyr/libzephyr.a(printk.c.obj)
                              (--whole-archive)
zephyr/libzephyr.a(sem.c.obj)
                              (--whole-archive)
zephyr/libzephyr.a(thread_entry.c.obj)
                              (--whole-archive)
zephyr/libzephyr.a(cbprintf_complete.c.obj)
                              (--whole-archive)
zephyr/libzephyr.a(assert.c.obj)
                              (--whole-archive)
zephyr/libzephyr.a(mpsc_pbuf.c.obj)
                              (--whole-archive)
zephyr/libzephyr.a(dec.c.obj)
                              (--whole-archive)
zephyr/libzephyr.a(hex.c.obj)
                              (--whole-archive)
zephyr/libzephyr.a(rb.c.obj)  (--whole-archive)
zephyr/libzephyr.a(timeutil.c.obj)
                              (--whole-archive)
zephyr/libzephyr.a(bitarray.c.obj)
                              (--whole-archive)
zephyr/libzephyr.a(bitmask.c.obj)
                              (--whole-archive)
zephyr/libzephyr.a(getopt.c.obj)
                              (--whole-archive)
zephyr/libzephyr.a(getopt_common.c.obj)
                              (--whole-archive)
zephyr/libzephyr.a(ring_buffer.c.obj)
                              (--whole-archive)
zephyr/libzephyr.a(last_section_id.c.obj)
                              (--whole-archive)
zephyr/libzephyr.a(configs.c.obj)
                              (--whole-archive)
zephyr/libzephyr.a(soc.c.obj)
                              (--whole-archive)
zephyr/libzephyr.a(log_core.c.obj)
                              (--whole-archive)
zephyr/libzephyr.a(log_mgmt.c.obj)
                              (--whole-archive)
zephyr/libzephyr.a(log_cache.c.obj)
                              (--whole-archive)
zephyr/libzephyr.a(log_msg.c.obj)
                              (--whole-archive)
zephyr/libzephyr.a(log_output.c.obj)
                              (--whole-archive)
zephyr/libzephyr.a(log_backend_uart.c.obj)
                              (--whole-archive)
zephyr/libzephyr.a(tracing_none.c.obj)
                              (--whole-archive)
zephyr/libzephyr.a(usb_device.c.obj)
                              (--whole-archive)
zephyr/libzephyr.a(usb_descriptor.c.obj)
                              (--whole-archive)
zephyr/libzephyr.a(usb_transfer.c.obj)
                              (--whole-archive)
zephyr/libzephyr.a(cdc_acm.c.obj)
                              (--whole-archive)
zephyr/libzephyr.a(usb_work_q.c.obj)
                              (--whole-archive)
zephyr/arch/common/libarch__common.a(sw_isr_common.c.obj)
                              (--whole-archive)
zephyr/arch/common/libarch__common.a(init.c.obj)
                              (--whole-archive)
zephyr/arch/common/libarch__common.a(xip.c.obj)
                              (--whole-archive)
zephyr/arch/arch/arm/core/libarch__arm__core.a(fatal.c.obj)
                              (--whole-archive)
zephyr/arch/arch/arm/core/libarch__arm__core.a(nmi.c.obj)
                              (--whole-archive)
zephyr/arch/arch/arm/core/libarch__arm__core.a(nmi_on_reset.S.obj)
                              (--whole-archive)
zephyr/arch/arch/arm/core/libarch__arm__core.a(tls.c.obj)
                              (--whole-archive)
zephyr/arch/arch/arm/core/cortex_m/libarch__arm__core__cortex_m.a(exc_exit.c.obj)
                              (--whole-archive)
zephyr/arch/arch/arm/core/cortex_m/libarch__arm__core__cortex_m.a(fault.c.obj)
                              (--whole-archive)
zephyr/arch/arch/arm/core/cortex_m/libarch__arm__core__cortex_m.a(fault_s.S.obj)
                              (--whole-archive)
zephyr/arch/arch/arm/core/cortex_m/libarch__arm__core__cortex_m.a(fpu.c.obj)
                              (--whole-archive)
zephyr/arch/arch/arm/core/cortex_m/libarch__arm__core__cortex_m.a(reset.S.obj)
                              (--whole-archive)
zephyr/arch/arch/arm/core/cortex_m/libarch__arm__core__cortex_m.a(scb.c.obj)
                              (--whole-archive)
zephyr/arch/arch/arm/core/cortex_m/libarch__arm__core__cortex_m.a(thread_abort.c.obj)
                              (--whole-archive)
zephyr/arch/arch/arm/core/cortex_m/libarch__arm__core__cortex_m.a(vector_table.S.obj)
                              (--whole-archive)
zephyr/arch/arch/arm/core/cortex_m/libarch__arm__core__cortex_m.a(swap_helper.S.obj)
                              (--whole-archive)
zephyr/arch/arch/arm/core/cortex_m/libarch__arm__core__cortex_m.a(irq_manage.c.obj)
                              (--whole-archive)
[...]
Memory Configuration

Name             Origin             Length             Attributes
BOOT_FLASH       0x0000000010000000 0x0000000000000100 r
FLASH            0x0000000010000100 0x00000000001fff00 xr
RAM              0x0000000020000000 0x0000000000042000 xw
IDT_LIST         0x00000000ffff7fff 0x0000000000008000 xw
*default*        0x0000000000000000 0xffffffffffffffff

Linker script and memory map

                0x0000000010006d80                vfprintf = __l_vfprintf
                0x0000000000000000                vfscanf = __l_vfscanf
LOAD zephyr/CMakeFiles/zephyr_pre0.dir/misc/empty_file.c.obj
LOAD zephyr/CMakeFiles/offsets.dir/./arch/arm/core/offsets/offsets.c.obj
LOAD app/libapp.a
LOAD zephyr/libzephyr.a
LOAD zephyr/arch/common/libarch__common.a
LOAD zephyr/arch/arch/arm/core/libarch__arm__core.a
LOAD zephyr/arch/arch/arm/core/cortex_m/libarch__arm__core__cortex_m.a
LOAD zephyr/lib/libc/picolibc/liblib__libc__picolibc.a
LOAD zephyr/lib/libc/common/liblib__libc__common.a
LOAD zephyr/lib/posix/c_lib_ext/liblib__posix__c_lib_ext.a
LOAD zephyr/subsys/input/libsubsys__input.a
LOAD zephyr/drivers/usb/device/libdrivers__usb__device.a
LOAD zephyr/drivers/clock_control/libdrivers__clock_control.a
LOAD zephyr/drivers/console/libdrivers__console.a
LOAD zephyr/drivers/gpio/libdrivers__gpio.a
LOAD zephyr/drivers/hwinfo/libdrivers__hwinfo.a
LOAD zephyr/drivers/input/libdrivers__input.a
LOAD zephyr/drivers/pinctrl/libdrivers__pinctrl.a
LOAD zephyr/drivers/reset/libdrivers__reset.a
LOAD zephyr/drivers/serial/libdrivers__serial.a
LOAD zephyr/drivers/timer/libdrivers__timer.a
LOAD modules/hal_rpi_pico/libmodules__hal_rpi_pico.a
LOAD modules/button/drivers/button/lib..__modules__button__drivers__button.a
LOAD zephyr/kernel/libkernel.a
LOAD zephyr/arch/common/libisr_tables.a
LOAD /home/ezhil/zephyr-sdk-0.17.4/arm-zephyr-eabi/bin/../lib/gcc/../../picolibc/arm-zephyr-eabi/lib/thumb/v6-m/nofp/libc.a
LOAD /home/ezhil/zephyr-sdk-0.17.4/arm-zephyr-eabi/bin/../lib/gcc/arm-zephyr-eabi/12.2.0/thumb/v6-m/nofp/libgcc.a

.boot2          0x0000000010000000      0x100
 *(SORT_BY_ALIGNMENT(.boot2))
 .boot2         0x0000000010000000      0x100 modules/hal_rpi_pico/libmodules__hal_rpi_pico.a(boot_stage2.S.obj)
                0x0000000000000004                _region_min_align = 0x4

.rel.plt        0x0000000010000100        0x0
 *(SORT_BY_ALIGNMENT(.rel.plt))
                [!provide]                        PROVIDE (__rel_iplt_start = .)
 *(SORT_BY_ALIGNMENT(.rel.iplt))
 .rel.iplt      0x0000000010000100        0x0 app/libapp.a(main.c.obj)
                [!provide]                        PROVIDE (__rel_iplt_end = .)

.rela.plt       0x0000000010000100        0x0
 *(SORT_BY_ALIGNMENT(.rela.plt))
                [!provide]                        PROVIDE (__rela_iplt_start = .)
 *(SORT_BY_ALIGNMENT(.rela.iplt))
                [!provide]                        PROVIDE (__rela_iplt_end = .)

.rel.dyn
 *(SORT_BY_ALIGNMENT(.rel.*))

.rela.dyn
 *(SORT_BY_ALIGNMENT(.rela.*))

/DISCARD/
 *(SORT_BY_ALIGNMENT(.plt))

/DISCARD/
 *(SORT_BY_ALIGNMENT(.iplt))
                0x0000000010000100                __rom_region_start = 0x10000100

rom_start       0x0000000010000100       0xa8
                0x0000000010000100                __rom_start_address = .
 FILL mask 0x00
                0x0000000010000100                . = (. + (0x0 - (. - __rom_start_address)))
                0x0000000010000100                . = ALIGN (0x4)
                0x0000000010000100                . = ALIGN (0x100)
                0x0000000010000100                . = ALIGN (0x100)
                0x0000000010000100                _vector_start = .
 *(SORT_BY_ALIGNMENT(.exc_vector_table))
 *(SORT_BY_ALIGNMENT(.exc_vector_table.*))
 .exc_vector_table._vector_table_section
                0x0000000010000100       0x40 zephyr/arch/arch/arm/core/cortex_m/libarch__arm__core__cortex_m.a(vector_table.S.obj)
                0x0000000010000100                _vector_table
 *(SORT_BY_ALIGNMENT(.vectors))
                0x00000000100001a8                _vector_end = .
                0x0000000010000140                . = ALIGN (0x4)
 *(SORT_BY_ALIGNMENT(.gnu.linkonce.irq_vector_table*))
 .gnu.linkonce.irq_vector_table
                0x0000000010000140       0x68 zephyr/arch/common/libisr_tables.a(isr_tables.c.obj)
                0x0000000010000140                _irq_vector_table
                0x00000000100001a8                _vector_end = .

text            0x00000000100001a8     0x8bb0
                0x00000000100001a8                __text_region_start = .
 *(SORT_BY_ALIGNMENT(.text))
 .text          0x00000000100001a8       0x14 /home/ezhil/zephyr-sdk-0.17.4/arm-zephyr-eabi/bin/../lib/gcc/arm-zephyr-eabi/12.2.0/thumb/v6-m/nofp/libgcc.a(_thumb1_case_sqi.o)
                0x00000000100001a8                __gnu_thumb1_case_sqi
 .text          0x00000000100001bc       0x14 /home/ezhil/zephyr-sdk-0.17.4/arm-zephyr-eabi/bin/../lib/gcc/arm-zephyr-eabi/12.2.0/thumb/v6-m/nofp/libgcc.a(_thumb1_case_uqi.o)
                0x00000000100001bc                __gnu_thumb1_case_uqi
 .text          0x00000000100001d0       0x8c /home/ezhil/zephyr-sdk-0.17.4/arm-zephyr-eabi/bin/../lib/gcc/arm-zephyr-eabi/12.2.0/thumb/v6-m/nofp/libgcc.a(_udivsi3.o)
                0x00000000100001d0                __udivsi3
                0x00000000100001d0                __aeabi_uidiv
                0x0000000010000248                __aeabi_uidivmod
 .text          0x000000001000025c       0xa8 /home/ezhil/zephyr-sdk-0.17.4/arm-zephyr-eabi/bin/../lib/gcc/arm-zephyr-eabi/12.2.0/thumb/v6-m/nofp/libgcc.a(_divsi3.o)
                0x000000001000025c                __aeabi_idiv
                0x000000001000025c                __divsi3
                0x00000000100002f0                __aeabi_idivmod
 .text          0x0000000010000304        0x4 /home/ezhil/zephyr-sdk-0.17.4/arm-zephyr-eabi/bin/../lib/gcc/arm-zephyr-eabi/12.2.0/thumb/v6-m/nofp/libgcc.a(_dvmd_tls.o)
                0x0000000010000304                __aeabi_ldiv0
                0x0000000010000304                __aeabi_idiv0
 .text          0x0000000010000308       0x18 /home/ezhil/zephyr-sdk-0.17.4/arm-zephyr-eabi/bin/../lib/gcc/arm-zephyr-eabi/12.2.0/thumb/v6-m/nofp/libgcc.a(_lshrdi3.o)
                0x0000000010000308                __aeabi_llsr
                0x0000000010000308                __lshrdi3
 .text          0x0000000010000320       0x3c /home/ezhil/zephyr-sdk-0.17.4/arm-zephyr-eabi/bin/../lib/gcc/arm-zephyr-eabi/12.2.0/thumb/v6-m/nofp/libgcc.a(_clzsi2.o)
                0x0000000010000320                __clzsi2
 .text          0x000000001000035c       0x40 /home/ezhil/zephyr-sdk-0.17.4/arm-zephyr-eabi/bin/../lib/gcc/arm-zephyr-eabi/12.2.0/thumb/v6-m/nofp/libgcc.a(_ctzsi2.o)
                0x000000001000035c                __ctzsi2
 .text          0x000000001000039c       0x40 /home/ezhil/zephyr-sdk-0.17.4/arm-zephyr-eabi/bin/../lib/gcc/arm-zephyr-eabi/12.2.0/thumb/v6-m/nofp/libgcc.a(_aeabi_uldivmod.o)
                0x000000001000039c                __aeabi_uldivmod
 .text          0x00000000100003dc      0x2e8 /home/ezhil/zephyr-sdk-0.17.4/arm-zephyr-eabi/bin/../lib/gcc/arm-zephyr-eabi/12.2.0/thumb/v6-m/nofp/libgcc.a(addsf3.o)
                0x00000000100003dc                __aeabi_fadd
 .text          0x00000000100006c4      0x1c4 /home/ezhil/zephyr-sdk-0.17.4/arm-zephyr-eabi/bin/../lib/gcc/arm-zephyr-eabi/12.2.0/thumb/v6-m/nofp/libgcc.a(divsf3.o)
                0x00000000100006c4                __aeabi_fdiv
 .text          0x0000000010000888      0x1ec /home/ezhil/zephyr-sdk-0.17.4/arm-zephyr-eabi/bin/../lib/gcc/arm-zephyr-eabi/12.2.0/thumb/v6-m/nofp/libgcc.a(mulsf3.o)
                0x0000000010000888                __aeabi_fmul
 .text          0x0000000010000a74       0x3c /home/ezhil/zephyr-sdk-0.17.4/arm-zephyr-eabi/bin/../lib/gcc/arm-zephyr-eabi/12.2.0/thumb/v6-m/nofp/libgcc.a(fixsfsi.o)
                0x0000000010000a74                __aeabi_f2iz
 .text          0x0000000010000ab0       0x78 /home/ezhil/zephyr-sdk-0.17.4/arm-zephyr-eabi/bin/../lib/gcc/arm-zephyr-eabi/12.2.0/thumb/v6-m/nofp/libgcc.a(floatunsisf.o)
                0x0000000010000ab0                __aeabi_ui2f
 .text          0x0000000010000b28       0x18 /home/ezhil/zephyr-sdk-0.17.4/arm-zephyr-eabi/bin/../lib/gcc/arm-zephyr-eabi/12.2.0/thumb/v6-m/nofp/libgcc.a(_ashldi3.o)
                0x0000000010000b28                __ashldi3
                0x0000000010000b28                __aeabi_llsl
 .text          0x0000000010000b40       0x18 /home/ezhil/zephyr-sdk-0.17.4/arm-zephyr-eabi/bin/../lib/gcc/arm-zephyr-eabi/12.2.0/thumb/v6-m/nofp/libgcc.a(_clzdi2.o)
                0x0000000010000b40                __clzdi2
 .text          0x0000000010000b58        0xe /home/ezhil/zephyr-sdk-0.17.4/arm-zephyr-eabi/bin/../lib/gcc/../../picolibc/arm-zephyr-eabi/lib/thumb/v6-m/nofp/libc.a(strlen.S.o)
                0x0000000010000b58                strlen
 .text          0x0000000010000b66       0x44 /home/ezhil/zephyr-sdk-0.17.4/arm-zephyr-eabi/bin/../lib/gcc/arm-zephyr-eabi/12.2.0/thumb/v6-m/nofp/libgcc.a(_muldi3.o)
                0x0000000010000b66                __aeabi_lmul
                0x0000000010000b66                __muldi3
 .text          0x0000000010000baa       0xde /home/ezhil/zephyr-sdk-0.17.4/arm-zephyr-eabi/bin/../lib/gcc/arm-zephyr-eabi/12.2.0/thumb/v6-m/nofp/libgcc.a(_udivmoddi4.o)
                0x0000000010000baa                __udivmoddi4
 *(SORT_BY_ALIGNMENT(.text.*))
 .text.main     0x0000000010000c88       0x84 app/libapp.a(main.c.obj)
                0x0000000010000c88                main
 .text.cbvprintf_package
                0x0000000010000d0c      0x3b8 zephyr/libzephyr.a(cbprintf_packaged.c.obj)
                0x0000000010000d0c                cbvprintf_package
 .text.cbprintf_package_convert
                0x00000000100010c4      0x430 zephyr/libzephyr.a(cbprintf_packaged.c.obj)
                0x00000000100010c4                cbprintf_package_convert
 .text.__printk_hook_install
                0x00000000100014f4        0xc zephyr/libzephyr.a(printk.c.obj)
                0x00000000100014f4                __printk_hook_install
 .text.z_thread_entry
                0x0000000010001500       0x30 zephyr/libzephyr.a(thread_entry.c.obj)
                0x0000000010001500                z_thread_entry
 .text.activate_foreach_backend
                0x0000000010001530       0x58 zephyr/libzephyr.a(log_core.c.obj)
 .text.enable_logger
                0x0000000010001588       0x5c zephyr/libzephyr.a(log_core.c.obj)
 .text.log_process_thread_timer_expiry_fn
                0x00000000100015e4       0x10 zephyr/libzephyr.a(log_core.c.obj)
 .text.z_log_init
                0x00000000100015f4       0x90 zephyr/libzephyr.a(log_core.c.obj)
 .text.log_format_func_t_get
                0x0000000010001684        0xc zephyr/libzephyr.a(log_core.c.obj)
                0x0000000010001684                log_format_func_t_get
 .text.log_set_timestamp_func
                0x0000000010001690       0x20 zephyr/libzephyr.a(log_core.c.obj)
                0x0000000010001690                log_set_timestamp_func
 .text.z_log_notify_backend_enabled
                0x00000000100016b0       0x20 zephyr/libzephyr.a(log_core.c.obj)
                0x00000000100016b0                z_log_notify_backend_enabled
 .text.z_log_dropped
                0x00000000100016d0       0x34 zephyr/libzephyr.a(log_core.c.obj)
                0x00000000100016d0                z_log_dropped
 .text.z_log_dropped_read_and_clear
                0x0000000010001704       0x10 zephyr/libzephyr.a(log_core.c.obj)
                0x0000000010001704                z_log_dropped_read_and_clear
 .text.dropped_notify
                0x0000000010001714       0x34 zephyr/libzephyr.a(log_core.c.obj)
                0x0000000010001714                dropped_notify
 .text.z_log_msg_init
                0x0000000010001748       0x20 zephyr/libzephyr.a(log_core.c.obj)
                0x0000000010001748                z_log_msg_init
 .text.log_core_init
                0x0000000010001768       0x50 zephyr/libzephyr.a(log_core.c.obj)
                0x0000000010001768                log_core_init
 .text.z_log_msg_alloc
                0x00000000100017b8       0x18 zephyr/libzephyr.a(log_core.c.obj)
                0x00000000100017b8                z_log_msg_alloc
 .text.z_log_msg_local_claim
                0x00000000100017d0       0x10 zephyr/libzephyr.a(log_core.c.obj)
                0x00000000100017d0                z_log_msg_local_claim
 .text.z_log_msg_free
                0x00000000100017e0       0x14 zephyr/libzephyr.a(log_core.c.obj)
                0x00000000100017e0                z_log_msg_free
 .text.z_log_msg_pending
                0x00000000100017f4       0x10 zephyr/libzephyr.a(log_core.c.obj)
                0x00000000100017f4                z_log_msg_pending
 .text.z_impl_log_process
                0x0000000010001804       0x9c zephyr/libzephyr.a(log_core.c.obj)
                0x0000000010001804                z_impl_log_process
 .text.z_impl_log_panic
                0x00000000100018a0       0x48 zephyr/libzephyr.a(log_core.c.obj)
                0x00000000100018a0                z_impl_log_panic
 .text.log_process_thread_func
                0x00000000100018e8       0xa4 zephyr/libzephyr.a(log_core.c.obj)
 .text.z_log_msg_post_finalize
                0x000000001000198c       0x70 zephyr/libzephyr.a(log_core.c.obj)
 .text.z_log_msg_commit
                0x00000000100019fc       0x24 zephyr/libzephyr.a(log_core.c.obj)
                0x00000000100019fc                z_log_msg_commit
 .text.log_source_name_get
                0x0000000010001a20       0x1c zephyr/libzephyr.a(log_mgmt.c.obj)
                0x0000000010001a20                log_source_name_get
 .text.z_log_msg_simple_create
                0x0000000010001a3c       0x70 zephyr/libzephyr.a(log_msg.c.obj)
 .text.z_impl_z_log_msg_static_create
                0x0000000010001aac      0x130 zephyr/libzephyr.a(log_msg.c.obj)
                0x0000000010001aac                z_impl_z_log_msg_static_create
 .text.z_log_msg_runtime_vcreate
                0x0000000010001bdc       0x9c zephyr/libzephyr.a(log_msg.c.obj)
                0x0000000010001bdc                z_log_msg_runtime_vcreate
 .text.log_msg_get_source_id
                0x0000000010001c78       0x1c zephyr/libzephyr.a(log_msg.c.obj)
                0x0000000010001c78                log_msg_get_source_id
 .text.print_formatted
                0x0000000010001c94       0x20 zephyr/libzephyr.a(log_output.c.obj)
 .text.newline_print
                0x0000000010001cb4       0x20 zephyr/libzephyr.a(log_output.c.obj)
 .text.log_output_process
                0x0000000010001cd4      0x2cc zephyr/libzephyr.a(log_output.c.obj)
                0x0000000010001cd4                log_output_process
 .text.log_output_dropped_process
                0x0000000010001fa0       0x58 zephyr/libzephyr.a(log_output.c.obj)
                0x0000000010001fa0                log_output_dropped_process
 .text.log_output_timestamp_freq_set
                0x0000000010001ff8       0x34 zephyr/libzephyr.a(log_output.c.obj)
                0x0000000010001ff8                log_output_timestamp_freq_set
 .text.char_out
                0x000000001000202c       0x24 zephyr/libzephyr.a(log_backend_uart.c.obj)
 .text.class_handler
                0x0000000010002050       0x54 zephyr/libzephyr.a(usb_device.c.obj)
 .text.custom_handler
                0x00000000100020a4       0x68 zephyr/libzephyr.a(usb_device.c.obj)
 .text.vendor_handler
                0x000000001000210c       0x38 zephyr/libzephyr.a(usb_device.c.obj)
 .text.usb_reset_alt_setting
                0x0000000010002144       0x14 zephyr/libzephyr.a(usb_device.c.obj)
 .text.is_ep_valid.part.0
                0x0000000010002158       0x34 zephyr/libzephyr.a(usb_device.c.obj)
 .text.usb_halt_endpoint_req
                0x000000001000218c       0x58 zephyr/libzephyr.a(usb_device.c.obj)
 .text.get_ep_bm_from_addr.part.0
                0x00000000100021e4       0x1c zephyr/libzephyr.a(usb_device.c.obj)
 .text.usb_handle_request.constprop.0
                0x0000000010002200       0x30 zephyr/libzephyr.a(usb_device.c.obj)
 .text.forward_status_cb
                0x0000000010002230       0xa8 zephyr/libzephyr.a(usb_device.c.obj)
 .text.disable_endpoint
                0x00000000100022d8       0x54 zephyr/libzephyr.a(usb_device.c.obj)
 .text.set_endpoint
                0x000000001000232c       0xd0 zephyr/libzephyr.a(usb_device.c.obj)
 .text.usb_handle_standard_request
                0x00000000100023fc      0x2ec zephyr/libzephyr.a(usb_device.c.obj)
 .text.usb_write
                0x00000000100026e8       0x44 zephyr/libzephyr.a(usb_device.c.obj)
                0x00000000100026e8                usb_write
 .text.usb_data_to_host
                0x000000001000272c       0x5c zephyr/libzephyr.a(usb_device.c.obj)
 .text.usb_handle_control_transfer
                0x0000000010002788       0xf8 zephyr/libzephyr.a(usb_device.c.obj)
 .text.usb_set_config
                0x0000000010002880       0x2c zephyr/libzephyr.a(usb_device.c.obj)
                0x0000000010002880                usb_set_config
 .text.usb_enable
                0x00000000100028ac      0x16c zephyr/libzephyr.a(usb_device.c.obj)
                0x00000000100028ac                usb_enable
 .text.usb_update_sn_string_descriptor
                0x0000000010002a18       0x74 zephyr/libzephyr.a(usb_descriptor.c.obj)
                0x0000000010002a18                usb_update_sn_string_descriptor
 .text.usb_get_device_descriptor
                0x0000000010002a8c      0x264 zephyr/libzephyr.a(usb_descriptor.c.obj)
                0x0000000010002a8c                usb_get_device_descriptor
 .text.usb_ep_get_transfer
                0x0000000010002cf0       0x2c zephyr/libzephyr.a(usb_transfer.c.obj)
 .text.usb_transfer_work
                0x0000000010002d1c       0xf0 zephyr/libzephyr.a(usb_transfer.c.obj)
 .text.usb_transfer_ep_callback
                0x0000000010002e0c       0x64 zephyr/libzephyr.a(usb_transfer.c.obj)
                0x0000000010002e0c                usb_transfer_ep_callback
 .text.usb_transfer
                0x0000000010002e70      0x104 zephyr/libzephyr.a(usb_transfer.c.obj)
                0x0000000010002e70                usb_transfer
 .text.usb_cancel_transfer
                0x0000000010002f74       0x34 zephyr/libzephyr.a(usb_transfer.c.obj)
                0x0000000010002f74                usb_cancel_transfer
 .text.usb_cancel_transfers
                0x0000000010002fa8       0x40 zephyr/libzephyr.a(usb_transfer.c.obj)
                0x0000000010002fa8                usb_cancel_transfers
 .text.usb_transfer_init
                0x0000000010002fe8       0x30 zephyr/libzephyr.a(usb_transfer.c.obj)
                0x0000000010002fe8                usb_transfer_init
 .text.cdc_acm_irq_rx_enable
                0x0000000010003018       0x2c zephyr/libzephyr.a(cdc_acm.c.obj)
 .text.cdc_acm_irq_tx_enable
                0x0000000010003044       0x2c zephyr/libzephyr.a(cdc_acm.c.obj)
 .text.cdc_acm_fifo_fill
                0x0000000010003070       0x3c zephyr/libzephyr.a(cdc_acm.c.obj)
 .text.cdc_acm_write_cb
                0x00000000100030ac       0x5c zephyr/libzephyr.a(cdc_acm.c.obj)
 .text.cdc_acm_class_handle_req
                0x0000000010003108       0x58 zephyr/libzephyr.a(cdc_acm.c.obj)
                0x0000000010003108                cdc_acm_class_handle_req
 .text.cdc_acm_int_in
                0x0000000010003160       0x1c zephyr/libzephyr.a(cdc_acm.c.obj)
 .text.cdc_acm_reset_port
                0x000000001000317c       0x38 zephyr/libzephyr.a(cdc_acm.c.obj)
 .text.cdc_acm_init
                0x00000000100031b4       0x48 zephyr/libzephyr.a(cdc_acm.c.obj)
 .text.cdc_acm_poll_out
                0x00000000100031fc       0x74 zephyr/libzephyr.a(cdc_acm.c.obj)
 .text.tx_work_handler
                0x0000000010003270       0x80 zephyr/libzephyr.a(cdc_acm.c.obj)
 .text.cdc_acm_read_cb
                0x00000000100032f0       0x80 zephyr/libzephyr.a(cdc_acm.c.obj)
 .text.cdc_acm_dev_status_cb
                0x0000000010003370       0x80 zephyr/libzephyr.a(cdc_acm.c.obj)
 .text.z_usb_work_q_init
                0x00000000100033f0       0x30 zephyr/libzephyr.a(usb_work_q.c.obj)
 .text.arch_bss_zero
                0x0000000010003420       0x18 zephyr/arch/common/libarch__common.a(init.c.obj)
                0x0000000010003420                arch_bss_zero
 .text.arch_data_copy
                0x0000000010003438       0x34 zephyr/arch/common/libarch__common.a(xip.c.obj)
                0x0000000010003438                arch_data_copy
 .text.z_arm_fatal_error
                0x000000001000346c       0xb8 zephyr/arch/arch/arm/core/libarch__arm__core.a(fatal.c.obj)
                0x000000001000346c                z_arm_fatal_error
 .text.z_SysNmiOnReset
                0x0000000010003524        0x4 zephyr/arch/arch/arm/core/libarch__arm__core.a(nmi_on_reset.S.obj)
                0x0000000010003524                z_SysNmiOnReset
 .text.arch_tls_stack_setup
                0x0000000010003528       0x38 zephyr/arch/arch/arm/core/libarch__arm__core.a(tls.c.obj)
                0x0000000010003528                arch_tls_stack_setup
 .text._HandlerModeExit
                0x0000000010003560       0x20 zephyr/arch/arch/arm/core/cortex_m/libarch__arm__core__cortex_m.a(exc_exit.c.obj)
                0x0000000010003560                z_arm_exc_exit
                0x0000000010003560                z_arm_int_exit
 .text.z_arm_fault
                0x0000000010003580      0x138 zephyr/arch/arch/arm/core/cortex_m/libarch__arm__core__cortex_m.a(fault.c.obj)
                0x0000000010003580                z_arm_fault
 .text.z_arm_fault_init
                0x00000000100036b8       0x10 zephyr/arch/arch/arm/core/cortex_m/libarch__arm__core__cortex_m.a(fault.c.obj)
                0x00000000100036b8                z_arm_fault_init
 .text.__fault  0x00000000100036c8       0x14 zephyr/arch/arch/arm/core/cortex_m/libarch__arm__core__cortex_m.a(fault_s.S.obj)
                0x00000000100036c8                z_arm_exc_spurious
                0x00000000100036c8                z_arm_hard_fault
 .text._reset_section
                0x00000000100036dc       0x34 zephyr/arch/arch/arm/core/cortex_m/libarch__arm__core__cortex_m.a(reset.S.obj)
                0x00000000100036dc                z_arm_reset
                0x00000000100036dc                __start
 .text.z_impl_k_thread_abort
                0x0000000010003710       0x38 zephyr/arch/arch/arm/core/cortex_m/libarch__arm__core__cortex_m.a(thread_abort.c.obj)
                0x0000000010003710                z_impl_k_thread_abort
 .text.z_arm_pendsv
                0x0000000010003748       0x70 zephyr/arch/arch/arm/core/cortex_m/libarch__arm__core__cortex_m.a(swap_helper.S.obj)
                0x0000000010003748                z_arm_pendsv
 .text.z_arm_svc
                0x00000000100037b8       0x28 zephyr/arch/arch/arm/core/cortex_m/libarch__arm__core__cortex_m.a(swap_helper.S.obj)
                0x00000000100037b8                z_arm_svc
 .text.arm_irq_enable
                0x00000000100037e0       0x18 zephyr/arch/arch/arm/core/cortex_m/libarch__arm__core__cortex_m.a(irq_manage.c.obj)
                0x00000000100037e0                arm_irq_enable
 .text.arm_irq_disable
                0x00000000100037f8       0x20 zephyr/arch/arch/arm/core/cortex_m/libarch__arm__core__cortex_m.a(irq_manage.c.obj)
                0x00000000100037f8                arm_irq_disable
 .text.arm_irq_priority_set
                0x0000000010003818       0x54 zephyr/arch/arch/arm/core/cortex_m/libarch__arm__core__cortex_m.a(irq_manage.c.obj)
                0x0000000010003818                arm_irq_priority_set
 .text.relocate_vector_table
                0x000000001000386c       0x1c zephyr/arch/arch/arm/core/cortex_m/libarch__arm__core__cortex_m.a(prep_c.c.obj)
                0x000000001000386c                relocate_vector_table
 .text.arch_new_thread
                0x0000000010003888       0x2c zephyr/arch/arch/arm/core/cortex_m/libarch__arm__core__cortex_m.a(thread.c.obj)
                0x0000000010003888                arch_new_thread
 .text.arch_switch_to_main_thread
                0x00000000100038b4       0x38 zephyr/arch/arch/arm/core/cortex_m/libarch__arm__core__cortex_m.a(thread.c.obj)
                0x00000000100038b4                arch_switch_to_main_thread
 .text.z_arm_cpu_idle_init
                0x00000000100038ec        0xc zephyr/arch/arch/arm/core/cortex_m/libarch__arm__core__cortex_m.a(cpu_idle.c.obj)
                0x00000000100038ec                z_arm_cpu_idle_init
 .text.z_arm_interrupt_init
                0x00000000100038f8       0x30 zephyr/arch/arch/arm/core/cortex_m/libarch__arm__core__cortex_m.a(irq_init.c.obj)
                0x00000000100038f8                z_arm_interrupt_init
 .text._isr_wrapper
                0x0000000010003928       0x20 zephyr/arch/arch/arm/core/cortex_m/libarch__arm__core__cortex_m.a(isr_wrapper.c.obj)
                0x0000000010003928                _isr_wrapper
 .text.cbvprintf
                0x0000000010003948       0x38 zephyr/lib/libc/picolibc/liblib__libc__picolibc.a(cbprintf.c.obj)
                0x0000000010003948                cbvprintf
 .text.z_impl_zephyr_fputc
                0x0000000010003980       0x10 zephyr/lib/libc/picolibc/liblib__libc__picolibc.a(stdio.c.obj)
                0x0000000010003980                z_impl_zephyr_fputc
 .text.__stdout_hook_install
                0x0000000010003990       0x18 zephyr/lib/libc/picolibc/liblib__libc__picolibc.a(stdio.c.obj)
                0x0000000010003990                __stdout_hook_install
 .text.abort    0x00000000100039a8       0x18 zephyr/lib/libc/common/liblib__libc__common.a(abort.c.obj)
                0x00000000100039a8                abort
 .text.malloc_prepare
                0x00000000100039c0       0x24 zephyr/lib/libc/common/liblib__libc__common.a(malloc.c.obj)
 .text.input_thread
                0x00000000100039e4       0x58 zephyr/subsys/input/libsubsys__input.a(input.c.obj)
 .text.input_report
                0x0000000010003a3c       0x74 zephyr/subsys/input/libsubsys__input.a(input.c.obj)
                0x0000000010003a3c                input_report
 .text.udc_rpi_get_ep_state
                0x0000000010003ab0       0x2c zephyr/drivers/usb/device/libdrivers__usb__device.a(usb_dc_rpi_pico.c.obj)
 .text.udc_rpi_cancel_endpoint
                0x0000000010003adc       0x78 zephyr/drivers/usb/device/libdrivers__usb__device.a(usb_dc_rpi_pico.c.obj)
 .text.usb_rpi_init
                0x0000000010003b54       0x68 zephyr/drivers/usb/device/libdrivers__usb__device.a(usb_dc_rpi_pico.c.obj)
 .text.k_msgq_put.constprop.0.isra.0
                0x0000000010003bbc       0x14 zephyr/drivers/usb/device/libdrivers__usb__device.a(usb_dc_rpi_pico.c.obj)
 .text.udc_rpi_handle_resume
                0x0000000010003bd0       0x2c zephyr/drivers/usb/device/libdrivers__usb__device.a(usb_dc_rpi_pico.c.obj)
 .text.udc_rpi_thread_main
                0x0000000010003bfc       0x60 zephyr/drivers/usb/device/libdrivers__usb__device.a(usb_dc_rpi_pico.c.obj)
 .text.usb_dc_ep_start_read.part.0
                0x0000000010003c5c       0x20 zephyr/drivers/usb/device/libdrivers__usb__device.a(usb_dc_rpi_pico.c.obj)
 .text.udc_rpi_start_xfer
                0x0000000010003c7c       0x84 zephyr/drivers/usb/device/libdrivers__usb__device.a(usb_dc_rpi_pico.c.obj)
 .text.udc_rpi_isr
                0x0000000010003d00      0x2ec zephyr/drivers/usb/device/libdrivers__usb__device.a(usb_dc_rpi_pico.c.obj)
 .text.usb_dc_attach
                0x0000000010003fec      0x140 zephyr/drivers/usb/device/libdrivers__usb__device.a(usb_dc_rpi_pico.c.obj)
                0x0000000010003fec                usb_dc_attach
 .text.usb_dc_set_status_callback
                0x000000001000412c        0xc zephyr/drivers/usb/device/libdrivers__usb__device.a(usb_dc_rpi_pico.c.obj)
                0x000000001000412c                usb_dc_set_status_callback
 .text.usb_dc_set_address
                0x0000000010004138       0x1c zephyr/drivers/usb/device/libdrivers__usb__device.a(usb_dc_rpi_pico.c.obj)
                0x0000000010004138                usb_dc_set_address
 .text.usb_dc_ep_check_cap
                0x0000000010004154       0x38 zephyr/drivers/usb/device/libdrivers__usb__device.a(usb_dc_rpi_pico.c.obj)
                0x0000000010004154                usb_dc_ep_check_cap
 .text.usb_dc_ep_set_stall
                0x000000001000418c       0x50 zephyr/drivers/usb/device/libdrivers__usb__device.a(usb_dc_rpi_pico.c.obj)
                0x000000001000418c                usb_dc_ep_set_stall
 .text.usb_dc_ep_enable
                0x00000000100041dc       0x50 zephyr/drivers/usb/device/libdrivers__usb__device.a(usb_dc_rpi_pico.c.obj)
                0x00000000100041dc                usb_dc_ep_enable
 .text.usb_dc_ep_write
                0x000000001000422c       0xc4 zephyr/drivers/usb/device/libdrivers__usb__device.a(usb_dc_rpi_pico.c.obj)
                0x000000001000422c                usb_dc_ep_write
 .text.usb_dc_ep_read_wait
                0x00000000100042f0       0xec zephyr/drivers/usb/device/libdrivers__usb__device.a(usb_dc_rpi_pico.c.obj)
                0x00000000100042f0                usb_dc_ep_read_wait
 .text.usb_dc_ep_read_continue
                0x00000000100043dc       0x98 zephyr/drivers/usb/device/libdrivers__usb__device.a(usb_dc_rpi_pico.c.obj)
                0x00000000100043dc                usb_dc_ep_read_continue
 .text.clock_control_rpi_pico_on
                0x0000000010004474       0x40 zephyr/drivers/clock_control/libdrivers__clock_control.a(clock_control_rpi_pico.c.obj)
 .text.clock_control_rpi_pico_off
                0x00000000100044b4       0x40 zephyr/drivers/clock_control/libdrivers__clock_control.a(clock_control_rpi_pico.c.obj)
 .text.rpi_pico_rosc_write.constprop.0
                0x00000000100044f4       0x30 zephyr/drivers/clock_control/libdrivers__clock_control.a(clock_control_rpi_pico.c.obj)
 .text.rpi_pico_get_clock_src.isra.0
                0x0000000010004524       0x9c zephyr/drivers/clock_control/libdrivers__clock_control.a(clock_control_rpi_pico.c.obj)
 .text.rpi_pico_calc_clock_freq
                0x00000000100045c0      0x104 zephyr/drivers/clock_control/libdrivers__clock_control.a(clock_control_rpi_pico.c.obj)
 .text.clock_control_rpi_pico_init
                0x00000000100046c4      0x1c8 zephyr/drivers/clock_control/libdrivers__clock_control.a(clock_control_rpi_pico.c.obj)
 .text.uart_console_init
                0x000000001000488c       0x2c zephyr/drivers/console/libdrivers__console.a(uart_console.c.obj)
 .text.console_out
                0x00000000100048b8       0x28 zephyr/drivers/console/libdrivers__console.a(uart_console.c.obj)
 .text.gpio_rpi_get_pending_int
                0x00000000100048e0       0x30 zephyr/drivers/gpio/libdrivers__gpio.a(gpio_rpi_pico.c.obj)
 .text.gpio_rpi_isr
                0x0000000010004910       0x84 zephyr/drivers/gpio/libdrivers__gpio.a(gpio_rpi_pico.c.obj)
 .text.gpio_rpi_configure
                0x0000000010004994       0xbc zephyr/drivers/gpio/libdrivers__gpio.a(gpio_rpi_pico.c.obj)
 .text.gpio_keys_poll_pins
                0x0000000010004a50       0x98 zephyr/drivers/input/libdrivers__input.a(input_gpio_keys.c.obj)
 .text.gpio_keys_init
                0x0000000010004ae8      0x1a0 zephyr/drivers/input/libdrivers__input.a(input_gpio_keys.c.obj)
 .text.reset_rpi_status
                0x0000000010004c88       0x18 zephyr/drivers/reset/libdrivers__reset.a(reset_rpi_pico.c.obj)
 .text.reset_rpi_line_assert
                0x0000000010004ca0       0x10 zephyr/drivers/reset/libdrivers__reset.a(reset_rpi_pico.c.obj)
 .text.reset_rpi_line_deassert
                0x0000000010004cb0       0x1c zephyr/drivers/reset/libdrivers__reset.a(reset_rpi_pico.c.obj)
 .text.reset_rpi_line_toggle
                0x0000000010004ccc       0x24 zephyr/drivers/reset/libdrivers__reset.a(reset_rpi_pico.c.obj)
 .text.pl011_poll_in
                0x0000000010004cf0       0x34 zephyr/drivers/serial/libdrivers__serial.a(uart_pl011.c.obj)
 .text.pl011_irq_err_disable
                0x0000000010004d24       0x14 zephyr/drivers/serial/libdrivers__serial.a(uart_pl011.c.obj)
 .text.pl011_runtime_configure_internal
                0x0000000010004d38      0x154 zephyr/drivers/serial/libdrivers__serial.a(uart_pl011.c.obj)
 .text.pl011_init
                0x0000000010004e8c      0x11c zephyr/drivers/serial/libdrivers__serial.a(uart_pl011.c.obj)
 .text.elapsed  0x0000000010004fa8       0x54 zephyr/drivers/timer/libdrivers__timer.a(cortex_m_systick.c.obj)
 .text.sys_clock_driver_init
                0x0000000010004ffc       0x3c zephyr/drivers/timer/libdrivers__timer.a(cortex_m_systick.c.obj)
 .text.sys_clock_isr
                0x0000000010005038       0x58 zephyr/drivers/timer/libdrivers__timer.a(cortex_m_systick.c.obj)
                0x0000000010005038                sys_clock_isr
 .text.sys_clock_set_timeout
                0x0000000010005090      0x118 zephyr/drivers/timer/libdrivers__timer.a(cortex_m_systick.c.obj)
                0x0000000010005090                sys_clock_set_timeout
 .text.sys_clock_elapsed
                0x00000000100051a8       0x38 zephyr/drivers/timer/libdrivers__timer.a(cortex_m_systick.c.obj)
                0x00000000100051a8                sys_clock_elapsed
 .text.clock_configure_internal
                0x00000000100051e0       0xbc modules/hal_rpi_pico/libmodules__hal_rpi_pico.a(clocks.c.obj)
 .text.pll_init
                0x000000001000529c       0xcc modules/hal_rpi_pico/libmodules__hal_rpi_pico.a(pll.c.obj)
                0x000000001000529c                pll_init
 .text.xosc_init
                0x0000000010005368       0x28 modules/hal_rpi_pico/libmodules__hal_rpi_pico.a(xosc.c.obj)
                0x0000000010005368                xosc_init
 .text.tick_start
                0x0000000010005390       0x10 modules/hal_rpi_pico/libmodules__hal_rpi_pico.a(ticks.c.obj)
                0x0000000010005390                tick_start
 .text.rp2040_chip_version
                0x00000000100053a0       0x28 modules/hal_rpi_pico/libmodules__hal_rpi_pico.a(platform.c.obj)
                0x00000000100053a0                rp2040_chip_version
 .text._gpio_set_irq_enabled
                0x00000000100053c8       0x30 modules/hal_rpi_pico/libmodules__hal_rpi_pico.a(gpio.c.obj)
 .text.gpio_set_function
                0x00000000100053f8       0x30 modules/hal_rpi_pico/libmodules__hal_rpi_pico.a(gpio.c.obj)
                0x00000000100053f8                gpio_set_function
 .text.gpio_set_pulls
                0x0000000010005428       0x24 modules/hal_rpi_pico/libmodules__hal_rpi_pico.a(gpio.c.obj)
                0x0000000010005428                gpio_set_pulls
 .text.gpio_set_irqover
                0x000000001000544c       0x24 modules/hal_rpi_pico/libmodules__hal_rpi_pico.a(gpio.c.obj)
                0x000000001000544c                gpio_set_irqover
 .text.gpio_set_inover
                0x0000000010005470       0x24 modules/hal_rpi_pico/libmodules__hal_rpi_pico.a(gpio.c.obj)
                0x0000000010005470                gpio_set_inover
 .text.gpio_set_outover
                0x0000000010005494       0x24 modules/hal_rpi_pico/libmodules__hal_rpi_pico.a(gpio.c.obj)
                0x0000000010005494                gpio_set_outover
 .text.gpio_set_oeover
                0x00000000100054b8       0x24 modules/hal_rpi_pico/libmodules__hal_rpi_pico.a(gpio.c.obj)
                0x00000000100054b8                gpio_set_oeover
 .text.gpio_set_input_hysteresis_enabled
                0x00000000100054dc       0x1c modules/hal_rpi_pico/libmodules__hal_rpi_pico.a(gpio.c.obj)
                0x00000000100054dc                gpio_set_input_hysteresis_enabled
 .text.gpio_set_slew_rate
                0x00000000100054f8       0x20 modules/hal_rpi_pico/libmodules__hal_rpi_pico.a(gpio.c.obj)
                0x00000000100054f8                gpio_set_slew_rate
 .text.gpio_set_drive_strength
                0x0000000010005518       0x20 modules/hal_rpi_pico/libmodules__hal_rpi_pico.a(gpio.c.obj)
                0x0000000010005518                gpio_set_drive_strength
 .text.gpio_set_irq_enabled
                0x0000000010005538       0x20 modules/hal_rpi_pico/libmodules__hal_rpi_pico.a(gpio.c.obj)
                0x0000000010005538                gpio_set_irq_enabled
 .text.gpio_set_input_enabled
                0x0000000010005558       0x1c modules/hal_rpi_pico/libmodules__hal_rpi_pico.a(gpio.c.obj)
                0x0000000010005558                gpio_set_input_enabled
 .text.button_state_get
                0x0000000010005574       0x4c modules/button/drivers/button/lib..__modules__button__drivers__button.a(button.c.obj)
 .text.button_init
                0x00000000100055c0       0x68 modules/button/drivers/button/lib..__modules__button__drivers__button.a(button.c.obj)
 .text.k_sys_fatal_error_handler
                0x0000000010005628       0x20 zephyr/kernel/libkernel.a(fatal.c.obj)
                0x0000000010005628                k_sys_fatal_error_handler
 .text.z_fatal_error
                0x0000000010005648       0xf4 zephyr/kernel/libkernel.a(fatal.c.obj)
                0x0000000010005648                z_fatal_error
 .text.z_sys_init_run_level
                0x000000001000573c       0x34 zephyr/kernel/libkernel.a(init.c.obj)
 .text.bg_thread_main
                0x0000000010005770       0xa8 zephyr/kernel/libkernel.a(init.c.obj)
 .text.z_init_cpu
                0x0000000010005818       0x68 zephyr/kernel/libkernel.a(init.c.obj)
                0x0000000010005818                z_init_cpu
 .text.z_cstart
                0x0000000010005880       0xb0 zephyr/kernel/libkernel.a(init.c.obj)
                0x0000000010005880                z_cstart
 .text.put_msg_in_queue
                0x0000000010005930       0xcc zephyr/kernel/libkernel.a(msg_q.c.obj)
 .text.z_impl_k_msgq_get
                0x00000000100059fc       0xb8 zephyr/kernel/libkernel.a(msg_q.c.obj)
                0x00000000100059fc                z_impl_k_msgq_get
 .text.z_impl_k_mutex_lock
                0x0000000010005ab4       0xf0 zephyr/kernel/libkernel.a(mutex.c.obj)
                0x0000000010005ab4                z_impl_k_mutex_lock
 .text.z_impl_k_mutex_unlock
                0x0000000010005ba4       0x98 zephyr/kernel/libkernel.a(mutex.c.obj)
                0x0000000010005ba4                z_impl_k_mutex_unlock
 .text.z_impl_k_sem_give
                0x0000000010005c3c       0x64 zephyr/kernel/libkernel.a(sem.c.obj)
                0x0000000010005c3c                z_impl_k_sem_give
 .text.z_impl_k_sem_take
                0x0000000010005ca0       0x4c zephyr/kernel/libkernel.a(sem.c.obj)
                0x0000000010005ca0                z_impl_k_sem_take
 .text.k_sys_work_q_init
                0x0000000010005cec       0x28 zephyr/kernel/libkernel.a(system_work_q.c.obj)
 .text.work_queue_main
                0x0000000010005d14      0x144 zephyr/kernel/libkernel.a(work.c.obj)
 .text.submit_to_queue_locked
                0x0000000010005e58       0xd4 zephyr/kernel/libkernel.a(work.c.obj)
 .text.k_work_queue_start
                0x0000000010005f2c       0x88 zephyr/kernel/libkernel.a(work.c.obj)
                0x0000000010005f2c                k_work_queue_start
 .text.k_work_schedule_for_queue
                0x0000000010005fb4       0x50 zephyr/kernel/libkernel.a(work.c.obj)
                0x0000000010005fb4                k_work_schedule_for_queue
 .text.k_work_reschedule_for_queue
                0x0000000010006004       0x54 zephyr/kernel/libkernel.a(work.c.obj)
                0x0000000010006004                k_work_reschedule_for_queue
 .text.k_work_reschedule
                0x0000000010006058       0x14 zephyr/kernel/libkernel.a(work.c.obj)
                0x0000000010006058                k_work_reschedule
 .text.z_setup_new_thread
                0x000000001000606c       0x74 zephyr/kernel/libkernel.a(thread.c.obj)
                0x000000001000606c                z_setup_new_thread
 .text.z_impl_k_thread_create
                0x00000000100060e0       0x58 zephyr/kernel/libkernel.a(thread.c.obj)
                0x00000000100060e0                z_impl_k_thread_create
 .text.z_dummy_thread_init
                0x0000000010006138       0x14 zephyr/kernel/libkernel.a(thread.c.obj)
                0x0000000010006138                z_dummy_thread_init
 .text.z_swap_irqlock
                0x000000001000614c       0x2c zephyr/kernel/libkernel.a(sched.c.obj)
 .text.ready_thread
                0x0000000010006178       0x8c zephyr/kernel/libkernel.a(sched.c.obj)
 .text.unready_thread
                0x0000000010006204       0x58 zephyr/kernel/libkernel.a(sched.c.obj)
 .text.add_thread_timeout
                0x000000001000625c       0x18 zephyr/kernel/libkernel.a(sched.c.obj)
 .text.move_current_to_end_of_prio_q
                0x0000000010006274       0x78 zephyr/kernel/libkernel.a(sched.c.obj)
                0x0000000010006274                move_current_to_end_of_prio_q
 .text.z_pend_curr
                0x00000000100062ec       0x38 zephyr/kernel/libkernel.a(sched.c.obj)
                0x00000000100062ec                z_pend_curr
 .text.z_thread_prio_set
                0x0000000010006324       0xe8 zephyr/kernel/libkernel.a(sched.c.obj)
                0x0000000010006324                z_thread_prio_set
 .text.z_reschedule
                0x000000001000640c       0x2c zephyr/kernel/libkernel.a(sched.c.obj)
                0x000000001000640c                z_reschedule
 .text.z_reschedule_irqlock
                0x0000000010006438       0x2c zephyr/kernel/libkernel.a(sched.c.obj)
                0x0000000010006438                z_reschedule_irqlock
 .text.k_sched_lock
                0x0000000010006464       0x20 zephyr/kernel/libkernel.a(sched.c.obj)
                0x0000000010006464                k_sched_lock
 .text.k_sched_unlock
                0x0000000010006484       0x60 zephyr/kernel/libkernel.a(sched.c.obj)
                0x0000000010006484                k_sched_unlock
 .text.z_sched_init
                0x00000000100064e4       0x14 zephyr/kernel/libkernel.a(sched.c.obj)
                0x00000000100064e4                z_sched_init
 .text.z_impl_k_yield
                0x00000000100064f8       0x84 zephyr/kernel/libkernel.a(sched.c.obj)
                0x00000000100064f8                z_impl_k_yield
 .text.z_tick_sleep
                0x000000001000657c       0x74 zephyr/kernel/libkernel.a(sched.c.obj)
 .text.z_impl_k_sleep
                0x00000000100065f0       0x40 zephyr/kernel/libkernel.a(sched.c.obj)
                0x00000000100065f0                z_impl_k_sleep
 .text.z_impl_k_wakeup
                0x0000000010006630       0x40 zephyr/kernel/libkernel.a(sched.c.obj)
                0x0000000010006630                z_impl_k_wakeup
 .text.z_impl_k_sched_current_thread_query
                0x0000000010006670        0xc zephyr/kernel/libkernel.a(sched.c.obj)
                0x0000000010006670                z_impl_k_sched_current_thread_query
 .text.z_thread_abort
                0x000000001000667c      0x12c zephyr/kernel/libkernel.a(sched.c.obj)
                0x000000001000667c                z_thread_abort
 .text.z_sched_wait
                0x00000000100067a8       0x24 zephyr/kernel/libkernel.a(sched.c.obj)
                0x00000000100067a8                z_sched_wait
 .text.z_time_slice_size
                0x00000000100067cc       0x48 zephyr/kernel/libkernel.a(timeslicing.c.obj)
 .text.slice_timeout
                0x0000000010006814       0x20 zephyr/kernel/libkernel.a(timeslicing.c.obj)
 .text.z_reset_time_slice
                0x0000000010006834       0x44 zephyr/kernel/libkernel.a(timeslicing.c.obj)
                0x0000000010006834                z_reset_time_slice
 .text.z_time_slice
                0x0000000010006878       0x58 zephyr/kernel/libkernel.a(timeslicing.c.obj)
                0x0000000010006878                z_time_slice
 .text.first    0x00000000100068d0       0x10 zephyr/kernel/libkernel.a(timeout.c.obj)
 .text.next_timeout
                0x00000000100068e0       0x38 zephyr/kernel/libkernel.a(timeout.c.obj)
 .text.elapsed  0x0000000010006918       0x18 zephyr/kernel/libkernel.a(timeout.c.obj)
 .text.remove_timeout
                0x0000000010006930       0x38 zephyr/kernel/libkernel.a(timeout.c.obj)
 .text.z_add_timeout
                0x0000000010006968      0x120 zephyr/kernel/libkernel.a(timeout.c.obj)
                0x0000000010006968                z_add_timeout
 .text.sys_clock_announce
                0x0000000010006a88       0xd4 zephyr/kernel/libkernel.a(timeout.c.obj)
                0x0000000010006a88                sys_clock_announce
 .text.sys_clock_tick_get
                0x0000000010006b5c       0x2c zephyr/kernel/libkernel.a(timeout.c.obj)
                0x0000000010006b5c                sys_clock_tick_get
 .text.z_timer_expiration_handler
                0x0000000010006b88      0x108 zephyr/kernel/libkernel.a(timer.c.obj)
                0x0000000010006b88                z_timer_expiration_handler
 .text.z_impl_k_timer_start
                0x0000000010006c90       0x68 zephyr/kernel/libkernel.a(timer.c.obj)
                0x0000000010006c90                z_impl_k_timer_start
 .text.boot_banner
                0x0000000010006cf8       0x10 zephyr/kernel/libkernel.a(banner.c.obj)
                0x0000000010006cf8                boot_banner
 .text.statics_init
                0x0000000010006d08       0x24 zephyr/kernel/libkernel.a(kheap.c.obj)
 .text.snprintf
                0x0000000010006d2c       0x54 /home/ezhil/zephyr-sdk-0.17.4/arm-zephyr-eabi/bin/../lib/gcc/../../picolibc/arm-zephyr-eabi/lib/thumb/v6-m/nofp/libc.a(libc_tinystdio_snprintf.c.o)
                0x0000000010006d2c                snprintf
 .text.__l_vfprintf
                0x0000000010006d80      0x4d0 /home/ezhil/zephyr-sdk-0.17.4/arm-zephyr-eabi/bin/../lib/gcc/../../picolibc/arm-zephyr-eabi/lib/thumb/v6-m/nofp/libc.a(libc_tinystdio_vflprintf.c.o)
                0x0000000010006d80                __l_vfprintf
 .text._OffsetAbsSyms
                0x0000000010007250        0x2 zephyr/CMakeFiles/offsets.dir/./arch/arm/core/offsets/offsets.c.obj
                0x0000000010007250                _OffsetAbsSyms
 .text.chunk_field
                0x0000000010007252       0x1a zephyr/libzephyr.a(heap.c.obj)
 .text.chunk_set
                0x000000001000726c       0x1c zephyr/libzephyr.a(heap.c.obj)
 .text.chunk_size
                0x0000000010007288        0xc zephyr/libzephyr.a(heap.c.obj)
 .text.set_chunk_used
                0x0000000010007294       0x36 zephyr/libzephyr.a(heap.c.obj)
 .text.set_chunk_size
                0x00000000100072ca        0xc zephyr/libzephyr.a(heap.c.obj)
 .text.bucket_idx
                0x00000000100072d6       0x22 zephyr/libzephyr.a(heap.c.obj)
 .text.free_list_add
                0x00000000100072f8       0x88 zephyr/libzephyr.a(heap.c.obj)
 .text.sys_heap_init
                0x0000000010007380       0xac zephyr/libzephyr.a(heap.c.obj)
                0x0000000010007380                sys_heap_init
 .text.cbpprintf_external
                0x000000001000742c       0x68 zephyr/libzephyr.a(cbprintf_packaged.c.obj)
                0x000000001000742c                cbpprintf_external
 .text.is_ptr   0x0000000010007494       0x4a zephyr/libzephyr.a(cbprintf_packaged.c.obj)
                0x0000000010007494                is_ptr
 .text.arch_printk_char_out
                0x00000000100074de        0x4 zephyr/libzephyr.a(printk.c.obj)
                0x00000000100074de                arch_printk_char_out
 .text.printk   0x00000000100074e2       0x16 zephyr/libzephyr.a(printk.c.obj)
                0x00000000100074e2                printk
 .text.free_space
                0x00000000100074f8       0x2c zephyr/libzephyr.a(mpsc_pbuf.c.obj)
 .text.get_usage
                0x0000000010007524       0x22 zephyr/libzephyr.a(mpsc_pbuf.c.obj)
 .text.idx_inc  0x0000000010007546       0x1c zephyr/libzephyr.a(mpsc_pbuf.c.obj)
 .text.rd_idx_inc
                0x0000000010007562       0x18 zephyr/libzephyr.a(mpsc_pbuf.c.obj)
 .text.add_skip_item
                0x000000001000757a       0x3a zephyr/libzephyr.a(mpsc_pbuf.c.obj)
 .text.drop_item_locked
                0x00000000100075b4       0xf0 zephyr/libzephyr.a(mpsc_pbuf.c.obj)
 .text.post_drop_action
                0x00000000100076a4       0x38 zephyr/libzephyr.a(mpsc_pbuf.c.obj)
 .text.max_utilization_update
                0x00000000100076dc       0x1a zephyr/libzephyr.a(mpsc_pbuf.c.obj)
 .text.mpsc_pbuf_init
                0x00000000100076f6       0x42 zephyr/libzephyr.a(mpsc_pbuf.c.obj)
                0x00000000100076f6                mpsc_pbuf_init
 .text.mpsc_pbuf_alloc
                0x0000000010007738       0xfc zephyr/libzephyr.a(mpsc_pbuf.c.obj)
                0x0000000010007738                mpsc_pbuf_alloc
 .text.mpsc_pbuf_commit
                0x0000000010007834       0x38 zephyr/libzephyr.a(mpsc_pbuf.c.obj)
                0x0000000010007834                mpsc_pbuf_commit
 .text.mpsc_pbuf_claim
                0x000000001000786c       0xb2 zephyr/libzephyr.a(mpsc_pbuf.c.obj)
                0x000000001000786c                mpsc_pbuf_claim
 .text.mpsc_pbuf_free
                0x000000001000791e       0x72 zephyr/libzephyr.a(mpsc_pbuf.c.obj)
                0x000000001000791e                mpsc_pbuf_free
 .text.mpsc_pbuf_is_pending
                0x0000000010007990       0x2e zephyr/libzephyr.a(mpsc_pbuf.c.obj)
                0x0000000010007990                mpsc_pbuf_is_pending
 .text.ring_buf_area_claim
                0x00000000100079be       0x30 zephyr/libzephyr.a(ring_buffer.c.obj)
                0x00000000100079be                ring_buf_area_claim
 .text.ring_buf_put_claim
                0x00000000100079ee       0x20 zephyr/libzephyr.a(ring_buffer.c.obj)
 .text.ring_buf_get_claim
                0x0000000010007a0e       0x1e zephyr/libzephyr.a(ring_buffer.c.obj)
 .text.ring_buf_area_finish
                0x0000000010007a2c       0x32 zephyr/libzephyr.a(ring_buffer.c.obj)
                0x0000000010007a2c                ring_buf_area_finish
 .text.ring_buf_put
                0x0000000010007a5e       0x40 zephyr/libzephyr.a(ring_buffer.c.obj)
                0x0000000010007a5e                ring_buf_put
 .text.ring_buf_get
                0x0000000010007a9e       0x42 zephyr/libzephyr.a(ring_buffer.c.obj)
                0x0000000010007a9e                ring_buf_get
 .text._ConfigAbsSyms
                0x0000000010007ae0        0x2 zephyr/libzephyr.a(configs.c.obj)
                0x0000000010007ae0                _ConfigAbsSyms
 .text.log_msg_generic_get_wlen
                0x0000000010007ae2       0x22 zephyr/libzephyr.a(log_core.c.obj)
 .text.dummy_timestamp
                0x0000000010007b04        0x4 zephyr/libzephyr.a(log_core.c.obj)
 .text.atomic_inc
                0x0000000010007b08        0xa zephyr/libzephyr.a(log_core.c.obj)
 .text.default_lf_get_timestamp
                0x0000000010007b12       0x10 zephyr/libzephyr.a(log_core.c.obj)
 .text.z_log_vprintk
                0x0000000010007b22       0x1a zephyr/libzephyr.a(log_core.c.obj)
                0x0000000010007b22                z_log_vprintk
 .text.z_log_notify_drop
                0x0000000010007b3c        0xa zephyr/libzephyr.a(log_core.c.obj)
 .text.z_log_get_tag
                0x0000000010007b46        0x4 zephyr/libzephyr.a(log_core.c.obj)
                0x0000000010007b46                z_log_get_tag
 .text.log_backend_enable
                0x0000000010007b4a       0x16 zephyr/libzephyr.a(log_mgmt.c.obj)
                0x0000000010007b4a                log_backend_enable
 .text.z_cbprintf_cpy
                0x0000000010007b60       0x32 zephyr/libzephyr.a(log_msg.c.obj)
 .text.z_log_msg_finalize
                0x0000000010007b92       0x32 zephyr/libzephyr.a(log_msg.c.obj)
                0x0000000010007b92                z_log_msg_finalize
 .text.z_impl_z_log_msg_simple_create_0
                0x0000000010007bc4        0xe zephyr/libzephyr.a(log_msg.c.obj)
                0x0000000010007bc4                z_impl_z_log_msg_simple_create_0
 .text.z_impl_z_log_msg_simple_create_1
                0x0000000010007bd2       0x10 zephyr/libzephyr.a(log_msg.c.obj)
                0x0000000010007bd2                z_impl_z_log_msg_simple_create_1
 .text.z_impl_z_log_msg_simple_create_2
                0x0000000010007be2       0x16 zephyr/libzephyr.a(log_msg.c.obj)
                0x0000000010007be2                z_impl_z_log_msg_simple_create_2
 .text.log_output_write
                0x0000000010007bf8       0x1e zephyr/libzephyr.a(log_output.c.obj)
 .text.log_output_flush
                0x0000000010007c16       0x18 zephyr/libzephyr.a(log_output.c.obj)
 .text.out_func
                0x0000000010007c2e       0x26 zephyr/libzephyr.a(log_output.c.obj)
 .text.cr_out_func
                0x0000000010007c54       0x1c zephyr/libzephyr.a(log_output.c.obj)
 .text.log_output_msg_process
                0x0000000010007c70       0x62 zephyr/libzephyr.a(log_output.c.obj)
                0x0000000010007c70                log_output_msg_process
 .text.format_set
                0x0000000010007cd2        0xc zephyr/libzephyr.a(log_backend_uart.c.obj)
 .text.log_backend_uart_init
                0x0000000010007cde        0xc zephyr/libzephyr.a(log_backend_uart.c.obj)
 .text.panic    0x0000000010007cea       0x32 zephyr/libzephyr.a(log_backend_uart.c.obj)
 .text.dropped  0x0000000010007d1c        0xe zephyr/libzephyr.a(log_backend_uart.c.obj)
 .text.process  0x0000000010007d2a       0x1c zephyr/libzephyr.a(log_backend_uart.c.obj)
 .text.get_ep_bm_from_addr
                0x0000000010007d46       0x26 zephyr/libzephyr.a(usb_device.c.obj)
 .text.usb_device_init
                0x0000000010007d6c        0xa zephyr/libzephyr.a(usb_device.c.obj)
 .text.usb_get_dev_data_by_cfg
                0x0000000010007d76       0x16 zephyr/libzephyr.a(usb_descriptor.c.obj)
                0x0000000010007d76                usb_get_dev_data_by_cfg
 .text.usb_get_dev_data_by_iface
                0x0000000010007d8c       0x1a zephyr/libzephyr.a(usb_descriptor.c.obj)
                0x0000000010007d8c                usb_get_dev_data_by_iface
 .text.usb_get_dev_data_by_ep
                0x0000000010007da6       0x2a zephyr/libzephyr.a(usb_descriptor.c.obj)
                0x0000000010007da6                usb_get_dev_data_by_ep
 .text.usb_transfer_is_busy
                0x0000000010007dd0       0x16 zephyr/libzephyr.a(usb_transfer.c.obj)
                0x0000000010007dd0                usb_transfer_is_busy
 .text.cdc_interface_config
                0x0000000010007de6       0x1a zephyr/libzephyr.a(cdc_acm.c.obj)
 .text.cdc_acm_irq_callback_work_handler
                0x0000000010007e00       0x12 zephyr/libzephyr.a(cdc_acm.c.obj)
 .text.cdc_acm_irq_tx_disable
                0x0000000010007e12        0xa zephyr/libzephyr.a(cdc_acm.c.obj)
 .text.cdc_acm_irq_tx_ready
                0x0000000010007e1c       0x2a zephyr/libzephyr.a(cdc_acm.c.obj)
 .text.cdc_acm_irq_rx_disable
                0x0000000010007e46        0xa zephyr/libzephyr.a(cdc_acm.c.obj)
 .text.cdc_acm_irq_rx_ready
                0x0000000010007e50       0x14 zephyr/libzephyr.a(cdc_acm.c.obj)
 .text.cdc_acm_irq_is_pending
                0x0000000010007e64       0x1c zephyr/libzephyr.a(cdc_acm.c.obj)
 .text.cdc_acm_irq_callback_set
                0x0000000010007e80        0x6 zephyr/libzephyr.a(cdc_acm.c.obj)
 .text.cdc_acm_configure
                0x0000000010007e86       0x1a zephyr/libzephyr.a(cdc_acm.c.obj)
 .text.cdc_acm_config_get
                0x0000000010007ea0       0x56 zephyr/libzephyr.a(cdc_acm.c.obj)
 .text.cdc_acm_fifo_read
                0x0000000010007ef6       0x4e zephyr/libzephyr.a(cdc_acm.c.obj)
 .text.cdc_acm_poll_in
                0x0000000010007f44       0x12 zephyr/libzephyr.a(cdc_acm.c.obj)
 .text.cdc_acm_irq_update
                0x0000000010007f56       0x36 zephyr/libzephyr.a(cdc_acm.c.obj)
 .text.arch_early_memset
                0x0000000010007f8c        0x8 zephyr/arch/common/libarch__common.a(init.c.obj)
                0x0000000010007f8c                arch_early_memset
 .text.arch_early_memcpy
                0x0000000010007f94        0x8 zephyr/arch/common/libarch__common.a(init.c.obj)
                0x0000000010007f94                arch_early_memcpy
 .text.z_do_kernel_oops
                0x0000000010007f9c        0xc zephyr/arch/arch/arm/core/libarch__arm__core.a(fatal.c.obj)
                0x0000000010007f9c                z_do_kernel_oops
 .text.z_arm_nmi
                0x0000000010007fa8        0xc zephyr/arch/arch/arm/core/libarch__arm__core.a(nmi.c.obj)
                0x0000000010007fa8                z_arm_nmi
 .text.z_irq_spurious
                0x0000000010007fb4        0xc zephyr/arch/arch/arm/core/cortex_m/libarch__arm__core__cortex_m.a(irq_manage.c.obj)
                0x0000000010007fb4                z_irq_spurious
 .text.z_prep_c
                0x0000000010007fc0       0x16 zephyr/arch/arch/arm/core/cortex_m/libarch__arm__core__cortex_m.a(prep_c.c.obj)
                0x0000000010007fc0                z_prep_c
 .text.arch_coprocessors_disable
                0x0000000010007fd6        0x6 zephyr/arch/arch/arm/core/cortex_m/libarch__arm__core__cortex_m.a(thread.c.obj)
                0x0000000010007fd6                arch_coprocessors_disable
 .text.arch_irq_unlock_outlined
                0x0000000010007fdc        0xc zephyr/arch/arch/arm/core/cortex_m/libarch__arm__core__cortex_m.a(thread.c.obj)
                0x0000000010007fdc                arch_irq_unlock_outlined
 .text.arch_cpu_idle
                0x0000000010007fe8        0xe zephyr/arch/arch/arm/core/cortex_m/libarch__arm__core__cortex_m.a(cpu_idle.c.obj)
                0x0000000010007fe8                arch_cpu_idle
 .text.__assert_no_args
                0x0000000010007ff6        0x6 zephyr/lib/libc/picolibc/liblib__libc__picolibc.a(assert.c.obj)
                0x0000000010007ff6                __assert_no_args
 .text.cbputc   0x0000000010007ffc        0xc zephyr/lib/libc/picolibc/liblib__libc__picolibc.a(cbprintf.c.obj)
 .text.picolibc_put
                0x0000000010008008        0xa zephyr/lib/libc/picolibc/liblib__libc__picolibc.a(stdio.c.obj)
 .text.z_log_msg_simple_create_0
                0x0000000010008012        0x8 zephyr/drivers/usb/device/libdrivers__usb__device.a(usb_dc_rpi_pico.c.obj)
 .text.usb_dc_ep_set_callback
                0x000000001000801a       0x18 zephyr/drivers/usb/device/libdrivers__usb__device.a(usb_dc_rpi_pico.c.obj)
                0x000000001000801a                usb_dc_ep_set_callback
 .text.usb_dc_ep_start_read
                0x0000000010008032       0x1e zephyr/drivers/usb/device/libdrivers__usb__device.a(usb_dc_rpi_pico.c.obj)
                0x0000000010008032                usb_dc_ep_start_read
 .text.usb_dc_ep_configure
                0x0000000010008050       0x20 zephyr/drivers/usb/device/libdrivers__usb__device.a(usb_dc_rpi_pico.c.obj)
                0x0000000010008050                usb_dc_ep_configure
 .text.usb_dc_ep_clear_stall
                0x0000000010008070       0x2a zephyr/drivers/usb/device/libdrivers__usb__device.a(usb_dc_rpi_pico.c.obj)
                0x0000000010008070                usb_dc_ep_clear_stall
 .text.usb_dc_ep_is_stalled
                0x000000001000809a       0x1e zephyr/drivers/usb/device/libdrivers__usb__device.a(usb_dc_rpi_pico.c.obj)
                0x000000001000809a                usb_dc_ep_is_stalled
 .text.usb_dc_ep_disable
                0x00000000100080b8       0x2a zephyr/drivers/usb/device/libdrivers__usb__device.a(usb_dc_rpi_pico.c.obj)
                0x00000000100080b8                usb_dc_ep_disable
 .text.udc_rpi_get_ep_buffer_len
                0x00000000100080e2       0x10 zephyr/drivers/usb/device/libdrivers__usb__device.a(usb_dc_rpi_pico.c.obj)
                0x00000000100080e2                udc_rpi_get_ep_buffer_len
 .text.usb_dc_ep_read
                0x00000000100080f2       0x26 zephyr/drivers/usb/device/libdrivers__usb__device.a(usb_dc_rpi_pico.c.obj)
                0x00000000100080f2                usb_dc_ep_read
 .text.usb_dc_ep_mps
                0x0000000010008118       0x14 zephyr/drivers/usb/device/libdrivers__usb__device.a(usb_dc_rpi_pico.c.obj)
                0x0000000010008118                usb_dc_ep_mps
 .text.rpi_pico_is_clock_enabled.isra.0
                0x000000001000812c       0x5e zephyr/drivers/clock_control/libdrivers__clock_control.a(clock_control_rpi_pico.c.obj)
 .text.clock_control_rpi_pico_get_status
                0x000000001000818a       0x18 zephyr/drivers/clock_control/libdrivers__clock_control.a(clock_control_rpi_pico.c.obj)
 .text.clock_control_rpi_pico_get_rate
                0x00000000100081a2       0x1e zephyr/drivers/clock_control/libdrivers__clock_control.a(clock_control_rpi_pico.c.obj)
 .text.rpi_pico_clkid_tuple_reorder_by_dependencies
                0x00000000100081c0       0x66 zephyr/drivers/clock_control/libdrivers__clock_control.a(clock_control_rpi_pico.c.obj)
                0x00000000100081c0                rpi_pico_clkid_tuple_reorder_by_dependencies
 .text.gpio_rpi_port_get_raw
                0x0000000010008226        0xc zephyr/drivers/gpio/libdrivers__gpio.a(gpio_rpi_pico.c.obj)
 .text.gpio_rpi_port_set_bits_raw
                0x0000000010008232       0x2c zephyr/drivers/gpio/libdrivers__gpio.a(gpio_rpi_pico.c.obj)
 .text.gpio_rpi_port_clear_bits_raw
                0x000000001000825e       0x2c zephyr/drivers/gpio/libdrivers__gpio.a(gpio_rpi_pico.c.obj)
 .text.gpio_rpi_port_toggle_bits
                0x000000001000828a       0x18 zephyr/drivers/gpio/libdrivers__gpio.a(gpio_rpi_pico.c.obj)
 .text.gpio_rpi_manage_callback
                0x00000000100082a2       0x58 zephyr/drivers/gpio/libdrivers__gpio.a(gpio_rpi_pico.c.obj)
 .text.gpio_rpi_bank_init
                0x00000000100082fa       0x10 zephyr/drivers/gpio/libdrivers__gpio.a(gpio_rpi_pico.c.obj)
 .text.gpio_rpi_pin_interrupt_configure
                0x000000001000830a       0x46 zephyr/drivers/gpio/libdrivers__gpio.a(gpio_rpi_pico.c.obj)
 .text.bank_0_config_func
                0x0000000010008350       0x14 zephyr/drivers/gpio/libdrivers__gpio.a(gpio_rpi_pico.c.obj)
 .text.gpio_rpi_port_set_masked_raw
                0x0000000010008364       0x3c zephyr/drivers/gpio/libdrivers__gpio.a(gpio_rpi_pico.c.obj)
 .text.z_impl_hwinfo_get_device_id
                0x00000000100083a0       0x30 zephyr/drivers/hwinfo/libdrivers__hwinfo.a(hwinfo_rpi_pico.c.obj)
                0x00000000100083a0                z_impl_hwinfo_get_device_id
 .text.gpio_pin_get
                0x00000000100083d0       0x24 zephyr/drivers/input/libdrivers__input.a(input_gpio_keys.c.obj)
 .text.gpio_keys_interrupt
                0x00000000100083f4       0x24 zephyr/drivers/input/libdrivers__input.a(input_gpio_keys.c.obj)
 .text.pinctrl_lookup_state
                0x0000000010008418       0x26 zephyr/drivers/pinctrl/libdrivers__pinctrl.a(common.c.obj)
                0x0000000010008418                pinctrl_lookup_state
 .text.pinctrl_configure_pins
                0x000000001000843e       0xc0 zephyr/drivers/pinctrl/libdrivers__pinctrl.a(pinctrl_rpi_pico.c.obj)
                0x000000001000843e                pinctrl_configure_pins
 .text.pwr_on_raspberrypi_pico_uart
                0x00000000100084fe        0x4 zephyr/drivers/serial/libdrivers__serial.a(uart_pl011.c.obj)
 .text.clk_enable_raspberrypi_pico_uart
                0x0000000010008502        0x4 zephyr/drivers/serial/libdrivers__serial.a(uart_pl011.c.obj)
 .text.pl011_poll_out
                0x0000000010008506       0x10 zephyr/drivers/serial/libdrivers__serial.a(uart_pl011.c.obj)
 .text.pl011_err_check
                0x0000000010008516       0x24 zephyr/drivers/serial/libdrivers__serial.a(uart_pl011.c.obj)
 .text.pl011_runtime_config_get
                0x000000001000853a        0xc zephyr/drivers/serial/libdrivers__serial.a(uart_pl011.c.obj)
 .text.pl011_fifo_fill
                0x0000000010008546       0x20 zephyr/drivers/serial/libdrivers__serial.a(uart_pl011.c.obj)
 .text.pl011_fifo_read
                0x0000000010008566       0x20 zephyr/drivers/serial/libdrivers__serial.a(uart_pl011.c.obj)
 .text.pl011_irq_tx_enable
                0x0000000010008586       0x46 zephyr/drivers/serial/libdrivers__serial.a(uart_pl011.c.obj)
 .text.pl011_irq_tx_disable
                0x00000000100085cc       0x14 zephyr/drivers/serial/libdrivers__serial.a(uart_pl011.c.obj)
 .text.pl011_irq_tx_complete
                0x00000000100085e0        0xe zephyr/drivers/serial/libdrivers__serial.a(uart_pl011.c.obj)
 .text.pl011_irq_tx_ready
                0x00000000100085ee       0x34 zephyr/drivers/serial/libdrivers__serial.a(uart_pl011.c.obj)
 .text.pl011_irq_rx_enable
                0x0000000010008622        0xe zephyr/drivers/serial/libdrivers__serial.a(uart_pl011.c.obj)
 .text.pl011_irq_rx_disable
                0x0000000010008630        0xe zephyr/drivers/serial/libdrivers__serial.a(uart_pl011.c.obj)
 .text.pl011_irq_rx_ready
                0x000000001000863e       0x2c zephyr/drivers/serial/libdrivers__serial.a(uart_pl011.c.obj)
 .text.pl011_irq_err_enable
                0x000000001000866a       0x10 zephyr/drivers/serial/libdrivers__serial.a(uart_pl011.c.obj)
 .text.pl011_irq_is_pending
                0x000000001000867a       0x1c zephyr/drivers/serial/libdrivers__serial.a(uart_pl011.c.obj)
 .text.pl011_irq_update
                0x0000000010008696        0x4 zephyr/drivers/serial/libdrivers__serial.a(uart_pl011.c.obj)
 .text.pl011_irq_callback_set
                0x000000001000869a        0x8 zephyr/drivers/serial/libdrivers__serial.a(uart_pl011.c.obj)
 .text.pl011_isr
                0x00000000100086a2       0x22 zephyr/drivers/serial/libdrivers__serial.a(uart_pl011.c.obj)
                0x00000000100086a2                pl011_isr
 .text.pl011_irq_config_func_0
                0x00000000100086c4       0x14 zephyr/drivers/serial/libdrivers__serial.a(uart_pl011.c.obj)
 .text.pl011_runtime_configure
                0x00000000100086d8        0xa zephyr/drivers/serial/libdrivers__serial.a(uart_pl011.c.obj)
 .text.clock_configure
                0x00000000100086e2       0x5c modules/hal_rpi_pico/libmodules__hal_rpi_pico.a(clocks.c.obj)
                0x00000000100086e2                clock_configure
 .text.gpio_init
                0x000000001000873e       0x16 modules/hal_rpi_pico/libmodules__hal_rpi_pico.a(gpio.c.obj)
                0x000000001000873e                gpio_init
 .text.flash_get_unique_id
                0x0000000010008754       0x42 modules/hal_rpi_pico/libmodules__hal_rpi_pico.a(flash.c.obj)
                0x0000000010008754                flash_get_unique_id
 .text.do_device_init
                0x0000000010008796       0x32 zephyr/kernel/libkernel.a(device.c.obj)
                0x0000000010008796                do_device_init
 .text.z_impl_device_is_ready
                0x00000000100087c8       0x1a zephyr/kernel/libkernel.a(device.c.obj)
                0x00000000100087c8                z_impl_device_is_ready
 .text.arch_system_halt
                0x00000000100087e2        0x8 zephyr/kernel/libkernel.a(fatal.c.obj)
                0x00000000100087e2                arch_system_halt
 .text.idle     0x00000000100087ea        0xe zephyr/kernel/libkernel.a(idle.c.obj)
                0x00000000100087ea                idle
 .text.unpend_thread_no_timeout
                0x00000000100087f8       0x1a zephyr/kernel/libkernel.a(msg_q.c.obj)
 .text.z_impl_k_msgq_put
                0x0000000010008812        0xc zephyr/kernel/libkernel.a(msg_q.c.obj)
                0x0000000010008812                z_impl_k_msgq_put
 .text.adjust_owner_prio.isra.0
                0x000000001000881e       0x16 zephyr/kernel/libkernel.a(mutex.c.obj)
 .text.z_impl_k_sem_init
                0x0000000010008834       0x1a zephyr/kernel/libkernel.a(sem.c.obj)
                0x0000000010008834                z_impl_k_sem_init
 .text.flag_test_and_clear
                0x000000001000884e       0x18 zephyr/kernel/libkernel.a(work.c.obj)
 .text.unschedule_locked
                0x0000000010008866       0x20 zephyr/kernel/libkernel.a(work.c.obj)
 .text.notify_queue_locked.isra.0
                0x0000000010008886       0x12 zephyr/kernel/libkernel.a(work.c.obj)
 .text.work_timeout
                0x0000000010008898       0x34 zephyr/kernel/libkernel.a(work.c.obj)
 .text.k_work_init
                0x00000000100088cc       0x12 zephyr/kernel/libkernel.a(work.c.obj)
                0x00000000100088cc                k_work_init
 .text.z_work_submit_to_queue
                0x00000000100088de       0x1e zephyr/kernel/libkernel.a(work.c.obj)
                0x00000000100088de                z_work_submit_to_queue
 .text.k_work_submit_to_queue
                0x00000000100088fc       0x18 zephyr/kernel/libkernel.a(work.c.obj)
                0x00000000100088fc                k_work_submit_to_queue
 .text.k_work_init_delayable
                0x0000000010008914       0x18 zephyr/kernel/libkernel.a(work.c.obj)
                0x0000000010008914                k_work_init_delayable
 .text.k_is_in_isr
                0x000000001000892c        0xc zephyr/kernel/libkernel.a(thread.c.obj)
                0x000000001000892c                k_is_in_isr
 .text.z_impl_k_thread_name_set
                0x0000000010008938        0x6 zephyr/kernel/libkernel.a(thread.c.obj)
                0x0000000010008938                z_impl_k_thread_name_set
 .text.k_thread_name_get
                0x000000001000893e        0x4 zephyr/kernel/libkernel.a(thread.c.obj)
                0x000000001000893e                k_thread_name_get
 .text.sys_dlist_remove
                0x0000000010008942       0x10 zephyr/kernel/libkernel.a(sched.c.obj)
 .text.unpend_thread_no_timeout
                0x0000000010008952       0x16 zephyr/kernel/libkernel.a(sched.c.obj)
 .text.add_to_waitq_locked
                0x0000000010008968       0x52 zephyr/kernel/libkernel.a(sched.c.obj)
 .text.z_ready_thread
                0x00000000100089ba       0x18 zephyr/kernel/libkernel.a(sched.c.obj)
                0x00000000100089ba                z_ready_thread
 .text.z_unpend_thread_no_timeout
                0x00000000100089d2       0x1e zephyr/kernel/libkernel.a(sched.c.obj)
                0x00000000100089d2                z_unpend_thread_no_timeout
 .text.z_sched_wake_thread
                0x00000000100089f0       0x36 zephyr/kernel/libkernel.a(sched.c.obj)
                0x00000000100089f0                z_sched_wake_thread
 .text.z_thread_timeout
                0x0000000010008a26        0xc zephyr/kernel/libkernel.a(sched.c.obj)
                0x0000000010008a26                z_thread_timeout
 .text.z_unpend1_no_timeout
                0x0000000010008a32       0x2a zephyr/kernel/libkernel.a(sched.c.obj)
                0x0000000010008a32                z_unpend1_no_timeout
 .text.z_impl_k_usleep
                0x0000000010008a5c       0x22 zephyr/kernel/libkernel.a(sched.c.obj)
                0x0000000010008a5c                z_impl_k_usleep
 .text.z_sched_wake
                0x0000000010008a7e       0x3c zephyr/kernel/libkernel.a(sched.c.obj)
                0x0000000010008a7e                z_sched_wake
 .text.z_abort_timeout
                0x0000000010008aba       0x4c zephyr/kernel/libkernel.a(timeout.c.obj)
                0x0000000010008aba                z_abort_timeout
 .text.sys_clock_tick_get_32
                0x0000000010008b06        0x8 zephyr/kernel/libkernel.a(timeout.c.obj)
                0x0000000010008b06                sys_clock_tick_get_32
 .text.z_impl_k_uptime_ticks
                0x0000000010008b0e        0x8 zephyr/kernel/libkernel.a(timeout.c.obj)
                0x0000000010008b0e                z_impl_k_uptime_ticks
 .text.k_timer_init
                0x0000000010008b16       0x18 zephyr/kernel/libkernel.a(timer.c.obj)
                0x0000000010008b16                k_timer_init
 .text.z_impl_k_timer_stop
                0x0000000010008b2e       0x32 zephyr/kernel/libkernel.a(timer.c.obj)
                0x0000000010008b2e                z_impl_k_timer_stop
 .text.z_impl_atomic_cas
                0x0000000010008b60       0x26 zephyr/kernel/libkernel.a(atomic_c.c.obj)
                0x0000000010008b60                z_impl_atomic_cas
 .text.z_impl_atomic_add
                0x0000000010008b86       0x1a zephyr/kernel/libkernel.a(atomic_c.c.obj)
                0x0000000010008b86                z_impl_atomic_add
 .text.z_impl_atomic_sub
                0x0000000010008ba0       0x1a zephyr/kernel/libkernel.a(atomic_c.c.obj)
                0x0000000010008ba0                z_impl_atomic_sub
 .text.z_impl_atomic_set
                0x0000000010008bba       0x18 zephyr/kernel/libkernel.a(atomic_c.c.obj)
                0x0000000010008bba                z_impl_atomic_set
 .text.k_heap_init
                0x0000000010008bd2       0x10 zephyr/kernel/libkernel.a(kheap.c.obj)
                0x0000000010008bd2                k_heap_init
 .text.memcpy   0x0000000010008be2       0x12 /home/ezhil/zephyr-sdk-0.17.4/arm-zephyr-eabi/bin/../lib/gcc/../../picolibc/arm-zephyr-eabi/lib/thumb/v6-m/nofp/libc.a(memcpy.c.o)
                0x0000000010008be2                memcpy
                0x0000000010008be2                __aeabi_memcpy
                0x0000000010008be2                __aeabi_memcpy4
                0x0000000010008be2                __aeabi_memcpy8
 .text.memset   0x0000000010008bf4       0x10 /home/ezhil/zephyr-sdk-0.17.4/arm-zephyr-eabi/bin/../lib/gcc/../../picolibc/arm-zephyr-eabi/lib/thumb/v6-m/nofp/libc.a(memset.c.o)
                0x0000000010008bf4                memset
 .text.strnlen  0x0000000010008c04       0x16 /home/ezhil/zephyr-sdk-0.17.4/arm-zephyr-eabi/bin/../lib/gcc/../../picolibc/arm-zephyr-eabi/lib/thumb/v6-m/nofp/libc.a(libc_string_strnlen.c.o)
                0x0000000010008c04                strnlen
 .text.__ultoa_invert
                0x0000000010008c1a      0x10e /home/ezhil/zephyr-sdk-0.17.4/arm-zephyr-eabi/bin/../lib/gcc/../../picolibc/arm-zephyr-eabi/lib/thumb/v6-m/nofp/libc.a(libc_tinystdio_vflprintf.c.o)
 .text.__file_str_put
                0x0000000010008d28       0x10 /home/ezhil/zephyr-sdk-0.17.4/arm-zephyr-eabi/bin/../lib/gcc/../../picolibc/arm-zephyr-eabi/lib/thumb/v6-m/nofp/libc.a(libc_tinystdio_filestrput.c.o)
                0x0000000010008d28                __file_str_put
 *(SORT_BY_ALIGNMENT(.TEXT.*))
 .TEXT.__aeabi_read_tp
                0x0000000010008d38        0xc zephyr/arch/arch/arm/core/cortex_m/libarch__arm__core__cortex_m.a(__aeabi_read_tp.S.obj)
                0x0000000010008d38                __aeabi_read_tp
 *fill*         0x0000000010008d44        0x4 
 .TEXT.__aeabi_read_tp.__stub
                0x0000000010008d48       0x10 linker stubs
 *(SORT_BY_ALIGNMENT(.gnu.linkonce.t.*))
 *(SORT_BY_ALIGNMENT(.glue_7t))
 .glue_7t       0x0000000010008d58        0x0 linker stubs
 *(SORT_BY_ALIGNMENT(.glue_7))
 .glue_7        0x0000000010008d58        0x0 linker stubs
 *(SORT_BY_ALIGNMENT(.vfp11_veneer))
 .vfp11_veneer  0x0000000010008d58        0x0 linker stubs
 *(SORT_BY_ALIGNMENT(.v4_bx))
 .v4_bx         0x0000000010008d58        0x0 linker stubs
                0x0000000010008d58                . = ALIGN (0x4)
                0x0000000010008d58                __text_region_end = .

.ARM.exidx      0x0000000010008d58        0x8
                0x0000000010008d58                __exidx_start = .
 *(SORT_BY_ALIGNMENT(.ARM.exidx*) SORT_BY_ALIGNMENT(gnu.linkonce.armexidx.*))
 .ARM.exidx     0x0000000010008d58        0x8 /home/ezhil/zephyr-sdk-0.17.4/arm-zephyr-eabi/bin/../lib/gcc/arm-zephyr-eabi/12.2.0/thumb/v6-m/nofp/libgcc.a(_udivmoddi4.o)
                0x0000000010008d60                __exidx_end = .
                0x0000000010008d60                __rodata_region_start = .

initlevel       0x0000000010008d60       0x88
                0x0000000010008d60                __init_start = .
                0x0000000010008d60                __init_EARLY_start = .
 *(SORT_BY_NAME(SORT_BY_ALIGNMENT(.z_init_EARLY_P_?_*)))
 *(SORT_BY_NAME(SORT_BY_ALIGNMENT(.z_init_EARLY_P_??_*)))
 *(SORT_BY_NAME(SORT_BY_ALIGNMENT(.z_init_EARLY_P_???_*)))
                0x0000000010008d60                __init_PRE_KERNEL_1_start = .
 *(SORT_BY_NAME(SORT_BY_ALIGNMENT(.z_init_PRE_KERNEL_1_P_?_*)))
 *(SORT_BY_NAME(SORT_BY_ALIGNMENT(.z_init_PRE_KERNEL_1_P_??_*)))
 .z_init_PRE_KERNEL_1_P_30_SUB_00025_
                0x0000000010008d60        0x8 zephyr/drivers/clock_control/libdrivers__clock_control.a(clock_control_rpi_pico.c.obj)
 .z_init_PRE_KERNEL_1_P_30_SUB_0_
                0x0000000010008d68        0x8 zephyr/kernel/libkernel.a(kheap.c.obj)
 .z_init_PRE_KERNEL_1_P_35_SUB_00027_
                0x0000000010008d70        0x8 zephyr/drivers/reset/libdrivers__reset.a(reset_rpi_pico.c.obj)
 .z_init_PRE_KERNEL_1_P_50_SUB_00070_
                0x0000000010008d78        0x8 zephyr/drivers/serial/libdrivers__serial.a(uart_pl011.c.obj)
 .z_init_PRE_KERNEL_1_P_50_SUB_00080_
                0x0000000010008d80        0x8 zephyr/libzephyr.a(cdc_acm.c.obj)
 .z_init_PRE_KERNEL_1_P_60_SUB_0_
                0x0000000010008d88        0x8 zephyr/drivers/console/libdrivers__console.a(uart_console.c.obj)
 *(SORT_BY_NAME(SORT_BY_ALIGNMENT(.z_init_PRE_KERNEL_1_P_???_*)))
                0x0000000010008d90                __init_PRE_KERNEL_2_start = .
 *(SORT_BY_NAME(SORT_BY_ALIGNMENT(.z_init_PRE_KERNEL_2_P_?_*)))
 .z_init_PRE_KERNEL_2_P_0_SUB_0_
                0x0000000010008d90        0x8 zephyr/drivers/timer/libdrivers__timer.a(cortex_m_systick.c.obj)
 *(SORT_BY_NAME(SORT_BY_ALIGNMENT(.z_init_PRE_KERNEL_2_P_??_*)))
 *(SORT_BY_NAME(SORT_BY_ALIGNMENT(.z_init_PRE_KERNEL_2_P_???_*)))
                0x0000000010008d98                __init_POST_KERNEL_start = .
 *(SORT_BY_NAME(SORT_BY_ALIGNMENT(.z_init_POST_KERNEL_P_?_*)))
 .z_init_POST_KERNEL_P_0_SUB_0_
                0x0000000010008d98        0x8 zephyr/libzephyr.a(log_core.c.obj)
 *(SORT_BY_NAME(SORT_BY_ALIGNMENT(.z_init_POST_KERNEL_P_??_*)))
 .z_init_POST_KERNEL_P_35_SUB_0_
                0x0000000010008da0        0x8 zephyr/lib/libc/common/liblib__libc__common.a(malloc.c.obj)
 .z_init_POST_KERNEL_P_40_SUB_00035_
                0x0000000010008da8        0x8 zephyr/drivers/gpio/libdrivers__gpio.a(gpio_rpi_pico.c.obj)
 .z_init_POST_KERNEL_P_40_SUB_00038_
                0x0000000010008db0        0x8 modules/button/drivers/button/lib..__modules__button__drivers__button.a(button.c.obj)
 .z_init_POST_KERNEL_P_40_SUB_00040_
                0x0000000010008db8        0x8 modules/button/drivers/button/lib..__modules__button__drivers__button.a(button.c.obj)
 .z_init_POST_KERNEL_P_40_SUB_0_
                0x0000000010008dc0        0x8 zephyr/libzephyr.a(usb_work_q.c.obj)
 .z_init_POST_KERNEL_P_40_SUB_0_
                0x0000000010008dc8        0x8 zephyr/kernel/libkernel.a(system_work_q.c.obj)
 .z_init_POST_KERNEL_P_50_SUB_0_
                0x0000000010008dd0        0x8 zephyr/drivers/usb/device/libdrivers__usb__device.a(usb_dc_rpi_pico.c.obj)
 .z_init_POST_KERNEL_P_90_SUB_00036_
                0x0000000010008dd8        0x8 zephyr/drivers/input/libdrivers__input.a(input_gpio_keys.c.obj)
 .z_init_POST_KERNEL_P_90_SUB_0_
                0x0000000010008de0        0x8 zephyr/libzephyr.a(usb_device.c.obj)
 *(SORT_BY_NAME(SORT_BY_ALIGNMENT(.z_init_POST_KERNEL_P_???_*)))
                0x0000000010008de8                __init_APPLICATION_start = .
 *(SORT_BY_NAME(SORT_BY_ALIGNMENT(.z_init_APPLICATION_P_?_*)))
 *(SORT_BY_NAME(SORT_BY_ALIGNMENT(.z_init_APPLICATION_P_??_*)))
 *(SORT_BY_NAME(SORT_BY_ALIGNMENT(.z_init_APPLICATION_P_???_*)))
                0x0000000010008de8                __init_SMP_start = .
 *(SORT_BY_NAME(SORT_BY_ALIGNMENT(.z_init_SMP_P_?_*)))
 *(SORT_BY_NAME(SORT_BY_ALIGNMENT(.z_init_SMP_P_??_*)))
 *(SORT_BY_NAME(SORT_BY_ALIGNMENT(.z_init_SMP_P_???_*)))
                0x0000000010008de8                __init_end = .

device_area     0x0000000010008de8       0xe0
                0x0000000010008de8                _device_list_start = .
 *(SORT_BY_NAME(SORT_BY_ALIGNMENT(._device.static.*_?_*)))
 *(SORT_BY_NAME(SORT_BY_ALIGNMENT(._device.static.*_??_*)))
 ._device.static.1_30_
                0x0000000010008de8       0x1c zephyr/drivers/clock_control/libdrivers__clock_control.a(clock_control_rpi_pico.c.obj)
                0x0000000010008de8                __device_dts_ord_25
 ._device.static.1_35_
                0x0000000010008e04       0x1c zephyr/drivers/reset/libdrivers__reset.a(reset_rpi_pico.c.obj)
                0x0000000010008e04                __device_dts_ord_27
 ._device.static.1_50_
                0x0000000010008e20       0x1c zephyr/libzephyr.a(cdc_acm.c.obj)
                0x0000000010008e20                __device_dts_ord_80
 ._device.static.1_50_
                0x0000000010008e3c       0x1c zephyr/drivers/serial/libdrivers__serial.a(uart_pl011.c.obj)
                0x0000000010008e3c                __device_dts_ord_70
 ._device.static.3_40_
                0x0000000010008e58       0x1c zephyr/drivers/gpio/libdrivers__gpio.a(gpio_rpi_pico.c.obj)
                0x0000000010008e58                __device_dts_ord_35
 ._device.static.3_40_
                0x0000000010008e74       0x38 modules/button/drivers/button/lib..__modules__button__drivers__button.a(button.c.obj)
                0x0000000010008e74                __device_dts_ord_40
                0x0000000010008e90                __device_dts_ord_38
 ._device.static.3_90_
                0x0000000010008eac       0x1c zephyr/drivers/input/libdrivers__input.a(input_gpio_keys.c.obj)
                0x0000000010008eac                __device_dts_ord_36
 *(SORT_BY_NAME(SORT_BY_ALIGNMENT(._device.static.*_???_*)))
 *(SORT_BY_NAME(SORT_BY_ALIGNMENT(._device.static.*_????_*)))
 *(SORT_BY_NAME(SORT_BY_ALIGNMENT(._device.static.*_?????_*)))
                0x0000000010008ec8                _device_list_end = .

sw_isr_table    0x0000000010008ec8       0xd0
                0x0000000010008ec8                . = ALIGN (0x4)
 *(SORT_BY_ALIGNMENT(.gnu.linkonce.sw_isr_table*))
 .gnu.linkonce.sw_isr_table
                0x0000000010008ec8       0xd0 zephyr/arch/common/libisr_tables.a(isr_tables.c.obj)
                0x0000000010008ec8                _sw_isr_table

initlevel_error
                0x0000000010008d60        0x0
 *(SORT_BY_NAME(SORT_BY_ALIGNMENT(.z_init_*)))
                0x0000000000000001                ASSERT ((SIZEOF (initlevel_error) == 0x0), Undefined initialization levels used.)

app_shmem_regions
                0x0000000010008f98        0x0
                0x0000000010008f98                __app_shmem_regions_start = .
 *(SORT_BY_NAME(SORT_BY_ALIGNMENT(.app_regions.*)))
                0x0000000010008f98                __app_shmem_regions_end = .

k_p4wq_initparam_area
                0x0000000010008f98        0x0
                0x0000000010008f98                _k_p4wq_initparam_list_start = .
 *(SORT_BY_NAME(SORT_BY_ALIGNMENT(._k_p4wq_initparam.static.*)))
                0x0000000010008f98                _k_p4wq_initparam_list_end = .

_static_thread_data_area
                0x0000000010008f98       0x30
                0x0000000010008f98                __static_thread_data_list_start = .
 *(SORT_BY_NAME(SORT_BY_ALIGNMENT(.__static_thread_data.static.*)))
 .__static_thread_data.static._k_thread_data_input_
                0x0000000010008f98       0x30 zephyr/subsys/input/libsubsys__input.a(input.c.obj)
                0x0000000010008f98                _k_thread_data_input
                0x0000000010008fc8                __static_thread_data_list_end = .

device_deps     0x0000000010008fc8        0x0
                0x0000000010008fc8                __device_deps_start = .
 *(SORT_BY_NAME(SORT_BY_ALIGNMENT(.__device_deps_pass2*)))
                0x0000000010008fc8                __device_deps_end = .

gpio_driver_api_area
                0x0000000010008fc8       0x24
                0x0000000010008fc8                _gpio_driver_api_list_start = .
 *(SORT_BY_NAME(SORT_BY_ALIGNMENT(._gpio_driver_api.static.*)))
 ._gpio_driver_api.static.gpio_rpi_driver_api_
                0x0000000010008fc8       0x24 zephyr/drivers/gpio/libdrivers__gpio.a(gpio_rpi_pico.c.obj)
                0x0000000010008fec                _gpio_driver_api_list_end = .

reset_driver_api_area
                0x0000000010008fec       0x10
                0x0000000010008fec                _reset_driver_api_list_start = .
 *(SORT_BY_NAME(SORT_BY_ALIGNMENT(._reset_driver_api.static.*)))
 ._reset_driver_api.static.reset_rpi_driver_api_
                0x0000000010008fec       0x10 zephyr/drivers/reset/libdrivers__reset.a(reset_rpi_pico.c.obj)
                0x0000000010008ffc                _reset_driver_api_list_end = .

shared_irq_driver_api_area
                0x0000000010008ffc        0x0
                0x0000000010008ffc                _shared_irq_driver_api_list_start = .
 *(SORT_BY_NAME(SORT_BY_ALIGNMENT(._shared_irq_driver_api.static.*)))
                0x0000000010008ffc                _shared_irq_driver_api_list_end = .

crypto_driver_api_area
                0x0000000010008ffc        0x0
                0x0000000010008ffc                _crypto_driver_api_list_start = .
 *(SORT_BY_NAME(SORT_BY_ALIGNMENT(._crypto_driver_api.static.*)))
                0x0000000010008ffc                _crypto_driver_api_list_end = .

adc_driver_api_area
                0x0000000010008ffc        0x0
                0x0000000010008ffc                _adc_driver_api_list_start = .
 *(SORT_BY_NAME(SORT_BY_ALIGNMENT(._adc_driver_api.static.*)))
                0x0000000010008ffc                _adc_driver_api_list_end = .

auxdisplay_driver_api_area
                0x0000000010008ffc        0x0
                0x0000000010008ffc                _auxdisplay_driver_api_list_start = .
 *(SORT_BY_NAME(SORT_BY_ALIGNMENT(._auxdisplay_driver_api.static.*)))
                0x0000000010008ffc                _auxdisplay_driver_api_list_end = .

bbram_driver_api_area
                0x0000000010008ffc        0x0
                0x0000000010008ffc                _bbram_driver_api_list_start = .
 *(SORT_BY_NAME(SORT_BY_ALIGNMENT(._bbram_driver_api.static.*)))
                0x0000000010008ffc                _bbram_driver_api_list_end = .

bt_hci_driver_api_area
                0x0000000010008ffc        0x0
                0x0000000010008ffc                _bt_hci_driver_api_list_start = .
 *(SORT_BY_NAME(SORT_BY_ALIGNMENT(._bt_hci_driver_api.static.*)))
                0x0000000010008ffc                _bt_hci_driver_api_list_end = .

can_driver_api_area
                0x0000000010008ffc        0x0
                0x0000000010008ffc                _can_driver_api_list_start = .
 *(SORT_BY_NAME(SORT_BY_ALIGNMENT(._can_driver_api.static.*)))
                0x0000000010008ffc                _can_driver_api_list_end = .

cellular_driver_api_area
                0x0000000010008ffc        0x0
                0x0000000010008ffc                _cellular_driver_api_list_start = .
 *(SORT_BY_NAME(SORT_BY_ALIGNMENT(._cellular_driver_api.static.*)))
                0x0000000010008ffc                _cellular_driver_api_list_end = .

charger_driver_api_area
                0x0000000010008ffc        0x0
                0x0000000010008ffc                _charger_driver_api_list_start = .
 *(SORT_BY_NAME(SORT_BY_ALIGNMENT(._charger_driver_api.static.*)))
                0x0000000010008ffc                _charger_driver_api_list_end = .

clock_control_driver_api_area
                0x0000000010008ffc       0x1c
                0x0000000010008ffc                _clock_control_driver_api_list_start = .
 *(SORT_BY_NAME(SORT_BY_ALIGNMENT(._clock_control_driver_api.static.*)))
 ._clock_control_driver_api.static.clock_control_rpi_pico_api_
                0x0000000010008ffc       0x1c zephyr/drivers/clock_control/libdrivers__clock_control.a(clock_control_rpi_pico.c.obj)
                0x0000000010009018                _clock_control_driver_api_list_end = .

comparator_driver_api_area
                0x0000000010009018        0x0
                0x0000000010009018                _comparator_driver_api_list_start = .
 *(SORT_BY_NAME(SORT_BY_ALIGNMENT(._comparator_driver_api.static.*)))
                0x0000000010009018                _comparator_driver_api_list_end = .

coredump_driver_api_area
                0x0000000010009018        0x0
                0x0000000010009018                _coredump_driver_api_list_start = .
 *(SORT_BY_NAME(SORT_BY_ALIGNMENT(._coredump_driver_api.static.*)))
                0x0000000010009018                _coredump_driver_api_list_end = .

counter_driver_api_area
                0x0000000010009018        0x0
                0x0000000010009018                _counter_driver_api_list_start = .
 *(SORT_BY_NAME(SORT_BY_ALIGNMENT(._counter_driver_api.static.*)))
                0x0000000010009018                _counter_driver_api_list_end = .

crc_driver_api_area
                0x0000000010009018        0x0
                0x0000000010009018                _crc_driver_api_list_start = .
 *(SORT_BY_NAME(SORT_BY_ALIGNMENT(._crc_driver_api.static.*)))
                0x0000000010009018                _crc_driver_api_list_end = .

dac_driver_api_area
                0x0000000010009018        0x0
                0x0000000010009018                _dac_driver_api_list_start = .
 *(SORT_BY_NAME(SORT_BY_ALIGNMENT(._dac_driver_api.static.*)))
                0x0000000010009018                _dac_driver_api_list_end = .

dai_driver_api_area
                0x0000000010009018        0x0
                0x0000000010009018                _dai_driver_api_list_start = .
 *(SORT_BY_NAME(SORT_BY_ALIGNMENT(._dai_driver_api.static.*)))
                0x0000000010009018                _dai_driver_api_list_end = .

display_driver_api_area
                0x0000000010009018        0x0
                0x0000000010009018                _display_driver_api_list_start = .
 *(SORT_BY_NAME(SORT_BY_ALIGNMENT(._display_driver_api.static.*)))
                0x0000000010009018                _display_driver_api_list_end = .

dma_driver_api_area
                0x0000000010009018        0x0
                0x0000000010009018                _dma_driver_api_list_start = .
 *(SORT_BY_NAME(SORT_BY_ALIGNMENT(._dma_driver_api.static.*)))
                0x0000000010009018                _dma_driver_api_list_end = .

edac_driver_api_area
                0x0000000010009018        0x0
                0x0000000010009018                _edac_driver_api_list_start = .
 *(SORT_BY_NAME(SORT_BY_ALIGNMENT(._edac_driver_api.static.*)))
                0x0000000010009018                _edac_driver_api_list_end = .

eeprom_driver_api_area
                0x0000000010009018        0x0
                0x0000000010009018                _eeprom_driver_api_list_start = .
 *(SORT_BY_NAME(SORT_BY_ALIGNMENT(._eeprom_driver_api.static.*)))
                0x0000000010009018                _eeprom_driver_api_list_end = .

emul_bbram_driver_api_area
                0x0000000010009018        0x0
                0x0000000010009018                _emul_bbram_driver_api_list_start = .
 *(SORT_BY_NAME(SORT_BY_ALIGNMENT(._emul_bbram_driver_api.static.*)))
                0x0000000010009018                _emul_bbram_driver_api_list_end = .

fuel_gauge_emul_driver_api_area
                0x0000000010009018        0x0
                0x0000000010009018                _fuel_gauge_emul_driver_api_list_start = .
 *(SORT_BY_NAME(SORT_BY_ALIGNMENT(._fuel_gauge_emul_driver_api.static.*)))
                0x0000000010009018                _fuel_gauge_emul_driver_api_list_end = .

emul_sensor_driver_api_area
                0x0000000010009018        0x0
                0x0000000010009018                _emul_sensor_driver_api_list_start = .
 *(SORT_BY_NAME(SORT_BY_ALIGNMENT(._emul_sensor_driver_api.static.*)))
                0x0000000010009018                _emul_sensor_driver_api_list_end = .

entropy_driver_api_area
                0x0000000010009018        0x0
                0x0000000010009018                _entropy_driver_api_list_start = .
 *(SORT_BY_NAME(SORT_BY_ALIGNMENT(._entropy_driver_api.static.*)))
                0x0000000010009018                _entropy_driver_api_list_end = .

espi_driver_api_area
                0x0000000010009018        0x0
                0x0000000010009018                _espi_driver_api_list_start = .
 *(SORT_BY_NAME(SORT_BY_ALIGNMENT(._espi_driver_api.static.*)))
                0x0000000010009018                _espi_driver_api_list_end = .

espi_saf_driver_api_area
                0x0000000010009018        0x0
                0x0000000010009018                _espi_saf_driver_api_list_start = .
 *(SORT_BY_NAME(SORT_BY_ALIGNMENT(._espi_saf_driver_api.static.*)))
                0x0000000010009018                _espi_saf_driver_api_list_end = .

flash_driver_api_area
                0x0000000010009018        0x0
                0x0000000010009018                _flash_driver_api_list_start = .
 *(SORT_BY_NAME(SORT_BY_ALIGNMENT(._flash_driver_api.static.*)))
                0x0000000010009018                _flash_driver_api_list_end = .

fpga_driver_api_area
                0x0000000010009018        0x0
                0x0000000010009018                _fpga_driver_api_list_start = .
 *(SORT_BY_NAME(SORT_BY_ALIGNMENT(._fpga_driver_api.static.*)))
                0x0000000010009018                _fpga_driver_api_list_end = .

fuel_gauge_driver_api_area
                0x0000000010009018        0x0
                0x0000000010009018                _fuel_gauge_driver_api_list_start = .
 *(SORT_BY_NAME(SORT_BY_ALIGNMENT(._fuel_gauge_driver_api.static.*)))
                0x0000000010009018                _fuel_gauge_driver_api_list_end = .

gnss_driver_api_area
                0x0000000010009018        0x0
                0x0000000010009018                _gnss_driver_api_list_start = .
 *(SORT_BY_NAME(SORT_BY_ALIGNMENT(._gnss_driver_api.static.*)))
                0x0000000010009018                _gnss_driver_api_list_end = .

haptics_driver_api_area